10-09 19:25:42.565 25345 25345 D MediaPlayer: MediaPlayer create called
10-09 19:25:42.630 25345 25345 D SHENG   : onCreate startForeground
10-09 19:25:42.633 25345 25345 D onStartCommand: 1633796742633onStartCommand
10-09 19:25:42.633 25345 25565 D PlayerMusicService: 启动后台播放音乐
10-09 19:25:42.635 25345 25345 I FullActivityBroadcast: onReceive: onResume
10-09 19:25:42.637 25345 25345 D LauncherActivity: FullDialog progress=1
10-09 19:25:42.651 25345 25345 D PlayerMusicService: 启动后台播放音乐
10-09 19:25:42.666 25345 25503 D IconCustomizer: Content Ratio = -1.0
10-09 19:25:42.667 25345 25503 D IconCustomizer: Generate customized icon for com.whatsapp.w4b.png
10-09 19:25:42.746 25345 25503 D IconCustomizer: Content Ratio = -1.0
10-09 19:25:42.747 25345 25503 D IconCustomizer: Generate customized icon for com.facebook.mlite.png
10-09 19:25:42.748 25345 25345 D LauncherActivity: FullDialog progress=2
10-09 19:25:42.825 25345 25503 D IconCustomizer: Content Ratio = -1.0
10-09 19:25:42.826 25345 25503 D IconCustomizer: Generate customized icon for com.rhmsoft.edit.png
10-09 19:25:42.861 25345 25345 D LauncherActivity: FullDialog progress=3
10-09 19:25:42.873 25345 25503 D IconCustomizer: Content Ratio = -1.0
10-09 19:25:42.875 25345 25503 D IconCustomizer: Generate customized icon for ru.zdevs.zarchiver.png
10-09 19:25:42.978 25345 25345 D LauncherActivity: FullDialog progress=4
10-09 19:25:43.070 25345 25503 D IconCustomizer: Content Ratio = -1.0
10-09 19:25:43.071 25345 25503 D IconCustomizer: Generate customized icon for com.google.android.apps.docs.png
10-09 19:25:43.094 25345 25385 D Surface : Surface::disconnect(this=0x71ef52b000,api=1)
10-09 19:25:43.101 25345 25345 V PhoneWindow: DecorView setVisiblity: visibility = 4, Parent = android.view.ViewRootImpl@73f93fe, this = DecorView@d8fc8bd[LauncherActivity]
10-09 19:25:43.101 25345 25345 I BaseActivityLifecycle: onActivityDestroyed: com.vmos.glb.LauncherActivity@bb0a53d
10-09 19:25:43.101 25345 25345 D CrashReport: >>> com.vmos.glb.LauncherActivity onDestroyed <<<
10-09 19:25:43.101 25345 25345 W EventBus: Subscriber to unregister was not registered before: class com.vmos.glb.LauncherActivity
10-09 19:25:43.102 25345 25345 W System.err: java.lang.IllegalArgumentException: connection is null
10-09 19:25:43.102 25345 25345 W System.err: 	at android.app.ContextImpl.unbindService(ContextImpl.java:1784)
10-09 19:25:43.102 25345 25345 W System.err: 	at android.content.ContextWrapper.unbindService(ContextWrapper.java:751)
10-09 19:25:43.102 25345 25345 W System.err: 	at android.content.ContextWrapper.unbindService(ContextWrapper.java:751)
10-09 19:25:43.102 25345 25345 W System.err: 	at com.vmos.ad.AdServerHelper.unbindAdServer(AdServerHelper.java:477)
10-09 19:25:43.102 25345 25345 W System.err: 	at com.vmos.glb.LauncherActivity.onDestroy(LauncherActivity.java:220)
10-09 19:25:43.102 25345 25345 W System.err: 	at android.app.Activity.performDestroy(Activity.java:8180)
10-09 19:25:43.102 25345 25345 W System.err: 	at android.app.Instrumentation.callActivityOnDestroy(Instrumentation.java:1341)
10-09 19:25:43.102 25345 25345 W System.err: 	at android.app.ActivityThread.performDestroyActivity(ActivityThread.java:5056)
10-09 19:25:43.102 25345 25345 W System.err: 	at android.app.ActivityThread.handleDestroyActivity(ActivityThread.java:5100)
10-09 19:25:43.102 25345 25345 W System.err: 	at android.app.servertransaction.DestroyActivityItem.execute(DestroyActivityItem.java:44)
10-09 19:25:43.102 25345 25345 W System.err: 	at android.app.servertransaction.TransactionExecutor.executeLifecycleState(TransactionExecutor.java:176)
10-09 19:25:43.102 25345 25345 W System.err: 	at android.app.servertransaction.TransactionExecutor.execute(TransactionExecutor.java:97)
10-09 19:25:43.102 25345 25345 W System.err: 	at android.app.ActivityThread$H.handleMessage(ActivityThread.java:2071)
10-09 19:25:43.102 25345 25345 W System.err: 	at android.os.Handler.dispatchMessage(Handler.java:107)
10-09 19:25:43.102 25345 25345 W System.err: 	at android.os.Looper.loop(Looper.java:224)
10-09 19:25:43.102 25345 25345 W System.err: 	at android.app.ActivityThread.main(ActivityThread.java:7561)
10-09 19:25:43.102 25345 25345 W System.err: 	at java.lang.reflect.Method.invoke(Native Method)
10-09 19:25:43.102 25345 25345 W System.err: 	at com.android.internal.os.RuntimeInit$MethodAndArgsCaller.run(RuntimeInit.java:539)
10-09 19:25:43.102 25345 25345 W System.err: 	at com.android.internal.os.ZygoteInit.main(ZygoteInit.java:995)
10-09 19:25:43.103 25345 25345 D View    : [Warning] assignParent to null: this = DecorView@d8fc8bd[LauncherActivity]
10-09 19:25:43.104 25345 25503 D IconCustomizer: Content Ratio = -1.0
10-09 19:25:43.106 25345 25503 D IconCustomizer: Generate customized icon for com.google.android.videos.png
10-09 19:25:43.108 25345 25345 D LauncherActivity: FullDialog progress=5
10-09 19:25:43.133 25345 25503 D IconCustomizer: Content Ratio = -1.0
10-09 19:25:43.134 25345 25503 D IconCustomizer: Generate customized icon for com.google.android.apps.photos.png
10-09 19:25:43.155 25345 25503 D IconCustomizer: Content Ratio = -1.0
10-09 19:25:43.156 25345 25503 D IconCustomizer: Generate customized icon for com.facebook.katana.png
10-09 19:25:43.174 25542 25542 W init    : type=1400 audit(0.0:3259427): avc: denied { read } for name="/" dev="cgroup" ino=1 scontext=u:r:untrusted_app_27:s0:c10,c259,c512,c768 tcontext=u:object_r:cgroup:s0 tclass=dir permissive=0
10-09 19:25:43.177 25345 25503 D IconCustomizer: Content Ratio = -1.0
10-09 19:25:43.178 25345 25503 D IconCustomizer: Generate customized icon for com.facebook.orca.png
10-09 19:25:43.202 25345 25503 D IconCustomizer: Content Ratio = -1.0
10-09 19:25:43.204 25345 25503 D IconCustomizer: Generate customized icon for com.termux.png
10-09 19:25:43.220 25345 25345 D LauncherActivity: FullDialog progress=6
10-09 19:25:43.247 25345 25503 W System.err: java.io.FileNotFoundException: /data/user/0/com.vmos.web/osimg/r/ot01/storage/sdcard/appIcoCache/Proximity Sensor Reset/Overrider.infoIco: open failed: ENOENT (No such file or directory)
10-09 19:25:43.250 25345 25503 W System.err: 	at libcore.io.IoBridge.open(IoBridge.java:496)
10-09 19:25:43.250 25345 25503 W System.err: 	at java.io.FileOutputStream.<init>(FileOutputStream.java:235)
10-09 19:25:43.250 25345 25503 W System.err: 	at java.io.FileOutputStream.<init>(FileOutputStream.java:186)
10-09 19:25:43.250 25345 25503 W System.err: 	at com.vmos.glb.socket.Utils.FileUtil.CopyBitmapIco(FileUtil.java:504)
10-09 19:25:43.250 25345 25503 W System.err: 	at com.vmos.glb.utils.util.GeneralUtil.getItems(GeneralUtil.java:1782)
10-09 19:25:43.250 25345 25503 W System.err: 	at com.vmos.glb.utils.APPListUtil.getAppItemnx(APPListUtil.java:103)
10-09 19:25:43.250 25345 25503 W System.err: 	at com.vmos.glb.socket.AppObservableManager.lambda$startRun$0(AppObservableManager.java:81)
10-09 19:25:43.250 25345 25503 W System.err: 	at com.vmos.glb.socket.-$$Lambda$AppObservableManager$pXe7Yy8kFPIxdmShHgPRYC_2cDg.handleMessage(Unknown Source:2)
10-09 19:25:43.250 25345 25503 W System.err: 	at android.os.Handler.dispatchMessage(Handler.java:103)
10-09 19:25:43.250 25345 25503 W System.err: 	at android.os.Looper.loop(Looper.java:224)
10-09 19:25:43.250 25345 25503 W System.err: 	at android.os.HandlerThread.run(HandlerThread.java:67)
10-09 19:25:43.252 25345 25503 W System.err: Caused by: android.system.ErrnoException: open failed: ENOENT (No such file or directory)
10-09 19:25:43.252 25345 25503 W System.err: 	at libcore.io.Linux.open(Native Method)
10-09 19:25:43.252 25345 25503 W System.err: 	at libcore.io.ForwardingOs.open(ForwardingOs.java:167)
10-09 19:25:43.252 25345 25503 W System.err: 	at libcore.io.BlockGuardOs.open(BlockGuardOs.java:252)
10-09 19:25:43.252 25345 25503 W System.err: 	at libcore.io.ForwardingOs.open(ForwardingOs.java:167)
10-09 19:25:43.252 25345 25503 W System.err: 	at android.app.ActivityThread$AndroidOs.open(ActivityThread.java:7458)
10-09 19:25:43.252 25345 25503 W System.err: 	at libcore.io.IoBridge.open(IoBridge.java:482)
10-09 19:25:43.252 25345 25503 W System.err: 	... 10 more
10-09 19:25:43.253 25572 25572 I SHENG_RF_SOCKET: rfbListenOnUnixPort socket
10-09 19:25:43.253 25572 25572 I SHENG_RF_SOCKET: rfbListenOnUnixPort bind
10-09 19:25:43.253 25572 25574 E SHENG_RF_SOCKET: rfbConnectOnUnixJavaPort connect success
10-09 19:25:43.260 25345 25503 D IconCustomizer: Content Ratio = -1.0
10-09 19:25:43.262 25345 25503 D IconCustomizer: Generate customized icon for com.miui.newmidrive.png
10-09 19:25:43.274 25345 25503 W com.vmos.web: resources.arsc in APK '/data/app/cn.wps.moffice_eng-bSYDgMTebhUdrlBJ_S1xZQ==/base.apk' is compressed.
10-09 19:25:43.277 25570 25570 E Vold    : Vold 2.1 (the revenge) firing up
10-09 19:25:43.277 25571 25571 I Netd    : Netd 1.0 starting
10-09 19:25:43.280 25571 25578 D VirtualBinder: connect bis failed. errno2
10-09 19:25:43.320 25571 25571 D MDnsDS  : MDnsSdListener::Hander starting up
10-09 19:25:43.321 25571 25584 D MDnsDS  : MDnsSdListener starting to monitor
10-09 19:25:43.321 25571 25584 D MDnsDS  : Going to poll with pollCount 1
10-09 19:25:43.332 25345 25345 D LauncherActivity: FullDialog progress=7
10-09 19:25:43.388 25345 25503 D IconCustomizer: Content Ratio = -1.0
10-09 19:25:43.388 25345 25345 V DefaultPresenter$RxjavaDisposableManager: addSubscribe: curActivityName RendererActivity
10-09 19:25:43.390 25345 25503 D IconCustomizer: Generate customized icon for cn.wps.moffice_eng.png
10-09 19:25:43.390 25345 25475 W Settings: Setting android_id has moved from android.provider.Settings.System to android.provider.Settings.Secure, returning read-only value.
10-09 19:25:43.391 25345 25475 E VersionHelper: getRomVersion 
10-09 19:25:43.392 25345 25475 E language:: language:ar
10-09 19:25:43.392 25345 25475 E language:: country:EG
10-09 19:25:43.392 25345 25475 W Settings: Setting android_id has moved from android.provider.Settings.System to android.provider.Settings.Secure, returning read-only value.
10-09 19:25:43.445 25345 25345 D LauncherActivity: FullDialog progress=8
10-09 19:25:43.453 25345 25359 W System  : A resource failed to call close. 
10-09 19:25:43.467 25345 25359 I chatty  : uid=10778(com.vmos.web) FinalizerDaemon identical 23 lines
10-09 19:25:43.467 25345 25359 W System  : A resource failed to call close. 
10-09 19:25:43.468 25345 25359 W System  : A resource failed to call close. 
10-09 19:25:43.469 25345 25359 W System  : A resource failed to call close. 
10-09 19:25:43.561 25345 25345 D LauncherActivity: FullDialog progress=9
10-09 19:25:43.673 25345 25345 D LauncherActivity: FullDialog progress=10
10-09 19:25:43.784 25345 25345 D LauncherActivity: FullDialog progress=11
10-09 19:25:43.896 25345 25345 D LauncherActivity: FullDialog progress=12
10-09 19:25:44.012 25345 25345 D LauncherActivity: FullDialog progress=13
10-09 19:25:44.046 25345 25345 W VmosAdTag_Client: onNetworkError: 1-加载失败！
10-09 19:25:44.128 25345 25345 D LauncherActivity: FullDialog progress=14
10-09 19:25:44.245 25345 25345 D LauncherActivity: FullDialog progress=15
10-09 19:25:44.280 25571 25580 D VirtualBinder: binder bridge: recv error ret=0 errno=0
10-09 19:25:44.281 25571 25580 D VirtualBinder: binder_filp_open ----pid==25571--------
10-09 19:25:44.286 25590 25590 W init    : type=1400 audit(0.0:3259627): avc: granted { execute } for name="initlinker32" dev="mmcblk0p46" ino=1671566 scontext=u:r:untrusted_app_27:s0:c10,c259,c512,c768 tcontext=u:object_r:app_data_file:s0:c10,c259,c512,c768 tclass=file
10-09 19:25:44.302 25598 25598 I installd: installd firing up
10-09 19:25:44.307 25589 25589 E SocketListener: Failed to start unbound listener
10-09 19:25:44.309 25571 25580 D VirtualBinder: binder_filp_open ----pid==25590--------
10-09 19:25:44.312 25594 25594 I         : debuggerd: May 21 2019 18:04:36
10-09 19:25:44.320 25599 25599 E HAL     : enter gralloc class_id=keystore
10-09 19:25:44.320 25591 25591 I lowmemorykiller: No kernel memory.pressure_level support (errno=13)
10-09 19:25:44.320 25591 25591 E lowmemorykiller: Kernel does not support memory pressure events or in-kernel low memory killer
10-09 19:25:44.322 25599 25599 E HAL     : loaded HAL id=keystore path=/system/lib/hw/keystore.default.so hmi=0x0 handle=0xf2532a84
10-09 19:25:44.328 25571 25580 D VirtualBinder: binder_filp_open ----pid==25595--------
10-09 19:25:44.331 25599 25599 I keystore: SELinux: Keystore SELinux is disabled.
10-09 19:25:44.333 25571 25580 D VirtualBinder: binder_filp_open ----pid==25599--------
10-09 19:25:44.353 25571 25580 D VirtualBinder: binder_filp_open ----pid==25593--------
10-09 19:25:44.354 25593 25593 I SurfaceFlinger: SurfaceFlinger is starting
10-09 19:25:44.355 25593 25593 I SurfaceFlinger: SurfaceFlinger's main thread ready to run. Initializing graphics H/W...
10-09 19:25:44.356 25345 25345 D LauncherActivity: FullDialog progress=16
10-09 19:25:44.403 25571 25580 D VirtualBinder: binder_filp_open ----pid==25596--------
10-09 19:25:44.467 25345 25345 D LauncherActivity: FullDialog progress=17
10-09 19:25:44.489 25571 25580 D VirtualBinder: binder_filp_open ----pid==25597--------
10-09 19:25:44.491 25597 25597 I mediaserver: ServiceManager: 0xefc3b0a0
10-09 19:25:44.491 25597 25597 I AudioFlinger: Using default 3000 mSec as standby time.
10-09 19:25:44.493 25597 25597 I ServiceManager: Waiting for service batterystats...
10-09 19:25:44.551 25593 25593 D PQCommon: [PQ_PROT] [PQCust] libpq_cust_base.so OK, libpq_cust.so absent
10-09 19:25:44.570 25600 25600 D AndroidRuntime: >>>>>> START com.android.internal.os.ZygoteInit uid 0 <<<<<<
10-09 19:25:44.578 25345 25345 D LauncherActivity: FullDialog progress=18
10-09 19:25:44.588 25600 25600 D AndroidRuntime: CheckJNI is OFF
10-09 19:25:44.599 25600 25600 I art     : option[0]=-Xzygote
10-09 19:25:44.599 25600 25600 I art     : option[1]=-Xstacktracefile:/data/anr/traces.txt
10-09 19:25:44.599 25600 25600 I art     : option[2]=exit
10-09 19:25:44.599 25600 25600 I art     : option[3]=vfprintf
10-09 19:25:44.599 25600 25600 I art     : option[4]=sensitiveThread
10-09 19:25:44.599 25600 25600 I art     : option[5]=-verbose:gc
10-09 19:25:44.599 25600 25600 I art     : option[6]=-Xms4m
10-09 19:25:44.599 25600 25600 I art     : option[7]=-Xmx400m
10-09 19:25:44.600 25600 25600 I art     : option[8]=-XX:mainThreadStackSize=24K
10-09 19:25:44.600 25600 25600 I art     : option[9]=-agentlib:jdwp=transport=dt_android_adb,suspend=n,server=y
10-09 19:25:44.600 25600 25600 I art     : option[10]=-Ximage-compiler-option
10-09 19:25:44.600 25600 25600 I art     : option[11]=--runtime-arg
10-09 19:25:44.600 25600 25600 I art     : option[12]=-Ximage-compiler-option
10-09 19:25:44.600 25600 25600 I art     : option[13]=-Xms64m
10-09 19:25:44.600 25600 25600 I art     : option[14]=-Ximage-compiler-option
10-09 19:25:44.600 25600 25600 I art     : option[15]=--runtime-arg
10-09 19:25:44.600 25600 25600 I art     : option[16]=-Ximage-compiler-option
10-09 19:25:44.600 25600 25600 I art     : option[17]=-Xmx64m
10-09 19:25:44.600 25600 25600 I art     : option[18]=-Ximage-compiler-option
10-09 19:25:44.600 25600 25600 I art     : option[19]=--image-classes=/system/etc/preloaded-classes
10-09 19:25:44.600 25600 25600 I art     : option[20]=-Xcompiler-option
10-09 19:25:44.600 25600 25600 I art     : option[21]=--runtime-arg
10-09 19:25:44.600 25600 25600 I art     : option[22]=-Xcompiler-option
10-09 19:25:44.600 25600 25600 I art     : option[23]=-Xms64m
10-09 19:25:44.600 25600 25600 I art     : option[24]=-Xcompiler-option
10-09 19:25:44.600 25600 25600 I art     : option[25]=--runtime-arg
10-09 19:25:44.600 25600 25600 I art     : option[26]=-Xcompiler-option
10-09 19:25:44.600 25600 25600 I art     : option[27]=-Xmx512m
10-09 19:25:44.600 25600 25600 I art     : option[28]=-Duser.language=ar
10-09 19:25:44.600 25600 25600 I art     : option[29]=-Duser.region=EG
10-09 19:25:44.695 25345 25345 D LauncherActivity: FullDialog progress=19
10-09 19:25:44.720 25593 25593 D libEGL  : loaded /vendor/lib/egl/libGLES_mali.so
10-09 19:25:44.770 25593 25593 I GPUD    : @gpudInitialize: successfully initialized with GL, dbg=0 mmdump_dbg=0
10-09 19:25:44.801 25593 25593 E SurfaceFlinger: -------------------------------------------------------------
10-09 19:25:44.801 25593 25593 E SurfaceFlinger: HWComposer: flags=0
10-09 19:25:44.801 25593 25593 E SurfaceFlinger: HWComposer: width=438
10-09 19:25:44.801 25593 25593 E SurfaceFlinger: HWComposer: height=8c0
10-09 19:25:44.801 25593 25593 E SurfaceFlinger: HWComposer: stride=438
10-09 19:25:44.801 25593 25593 E SurfaceFlinger: HWComposer: format=1
10-09 19:25:44.801 25593 25593 E SurfaceFlinger: HWComposer: xdpi=159.895081
10-09 19:25:44.801 25593 25593 E SurfaceFlinger: HWComposer: ydpi=160.421051
10-09 19:25:44.801 25593 25593 E SurfaceFlinger: HWComposer: fps=120.000000
10-09 19:25:44.801 25593 25593 E SurfaceFlinger: HWComposer: minSwapInterval=0
10-09 19:25:44.801 25593 25593 E SurfaceFlinger: HWComposer: maxSwapInterval=1
10-09 19:25:44.801 25593 25593 E SurfaceFlinger: HWComposer: numFramebuffers=0
10-09 19:25:44.802 25593 25593 E SurfaceFlinger: -------------------------------------------------------------
10-09 19:25:44.802 25593 25593 E SurfaceFlinger: HWComposer: f4669480 -------------------------------------------------------------
10-09 19:25:44.802 25593 25593 W SurfaceFlinger: selectConfigForAttribute call eglChooseConfig numConfigs=23 error=12288
10-09 19:25:44.802 25593 25593 W SurfaceFlinger: selectConfigForAttribute call eglChooseConfig n=6 error=12288
10-09 19:25:44.802 25593 25593 I SurfaceFlinger: EGL information:
10-09 19:25:44.802 25593 25593 I SurfaceFlinger: vendor    : Android
10-09 19:25:44.802 25593 25593 I SurfaceFlinger: version   : 1.4 Android META-EGL
10-09 19:25:44.802 25593 25593 I SurfaceFlinger: extensions: EGL_KHR_get_all_proc_addresses EGL_ANDROID_presentation_time EGL_KHR_swap_buffers_with_damage EGL_ANDROID_get_native_client_buffer EGL_ANDROID_front_buffer_auto_refresh EGL_ANDROID_get_frame_timestamps EGL_EXT_surface_SMPTE2086_metadata EGL_EXT_surface_CTA861_3_metadata EGL_KHR_image EGL_KHR_image_base EGL_EXT_image_gl_colorspace EGL_KHR_gl_colorspace EGL_KHR_gl_texture_2D_image EGL_KHR_gl_texture_cubemap_image EGL_KHR_gl_renderbuffer_image EGL_KHR_fence_sync EGL_KHR_create_context EGL_KHR_config_attribs EGL_KHR_surfaceless_context EGL_EXT_create_context_robustness EGL_ANDROID_image_native_buffer EGL_KHR_wait_sync EGL_ANDROID_recordable EGL_KHR_partial_update EGL_EXT_pixel_format_float EGL_KHR_mutable_render_buffer EGL_IMG_context_priority EGL_KHR_no_config_context 
10-09 19:25:44.802 25593 25593 I SurfaceFlinger: Client API: OpenGL_ES
10-09 19:25:44.802 25593 25593 I SurfaceFlinger: EGLSurface: 8-8-8-8, config=0xf46da008
10-09 19:25:44.812 25345 25345 D LauncherActivity: FullDialog progress=20
10-09 19:25:44.812 25593 25593 I SurfaceFlinger: OpenGL ES informations:
10-09 19:25:44.812 25593 25593 I SurfaceFlinger: vendor    : ARM
10-09 19:25:44.813 25593 25593 I SurfaceFlinger: renderer  : Mali-G52 MC2
10-09 19:25:44.813 25593 25593 I SurfaceFlinger: version   : OpenGL ES 3.2 v1.r20p0-01rel0.2ecdebafc539890b5b86a06d83f2e755
10-09 19:25:44.813 25593 25593 I SurfaceFlinger: extensions: GL_EXT_debug_marker GL_ARM_rgba8 GL_ARM_mali_shader_binary GL_OES_depth24 GL_OES_depth_texture GL_OES_depth_texture_cube_map GL_OES_packed_depth_stencil GL_OES_rgb8_rgba8 GL_EXT_read_format_bgra GL_OES_compressed_paletted_texture GL_OES_compressed_ETC1_RGB8_texture GL_OES_standard_derivatives GL_OES_EGL_image GL_OES_EGL_image_external GL_OES_EGL_image_external_essl3 GL_OES_EGL_sync GL_OES_texture_npot GL_OES_vertex_half_float GL_OES_required_internalformat GL_OES_vertex_array_object GL_OES_mapbuffer GL_EXT_texture_format_BGRA8888 GL_EXT_texture_rg GL_EXT_texture_type_2_10_10_10_REV GL_OES_fbo_render_mipmap GL_OES_element_index_uint GL_EXT_shadow_samplers GL_OES_texture_compression_astc GL_KHR_texture_compression_astc_ldr GL_KHR_texture_compression_astc_hdr GL_KHR_texture_compression_astc_sliced_3d GL_EXT_texture_compression_astc_decode_mode GL_EXT_texture_compression_astc_decode_mode_rgb9e5 GL_KHR_debug GL_EXT_occlusion_query_boolean GL_EXT_disjoint_timer_query GL_EXT_blend_minmax GL_EXT_discard_
10-09 19:25:44.813 25593 25593 I SurfaceFlinger: GL_MAX_TEXTURE_SIZE = 8192
10-09 19:25:44.813 25593 25593 I SurfaceFlinger: GL_MAX_VIEWPORT_DIMS = 8192
10-09 19:25:44.813 25593 25593 D SurfaceFlinger: marking displayx2xx4x
10-09 19:25:44.813 25593 25593 D mali_winsys: EGLint new_window_surface(egl_winsys_display *, void *, EGLSurface, EGLConfig, egl_winsys_surface **, EGLBoolean) returns 0x3000
10-09 19:25:44.813 25593 25593 D SurfaceFlinger: marking displayx2x5xx
10-09 19:25:44.816 25593 25593 D SurfaceFlinger: Set power mode=2, type=0 flinger=0xf465a000
10-09 19:25:44.866 25600 25600 E AndroidRuntime: --- registering native functions ---
10-09 19:25:44.868 25571 25580 D VirtualBinder: binder_filp_open ----pid==25629--------
10-09 19:25:44.929 25345 25345 D LauncherActivity: FullDialog progress=21
10-09 19:25:44.980 25600 25600 E HAL     : enter gralloc class_id=memtrack
10-09 19:25:44.981 25600 25600 E memtrack: Couldn't load memtrack module (No such file or directory)
10-09 19:25:44.981 25600 25600 E android.os.Debug: failed to load memtrack module: -2
10-09 19:25:44.994 25600 25600 I SamplingProfilerIntegration: Profiling disabled.
10-09 19:25:44.996 25600 25600 D Zygote  : throw new ispre
10-09 19:25:44.996 25600 25600 D Zygote  : socketname ispre=zygote
10-09 19:25:44.997 25600 25600 D Zygote  : socketname ispre end
10-09 19:25:44.997 25600 25600 D Zygote  : begin preload
10-09 19:25:44.998 25600 25600 I Zygote  : Preloading classes...
10-09 19:25:45.006 25600 25600 I art     : Explicit concurrent mark sweep GC freed 807(36KB) AllocSpace objects, 0(0B) LOS objects, 95% free, 44KB/1068KB, paused 148us total 8.163ms
10-09 19:25:45.009 25600 25600 I art     : Counter: 1
10-09 19:25:45.020 25600 25600 I art     : Explicit concurrent mark sweep GC freed 514(32KB) AllocSpace objects, 0(0B) LOS objects, 94% free, 63KB/1087KB, paused 66us total 1.857ms
10-09 19:25:45.039 25600 25600 I art     : Explicit concurrent mark sweep GC freed 650(41KB) AllocSpace objects, 0(0B) LOS objects, 93% free, 71KB/1095KB, paused 66us total 2.009ms
10-09 19:25:45.040 25345 25345 D LauncherActivity: FullDialog progress=22
10-09 19:25:45.065 25593 25593 D SurfaceFlinger: shader cache generated - 24 shaders in 245.552933 ms
10-09 19:25:45.116 25593 25593 D GraphicBuffer: linker libui hostGraphicBuffer-------------------
10-09 19:25:45.116 25593 25593 D GraphicBuffer: linker libui Buffer->createGraphicBuffer f309a8b5
10-09 19:25:45.116 25593 25593 D GraphicBuffer: linker libui Buffer->createGraphicBufferRequestorName ee95f129
10-09 19:25:45.116 25593 25593 D GraphicBuffer: linker libui Buffer->createGraphicBufferExistingHandle 0
10-09 19:25:45.116 25593 25593 D GraphicBuffer: linker libui Buffer->createGraphicBufferExistingANativeWindowBuffer 0
10-09 19:25:45.116 25593 25593 D GraphicBuffer: linker libui Buffer->initCheck f309afab
10-09 19:25:45.116 25593 25593 D GraphicBuffer: linker libui Buffer->getWidth 0
10-09 19:25:45.116 25593 25593 D GraphicBuffer: linker libui Buffer->getHeight 0
10-09 19:25:45.116 25593 25593 D GraphicBuffer: linker libui Buffer->getStride 0
10-09 19:25:45.117 25593 25593 D GraphicBuffer: linker libui Buffer->getUsage 0
10-09 19:25:45.117 25593 25593 D GraphicBuffer: linker libui Buffer->getPixelFormat 0
10-09 19:25:45.117 25593 25593 D GraphicBuffer: linker libui Buffer->getBounds 0
10-09 19:25:45.117 25593 25593 D GraphicBuffer: linker libui Buffer->getId ee95f525
10-09 19:25:45.117 25593 25593 D GraphicBuffer: linker libui Buffer->lock f309b101
10-09 19:25:45.117 25593 25593 D GraphicBuffer: linker libui Buffer->lockWithRect f309b149
10-09 19:25:45.117 25593 25593 D GraphicBuffer: linker libui Buffer->lockYCbCr f309b1c1
10-09 19:25:45.117 25593 25593 D GraphicBuffer: linker libui Buffer->lockYCbCrWithRect f309b205
10-09 19:25:45.117 25593 25593 D GraphicBuffer: linker libui Buffer->unlock f309b275
10-09 19:25:45.117 25593 25593 D GraphicBuffer: linker libui Buffer->lockAsync f309b27d
10-09 19:25:45.117 25593 25593 D GraphicBuffer: linker libui Buffer->lockAsyncWithRect f309b2d1
10-09 19:25:45.117 25593 25593 D GraphicBuffer: linker libui Buffer->lockAsyncYCbCr f309b3a9
10-09 19:25:45.117 25593 25593 D GraphicBuffer: linker libui Buffer->lockAsyncYCbCrWithRect f309b3ed
10-09 19:25:45.117 25593 25593 D GraphicBuffer: linker libui Buffer->unlockAsync f309b461
10-09 19:25:45.117 25593 25593 D GraphicBuffer: linker libui Buffer->getNativeBuffer f309afb3
10-09 19:25:45.117 25593 25593 D GraphicBuffer: linker libui Buffer->getFlattenedSize f309b471
10-09 19:25:45.117 25593 25593 D GraphicBuffer: linker libui Buffer->getFdCount f309b49f
10-09 19:25:45.117 25593 25593 D GraphicBuffer: linker libui Buffer->flatten f309b4b3
10-09 19:25:45.117 25593 25593 D GraphicBuffer: linker libui Buffer->unflatten f309b6d1
10-09 19:25:45.117 25593 25593 D GraphicBuffer: linker libui Buffer->deleteGraphicBuffer 0
10-09 19:25:45.117 25593 25593 D GraphicBuffer: linker libui Buffer->initSize ee95f015
10-09 19:25:45.117 25593 25593 D GraphicBuffer: linker libui Buffer->mapperget ee95f125
10-09 19:25:45.117 25593 25593 D GraphicBuffer: linker libui Buffer->free_handle f309af35
10-09 19:25:45.117 25593 25593 D GraphicBuffer: linker libui Buffer->initWithSize ee95f015
10-09 19:25:45.117 25593 25593 D GraphicBuffer: linker libui Buffer->newRefBase f3131155
10-09 19:25:45.117 25593 25593 D GraphicBuffer: linker libui Buffer->releaseRefBase f3131181
10-09 19:25:45.118 25593 25593 D GraphicBuffer: linker libui Buffer->incStrong f3130e7f
10-09 19:25:45.118 25593 25593 D GraphicBuffer: linker libui Buffer->decStrong f3130ed1
10-09 19:25:45.118 25593 25593 D GraphicBufferMapper: linker libui hostMapper-------------------
10-09 19:25:45.118 25593 25593 D GraphicBufferMapper: linker libui Mapper->get f309c765
10-09 19:25:45.118 25593 25593 D GraphicBufferMapper: linker libui Mapper->createMapper 0
10-09 19:25:45.118 25593 25593 D GraphicBufferMapper: linker libui Mapper->registerBuffer 0
10-09 19:25:45.118 25593 25593 D GraphicBufferMapper: linker libui Mapper->unregisterBuffer 0
10-09 19:25:45.118 25593 25593 D GraphicBufferMapper: linker libui Mapper->lock f309ca3d
10-09 19:25:45.118 25593 25593 D GraphicBufferMapper: linker libui Mapper->lockYCbCr f309ca8d
10-09 19:25:45.118 25593 25593 D GraphicBufferMapper: linker libui Mapper->unlock f309cb99
10-09 19:25:45.118 25593 25593 D GraphicBufferMapper: linker libui Mapper->lockAsync f309ca67
10-09 19:25:45.118 25593 25593 D GraphicBufferMapper: linker libui Mapper->lockAsyncYCbCr f309cb15
10-09 19:25:45.118 25593 25593 D GraphicBufferMapper: linker libui Mapper->unlockAsync f309cc1d
10-09 19:25:45.119 25593 25593 W Gralloc3: mapper 3.x is not supported
10-09 19:25:45.125 25593 25593 E gralloc : Arm Module v1.0
10-09 19:25:45.126 25600 25600 I art     : Explicit concurrent mark sweep GC freed 402(23KB) AllocSpace objects, 0(0B) LOS objects, 90% free, 111KB/1135KB, paused 64us total 1.656ms
10-09 19:25:45.126 25593 25593 W Gralloc3: allocator 3.x is not supported
10-09 19:25:45.134 25593 25593 E ion     : ioctl c0044901 failed with code -1: Invalid argument
10-09 19:25:45.139 25593 25593 D SurfaceFlinger: log buf[1]=1080 buf[2]=2240 buf[3]=1088 buf[4]=1
10-09 19:25:45.139 25593 25593 D SurfaceFlinger: send ret=0 anwb->handle->numInts=64 gbp->getFdCount()=3 size=308 fds=-277778480 FdCount=3
10-09 19:25:45.141 25593 25593 D SurfaceFlinger: connect=16 once=0
10-09 19:25:45.141 25345 25664 I SHENG_DEBUG_OPENGL_D: nDebugrecvServer=25664
10-09 19:25:45.141 25345 25664 I SHENG_DEBUG_OPENGL_D: gnumFds=3 gnumInts=64
10-09 19:25:45.141 25593 25593 E SurfaceFlinger: sunlog sennd fd[0] = 34
10-09 19:25:45.141 25593 25593 E SurfaceFlinger: sunlog sennd fd[1] = 35
10-09 19:25:45.141 25593 25593 E SurfaceFlinger: sunlog sennd fd[2] = 36
10-09 19:25:45.141 25593 25593 E SurfaceFlinger: sunlog sendmsg size = 308
10-09 19:25:45.141 25593 25593 D SurfaceFlinger: send=308
10-09 19:25:45.152 25345 25345 D LauncherActivity: FullDialog progress=23
10-09 19:25:45.189 25600 25600 E Minikin : addFont failed to create font /system/fonts/NotoSansGujarati-Regular.ttf
10-09 19:25:45.189 25600 25600 E Minikin : addFont failed to create font /system/fonts/NotoSansGujarati-Bold.ttf
10-09 19:25:45.189 25600 25600 E Minikin : addFont failed to create font /system/fonts/NotoSansGujaratiUI-Regular.ttf
10-09 19:25:45.190 25600 25600 E Minikin : addFont failed to create font /system/fonts/NotoSansGujaratiUI-Bold.ttf
10-09 19:25:45.190 25600 25600 E Minikin : addFont failed to create font /system/fonts/NotoSansGurmukhi-Regular.ttf
10-09 19:25:45.190 25600 25600 E Minikin : addFont failed to create font /system/fonts/NotoSansGurmukhi-Bold.ttf
10-09 19:25:45.190 25600 25600 E Minikin : addFont failed to create font /system/fonts/NotoSansGurmukhiUI-Regular.ttf
10-09 19:25:45.190 25600 25600 E Minikin : addFont failed to create font /system/fonts/NotoSansGurmukhiUI-Bold.ttf
10-09 19:25:45.210 25600 25600 E Minikin : addFont failed to create font /system/fonts/NotoSansSinhala-Regular.ttf
10-09 19:25:45.210 25600 25600 E Minikin : addFont failed to create font /system/fonts/NotoSansSinhala-Bold.ttf
10-09 19:25:45.220 25600 25600 E Minikin : addFont failed to create font /system/fonts/NotoSansThaana-Regular.ttf
10-09 19:25:45.220 25600 25600 E Minikin : addFont failed to create font /system/fonts/NotoSansThaana-Bold.ttf
10-09 19:25:45.221 25600 25600 E Minikin : addFont failed to create font /system/fonts/NotoSansCham-Regular.ttf
10-09 19:25:45.221 25600 25600 E Minikin : addFont failed to create font /system/fonts/NotoSansCham-Bold.ttf
10-09 19:25:45.221 25600 25600 E Minikin : addFont failed to create font /system/fonts/NotoSansBalinese-Regular.ttf
10-09 19:25:45.221 25600 25600 E Minikin : addFont failed to create font /system/fonts/NotoSansBatak-Regular.ttf
10-09 19:25:45.221 25600 25600 E Minikin : addFont failed to create font /system/fonts/NotoSansBuginese-Regular.ttf
10-09 19:25:45.221 25600 25600 E Minikin : addFont failed to create font /system/fonts/NotoSansBuhid-Regular.ttf
10-09 19:25:45.221 25600 25600 E Minikin : addFont failed to create font /system/fonts/NotoSansCanadianAboriginal-Regular.ttf
10-09 19:25:45.221 25600 25600 E Minikin : addFont failed to create font /system/fonts/NotoSansCherokee-Regular.ttf
10-09 19:25:45.221 25600 25600 E Minikin : addFont failed to create font /system/fonts/NotoSansCoptic-Regular.ttf
10-09 19:25:45.221 25600 25600 E Minikin : addFont failed to create font /system/fonts/NotoSansGlagolitic-Regular.ttf
10-09 19:25:45.221 25600 25600 E Minikin : addFont failed to create font /system/fonts/NotoSansHanunoo-Regular.ttf
10-09 19:25:45.221 25600 25600 E Minikin : addFont failed to create font /system/fonts/NotoSansJavanese-Regular.ttf
10-09 19:25:45.221 25600 25600 E Minikin : addFont failed to create font /system/fonts/NotoSansKayahLi-Regular.ttf
10-09 19:25:45.221 25600 25600 E Minikin : addFont failed to create font /system/fonts/NotoSansLepcha-Regular.ttf
10-09 19:25:45.221 25600 25600 E Minikin : addFont failed to create font /system/fonts/NotoSansLimbu-Regular.ttf
10-09 19:25:45.221 25600 25600 E Minikin : addFont failed to create font /system/fonts/NotoSansMeeteiMayek-Regular.ttf
10-09 19:25:45.222 25600 25600 E Minikin : addFont failed to create font /system/fonts/NotoSansOlChiki-Regular.ttf
10-09 19:25:45.222 25600 25600 E Minikin : addFont failed to create font /system/fonts/NotoSansRejang-Regular.ttf
10-09 19:25:45.222 25600 25600 E Minikin : addFont failed to create font /system/fonts/NotoSansSaurashtra-Regular.ttf
10-09 19:25:45.222 25600 25600 E Minikin : addFont failed to create font /system/fonts/NotoSansSundanese-Regular.ttf
10-09 19:25:45.222 25600 25600 E Minikin : addFont failed to create font /system/fonts/NotoSansSylotiNagri-Regular.ttf
10-09 19:25:45.222 25600 25600 E Minikin : addFont failed to create font /system/fonts/NotoSansTagbanwa-Regular.ttf
10-09 19:25:45.222 25600 25600 E Minikin : addFont failed to create font /system/fonts/NotoSansTaiTham-Regular.ttf
10-09 19:25:45.222 25600 25600 E Minikin : addFont failed to create font /system/fonts/NotoSansTaiViet-Regular.ttf
10-09 19:25:45.222 25600 25600 E Minikin : addFont failed to create font /system/fonts/NotoSansTifinagh-Regular.ttf
10-09 19:25:45.222 25600 25600 E Minikin : addFont failed to create font /system/fonts/NotoSansYi-Regular.ttf
10-09 19:25:45.222 25600 25600 E Minikin : addFont failed to create font /system/fonts/Lohit-Odia.ttf
10-09 19:25:45.222 25600 25600 E Minikin : addFont failed to create font /system/fonts/NotoSansHans-Regular.otf
10-09 19:25:45.222 25600 25600 E Minikin : addFont failed to create font /system/fonts/NotoSansHant-Regular.otf
10-09 19:25:45.222 25600 25600 E Minikin : addFont failed to create font /system/fonts/NotoSansJP-Regular.otf
10-09 19:25:45.222 25600 25600 E Minikin : addFont failed to create font /system/fonts/NotoSansKR-Regular.otf
10-09 19:25:45.232 25600 25600 E Minikin : addFont failed to create font /system/fonts/NotoSansTaiLe-Regular.ttf
10-09 19:25:45.264 25345 25345 D LauncherActivity: FullDialog progress=24
10-09 19:25:45.265 25600 25600 I art     : Explicit concurrent mark sweep GC freed 1814(130KB) AllocSpace objects, 0(0B) LOS objects, 89% free, 122KB/1146KB, paused 65us total 1.727ms
10-09 19:25:45.280 25600 25600 I art     : Explicit concurrent mark sweep GC freed 1942(92KB) AllocSpace objects, 0(0B) LOS objects, 86% free, 164KB/1188KB, paused 64us total 2.355ms
10-09 19:25:45.285 25600 25600 I art     : Explicit concurrent mark sweep GC freed 1977(87KB) AllocSpace objects, 0(0B) LOS objects, 83% free, 198KB/1222KB, paused 64us total 2.328ms
10-09 19:25:45.290 25600 25600 I art     : Explicit concurrent mark sweep GC freed 371(19KB) AllocSpace objects, 0(0B) LOS objects, 81% free, 231KB/1255KB, paused 65us total 2.264ms
10-09 19:25:45.325 25600 25600 I art     : Thread[1,tid=25600,WaitingForJniOnLoad,Thread*=0xedf9c000,peer=0x12c31100,"main"] recursive attempt to load library "/system/lib/libmedia_jni.so"
10-09 19:25:45.325 25600 25600 D MtpDeviceJNI: register_android_mtp_MtpDevice
10-09 19:25:45.325 25600 25600 I art     : Thread[1,tid=25600,WaitingForJniOnLoad,Thread*=0xedf9c000,peer=0x12c31100,"main"] recursive attempt to load library "/system/lib/libmedia_jni.so"
10-09 19:25:45.325 25600 25600 I art     : Thread[1,tid=25600,WaitingForJniOnLoad,Thread*=0xedf9c000,peer=0x12c31100,"main"] recursive attempt to load library "/system/lib/libmedia_jni.so"
10-09 19:25:45.336 25600 25600 I art     : Explicit concurrent mark sweep GC freed 661(37KB) AllocSpace objects, 0(0B) LOS objects, 80% free, 254KB/1278KB, paused 64us total 2.567ms
10-09 19:25:45.379 25345 25345 D LauncherActivity: FullDialog progress=25
10-09 19:25:45.379 25600 25600 I art     : Explicit concurrent mark sweep GC freed 578(29KB) AllocSpace objects, 0(0B) LOS objects, 78% free, 274KB/1298KB, paused 69us total 2.583ms
10-09 19:25:45.386 25600 25600 I art     : Explicit concurrent mark sweep GC freed 446(26KB) AllocSpace objects, 0(0B) LOS objects, 76% free, 313KB/1337KB, paused 85us total 2.041ms
10-09 19:25:45.405 25600 25600 I art     : Explicit concurrent mark sweep GC freed 1778(103KB) AllocSpace objects, 0(0B) LOS objects, 68% free, 462KB/1486KB, paused 67us total 2.717ms
10-09 19:25:45.411 25600 25600 E EmojiFactory_jni: Failed to load libemoji.so: dlopen failed: library "libemoji.so" not found
10-09 19:25:45.425 25600 25600 I art     : Explicit concurrent mark sweep GC freed 344(48KB) AllocSpace objects, 0(0B) LOS objects, 57% free, 760KB/1784KB, paused 66us total 3.487ms
10-09 19:25:45.432 25600 25600 I art     : Explicit concurrent mark sweep GC freed 438(30KB) AllocSpace objects, 0(0B) LOS objects, 56% free, 778KB/1802KB, paused 65us total 3.008ms
10-09 19:25:45.444 25600 25600 I art     : Explicit concurrent mark sweep GC freed 780(49KB) AllocSpace objects, 0(0B) LOS objects, 56% free, 779KB/1803KB, paused 64us total 2.953ms
10-09 19:25:45.463 25600 25600 I art     : Explicit concurrent mark sweep GC freed 956(105KB) AllocSpace objects, 0(0B) LOS objects, 55% free, 821KB/1845KB, paused 72us total 3.881ms
10-09 19:25:45.477 25600 25600 I art     : Explicit concurrent mark sweep GC freed 597(42KB) AllocSpace objects, 0(0B) LOS objects, 55% free, 828KB/1852KB, paused 67us total 3.161ms
10-09 19:25:45.490 25345 25345 D LauncherActivity: FullDialog progress=26
10-09 19:25:45.490 25600 25600 I art     : Explicit concurrent mark sweep GC freed 265(20KB) AllocSpace objects, 0(0B) LOS objects, 54% free, 856KB/1880KB, paused 66us total 2.867ms
10-09 19:25:45.494 25597 25597 I ServiceManager: Waiting for service batterystats...
10-09 19:25:45.518 25600 25600 I art     : Explicit concurrent mark sweep GC freed 14(640B) AllocSpace objects, 0(0B) LOS objects, 45% free, 1235KB/2MB, paused 70us total 3.468ms
10-09 19:25:45.525 25600 25600 I art     : Explicit concurrent mark sweep GC freed 572(33KB) AllocSpace objects, 0(0B) LOS objects, 44% free, 1251KB/2MB, paused 71us total 3.970ms
10-09 19:25:45.531 25600 25600 I art     : Explicit concurrent mark sweep GC freed 741(45KB) AllocSpace objects, 0(0B) LOS objects, 44% free, 1255KB/2MB, paused 71us total 3.561ms
10-09 19:25:45.560 25600 25600 I System  : Loaded time zone names for "" in 27ms (26ms in ICU)
10-09 19:25:45.574 25600 25600 I System  : Loaded time zone names for "en_US" in 14ms (12ms in ICU)
10-09 19:25:45.591 25600 25600 I System  : Loaded time zone names for "ar_EG" in 17ms (16ms in ICU)
10-09 19:25:45.596 25600 25600 I art     : Explicit concurrent mark sweep GC freed 3995(263KB) AllocSpace objects, 0(0B) LOS objects, 41% free, 1456KB/2MB, paused 75us total 4.364ms
10-09 19:25:45.601 25345 25345 D LauncherActivity: FullDialog progress=27
10-09 19:25:45.604 25600 25600 I art     : Explicit concurrent mark sweep GC freed 136(12KB) AllocSpace objects, 0(0B) LOS objects, 40% free, 1521KB/2MB, paused 115us total 4.027ms
10-09 19:25:45.613 25600 25600 I art     : Explicit concurrent mark sweep GC freed 288(24KB) AllocSpace objects, 0(0B) LOS objects, 39% free, 1566KB/2MB, paused 71us total 4.682ms
10-09 19:25:45.622 25600 25600 I art     : Explicit concurrent mark sweep GC freed 679(47KB) AllocSpace objects, 0(0B) LOS objects, 39% free, 1568KB/2MB, paused 72us total 4.120ms
10-09 19:25:45.622 25600 25600 I Zygote  : ...preloaded 3005 classes in 625ms.
10-09 19:25:45.622 25600 25600 I art     : VMRuntime.preloadDexCaches starting
10-09 19:25:45.656 25600 25600 I art     : VMRuntime.preloadDexCaches strings total=209418 before=39153 after=39153
10-09 19:25:45.656 25600 25600 I art     : VMRuntime.preloadDexCaches types total=18193 before=6264 after=6302
10-09 19:25:45.656 25600 25600 I art     : VMRuntime.preloadDexCaches fields total=85335 before=32090 after=32424
10-09 19:25:45.656 25600 25600 I art     : VMRuntime.preloadDexCaches methods total=150782 before=65969 after=66869
10-09 19:25:45.656 25600 25600 I art     : VMRuntime.preloadDexCaches finished
10-09 19:25:45.656 25600 25600 I art     : Counter: 0
10-09 19:25:45.656 25600 25600 I art     : Counter: 1
10-09 19:25:45.661 25600 25600 I art     : Explicit concurrent mark sweep GC freed 61(15KB) AllocSpace objects, 0(0B) LOS objects, 66% free, 1554KB/4MB, paused 88us total 5.473ms
10-09 19:25:45.683 25665 25665 D idmap   : error: no read access to /vendor/overlay: No such file or directory
10-09 19:25:45.712 25345 25345 D LauncherActivity: FullDialog progress=28
10-09 19:25:45.719 25600 25600 I Zygote  : Preloading resources...
10-09 19:25:45.727 25600 25600 W Resources: Preloaded drawable resource #0x1080096 (android:drawable/toast_frame) that varies with configuration!!
10-09 19:25:45.733 25600 25600 I art     : Explicit concurrent mark sweep GC freed 64(2880B) AllocSpace objects, 0(0B) LOS objects, 66% free, 1638KB/4MB, paused 182us total 5.813ms
10-09 19:25:45.735 25600 25600 W Resources: Preloaded drawable resource #0x108010d (android:drawable/btn_check_on_pressed_holo_light) that varies with configuration!!
10-09 19:25:45.735 25600 25600 W Resources: Preloaded drawable resource #0x108010c (android:drawable/btn_check_on_pressed_holo_dark) that varies with configuration!!
10-09 19:25:45.740 25600 25600 I art     : Explicit concurrent mark sweep GC freed 57(71KB) AllocSpace objects, 0(0B) LOS objects, 66% free, 1631KB/4MB, paused 153us total 4.104ms
10-09 19:25:45.743 25600 25600 W Resources: Preloaded drawable resource #0x108010a (android:drawable/btn_check_on_holo_light) that varies with configuration!!
10-09 19:25:45.744 25600 25600 W Resources: Preloaded drawable resource #0x1080109 (android:drawable/btn_check_on_holo_dark) that varies with configuration!!
10-09 19:25:45.748 25600 25600 I art     : Explicit concurrent mark sweep GC freed 59(63KB) AllocSpace objects, 0(0B) LOS objects, 66% free, 1632KB/4MB, paused 77us total 3.993ms
10-09 19:25:45.750 25600 25600 W Resources: Preloaded drawable resource #0x1080107 (android:drawable/btn_check_on_focused_holo_light) that varies with configuration!!
10-09 19:25:45.752 25600 25600 W Resources: Preloaded drawable resource #0x1080106 (android:drawable/btn_check_on_focused_holo_dark) that varies with configuration!!
10-09 19:25:45.756 25600 25600 I art     : Explicit concurrent mark sweep GC freed 59(64KB) AllocSpace objects, 0(0B) LOS objects, 66% free, 1632KB/4MB, paused 75us total 3.807ms
10-09 19:25:45.757 25600 25600 W Resources: Preloaded drawable resource #0x1080105 (android:drawable/btn_check_on_disabled_holo_light) that varies with configuration!!
10-09 19:25:45.757 25600 25600 W Resources: Preloaded drawable resource #0x1080104 (android:drawable/btn_check_on_disabled_holo_dark) that varies with configuration!!
10-09 19:25:45.761 25600 25600 I art     : Explicit concurrent mark sweep GC freed 59(64KB) AllocSpace objects, 0(0B) LOS objects, 66% free, 1632KB/4MB, paused 73us total 3.728ms
10-09 19:25:45.762 25600 25600 W Resources: Preloaded drawable resource #0x1080103 (android:drawable/btn_check_on_disabled_focused_holo_light) that varies with configuration!!
10-09 19:25:45.762 25600 25600 W Resources: Preloaded drawable resource #0x1080102 (android:drawable/btn_check_on_disabled_focused_holo_dark) that varies with configuration!!
10-09 19:25:45.767 25600 25600 I art     : Explicit concurrent mark sweep GC freed 59(64KB) AllocSpace objects, 0(0B) LOS objects, 66% free, 1633KB/4MB, paused 77us total 3.868ms
10-09 19:25:45.767 25600 25600 W Resources: Preloaded drawable resource #0x10800fa (android:drawable/btn_check_off_pressed_holo_light) that varies with configuration!!
10-09 19:25:45.768 25600 25600 W Resources: Preloaded drawable resource #0x10800f9 (android:drawable/btn_check_off_pressed_holo_dark) that varies with configuration!!
10-09 19:25:45.772 25600 25600 I art     : Explicit concurrent mark sweep GC freed 59(64KB) AllocSpace objects, 0(0B) LOS objects, 66% free, 1633KB/4MB, paused 76us total 3.784ms
10-09 19:25:45.773 25600 25600 W Resources: Preloaded drawable resource #0x10800f5 (android:drawable/btn_check_off_holo_light) that varies with configuration!!
10-09 19:25:45.773 25600 25600 W Resources: Preloaded drawable resource #0x10800f4 (android:drawable/btn_check_off_holo_dark) that varies with configuration!!
10-09 19:25:45.777 25600 25600 I art     : Explicit concurrent mark sweep GC freed 61(64KB) AllocSpace objects, 0(0B) LOS objects, 66% free, 1633KB/4MB, paused 75us total 3.770ms
10-09 19:25:45.778 25600 25600 W Resources: Preloaded drawable resource #0x10800f2 (android:drawable/btn_check_off_focused_holo_light) that varies with configuration!!
10-09 19:25:45.779 25600 25600 W Resources: Preloaded drawable resource #0x10800f1 (android:drawable/btn_check_off_focused_holo_dark) that varies with configuration!!
10-09 19:25:45.783 25600 25600 I art     : Explicit concurrent mark sweep GC freed 59(64KB) AllocSpace objects, 0(0B) LOS objects, 66% free, 1634KB/4MB, paused 77us total 3.966ms
10-09 19:25:45.784 25600 25600 W Resources: Preloaded drawable resource #0x10800f0 (android:drawable/btn_check_off_disabled_holo_light) that varies with configuration!!
10-09 19:25:45.785 25600 25600 W Resources: Preloaded drawable resource #0x10800ef (android:drawable/btn_check_off_disabled_holo_dark) that varies with configuration!!
10-09 19:25:45.789 25600 25600 I art     : Explicit concurrent mark sweep GC freed 59(64KB) AllocSpace objects, 0(0B) LOS objects, 66% free, 1634KB/4MB, paused 77us total 4.023ms
10-09 19:25:45.790 25600 25600 W Resources: Preloaded drawable resource #0x10800ee (android:drawable/btn_check_off_disabled_focused_holo_light) that varies with configuration!!
10-09 19:25:45.790 25600 25600 W Resources: Preloaded drawable resource #0x10800ed (android:drawable/btn_check_off_disabled_focused_holo_dark) that varies with configuration!!
10-09 19:25:45.794 25600 25600 I art     : Explicit concurrent mark sweep GC freed 59(64KB) AllocSpace objects, 0(0B) LOS objects, 66% free, 1634KB/4MB, paused 76us total 3.818ms
10-09 19:25:45.800 25600 25600 W Resources: Preloaded drawable resource #0x108010a (android:drawable/btn_check_on_holo_light) that varies with configuration!!
10-09 19:25:45.801 25600 25600 W Resources: Preloaded drawable resource #0x10800f5 (android:drawable/btn_check_off_holo_light) that varies with configuration!!
10-09 19:25:45.801 25600 25600 W Resources: Preloaded drawable resource #0x108010d (android:drawable/btn_check_on_pressed_holo_light) that varies with configuration!!
10-09 19:25:45.802 25600 25600 W Resources: Preloaded drawable resource #0x10800fa (android:drawable/btn_check_off_pressed_holo_light) that varies with configuration!!
10-09 19:25:45.803 25600 25600 W Resources: Preloaded drawable resource #0x1080107 (android:drawable/btn_check_on_focused_holo_light) that varies with configuration!!
10-09 19:25:45.803 25600 25600 W Resources: Preloaded drawable resource #0x10800f2 (android:drawable/btn_check_off_focused_holo_light) that varies with configuration!!
10-09 19:25:45.804 25600 25600 W Resources: Preloaded drawable resource #0x10800f5 (android:drawable/btn_check_off_holo_light) that varies with configuration!!
10-09 19:25:45.804 25600 25600 W Resources: Preloaded drawable resource #0x108010a (android:drawable/btn_check_on_holo_light) that varies with configuration!!
10-09 19:25:45.805 25600 25600 W Resources: Preloaded drawable resource #0x1080105 (android:drawable/btn_check_on_disabled_holo_light) that varies with configuration!!
10-09 19:25:45.805 25600 25600 W Resources: Preloaded drawable resource #0x10800f0 (android:drawable/btn_check_off_disabled_holo_light) that varies with configuration!!
10-09 19:25:45.806 25600 25600 W Resources: Preloaded drawable resource #0x1080103 (android:drawable/btn_check_on_disabled_focused_holo_light) that varies with configuration!!
10-09 19:25:45.806 25600 25600 W Resources: Preloaded drawable resource #0x10800ee (android:drawable/btn_check_off_disabled_focused_holo_light) that varies with configuration!!
10-09 19:25:45.807 25600 25600 W Resources: Preloaded drawable resource #0x10800f0 (android:drawable/btn_check_off_disabled_holo_light) that varies with configuration!!
10-09 19:25:45.807 25600 25600 W Resources: Preloaded drawable resource #0x1080105 (android:drawable/btn_check_on_disabled_holo_light) that varies with configuration!!
10-09 19:25:45.807 25600 25600 W Resources: Preloaded drawable resource #0x10800e3 (android:drawable/btn_check_holo_light) that varies with configuration!!
10-09 19:25:45.812 25600 25600 I art     : Explicit concurrent mark sweep GC freed 361(83KB) AllocSpace objects, 0(0B) LOS objects, 66% free, 2002KB/5MB, paused 76us total 3.959ms
10-09 19:25:45.813 25600 25600 W Resources: Preloaded drawable resource #0x1080109 (android:drawable/btn_check_on_holo_dark) that varies with configuration!!
10-09 19:25:45.814 25600 25600 W Resources: Preloaded drawable resource #0x10800f4 (android:drawable/btn_check_off_holo_dark) that varies with configuration!!
10-09 19:25:45.814 25600 25600 W Resources: Preloaded drawable resource #0x108010c (android:drawable/btn_check_on_pressed_holo_dark) that varies with configuration!!
10-09 19:25:45.815 25600 25600 W Resources: Preloaded drawable resource #0x10800f9 (android:drawable/btn_check_off_pressed_holo_dark) that varies with configuration!!
10-09 19:25:45.816 25600 25600 W Resources: Preloaded drawable resource #0x1080106 (android:drawable/btn_check_on_focused_holo_dark) that varies with configuration!!
10-09 19:25:45.816 25600 25600 W Resources: Preloaded drawable resource #0x10800f1 (android:drawable/btn_check_off_focused_holo_dark) that varies with configuration!!
10-09 19:25:45.817 25600 25600 W Resources: Preloaded drawable resource #0x10800f4 (android:drawable/btn_check_off_holo_dark) that varies with configuration!!
10-09 19:25:45.817 25600 25600 W Resources: Preloaded drawable resource #0x1080109 (android:drawable/btn_check_on_holo_dark) that varies with configuration!!
10-09 19:25:45.818 25600 25600 W Resources: Preloaded drawable resource #0x1080104 (android:drawable/btn_check_on_disabled_holo_dark) that varies with configuration!!
10-09 19:25:45.818 25600 25600 W Resources: Preloaded drawable resource #0x10800ef (android:drawable/btn_check_off_disabled_holo_dark) that varies with configuration!!
10-09 19:25:45.819 25600 25600 W Resources: Preloaded drawable resource #0x1080102 (android:drawable/btn_check_on_disabled_focused_holo_dark) that varies with configuration!!
10-09 19:25:45.820 25600 25600 W Resources: Preloaded drawable resource #0x10800ed (android:drawable/btn_check_off_disabled_focused_holo_dark) that varies with configuration!!
