10-09 19:25:50.918 25685 25685 I SystemServiceManager: Starting com.android.server.UiModeManagerService
10-09 19:25:50.925 25685 25685 I SystemServiceManager: Starting com.android.server.job.JobSchedulerService
10-09 19:25:50.942 25685 25685 I SystemServiceManager: Starting com.android.server.backup.BackupManagerService$Lifecycle
10-09 19:25:50.946 25685 25685 I SystemServiceManager: Starting com.android.server.appwidget.AppWidgetService
10-09 19:25:50.951 25685 25685 I SystemServiceManager: Starting com.android.server.voiceinteraction.VoiceInteractionManagerService
10-09 19:25:50.956 25685 25685 W SoundTriggerHelper: listModules status=0, # of modules=0
10-09 19:25:50.959 25685 25685 I SystemServer: DiskStats Service
10-09 19:25:50.961 25685 25685 I SystemServer: SamplingProfiler Service
10-09 19:25:50.967 25685 25685 I SystemServer: NetworkTimeUpdateService
10-09 19:25:50.967 25685 25685 I SystemServer: CommonTimeManagementService
10-09 19:25:50.971 25685 25685 I SystemServer: CertBlacklister
10-09 19:25:50.972 25685 25685 I SystemServiceManager: Starting com.android.server.dreams.DreamManagerService
10-09 19:25:50.977 25685 25685 I SystemServer: Assets Atlas Service
10-09 19:25:50.980 25685 25685 I SystemServiceManager: Starting com.android.server.restrictions.RestrictionsManagerService
10-09 19:25:50.983 25685 25791 D AssetAtlas: Loaded configuration: SliceMinArea (768x768) flags=0x2 count=2
10-09 19:25:50.984 25685 25685 I SystemServiceManager: Starting com.android.server.media.MediaSessionService
10-09 19:25:50.994 25685 25685 I SystemServer: Media Router Service
10-09 19:25:50.998 25685 25685 I SystemServiceManager: Starting com.android.server.trust.TrustManagerService
10-09 19:25:51.000 25685 25791 D AssetAtlas: Rendered atlas in ٦٫٩٥ms (٠٫٠٩+٦٫٨٦ms)
10-09 19:25:51.002 25685 25685 I SystemServer: BackgroundDexOptService
10-09 19:25:51.006 25685 25685 I SystemServiceManager: Starting com.android.server.pm.LauncherAppsService
10-09 19:25:51.009 25685 25685 I SystemServiceManager: Starting com.android.server.media.projection.MediaProjectionManagerService
10-09 19:25:51.010 25345 25345 D LauncherActivity: FullDialog progress=75
10-09 19:25:51.020 25685 25685 I WindowManager: SAFE MODE not enabled
10-09 19:25:51.023 25685 25685 I SystemServiceManager: Starting com.android.server.MmsServiceBroker
10-09 19:25:51.033 25685 25685 E SQLiteLog: (283) recovered 16 frames from WAL file /data/system/locksettings.db-wal
10-09 19:25:51.039 25685 25685 E LockSettingsStorage: Cannot read file java.io.FileNotFoundException: /data/system/password.key: open failed: ENOENT (No such file or directory)
10-09 19:25:51.039 25685 25685 E LockSettingsStorage: Cannot read file java.io.FileNotFoundException: /data/system/gesture.key: open failed: ENOENT (No such file or directory)
10-09 19:25:51.040 25685 25685 I SystemServiceManager: Starting phase 480
10-09 19:25:51.058 25685 25685 I SystemServiceManager: Starting phase 500
10-09 19:25:51.059 25685 25685 I WifiService: WifiService starting up with Wi-Fi enabled
10-09 19:25:51.060 25685 25685 E WifiService: Invoking mWifiStateMachine.setWifiEnabled
10-09 19:25:51.061 25685 25782 D WifiController: WifiController msg { when=0 what=155656 target=com.android.internal.util.StateMachine$SmHandler } deferred for 499ms
10-09 19:25:51.072 25685 25685 I WifiScanningService: Registering wifiscanner
10-09 19:25:51.080 25685 25685 I RttService: Registering rttmanager
10-09 19:25:51.080 25685 25796 D WifiChangeStateMachine: Entering IdleState
10-09 19:25:51.080 25685 25796 D WifiScanningService: DefaultState
10-09 19:25:51.084 25685 25685 I ActivityManager: Config changes=200 {1.0 ?mcc?mnc ar_EG ?layoutDir sw392dp w392dp h741dp 440dpi nrml long port finger -keyb/v/h -nav/h s.4}
10-09 19:25:51.112 25685 25685 I BackupManagerService: Binding to transport host ComponentInfo{android/com.android.internal.backup.LocalTransportService}
10-09 19:25:51.119 25685 25685 I BackupManagerService: Binding to transport host ComponentInfo{com.google.android.gms/com.google.android.gms.backup.BackupTransportService}
10-09 19:25:51.121 25345 25345 D LauncherActivity: FullDialog progress=76
10-09 19:25:51.125 25685 25685 W vmautolaunch: com.google.android.gms autoLaunchDenied false for via service
10-09 19:25:51.125 25685 25685 I BackupManagerService: Binding to transport host ComponentInfo{com.google.android.backuptransport/com.google.android.backup.BackupTransportService}
10-09 19:25:51.126 25685 25685 W vmautolaunch: com.google.android.backuptransport autoLaunchDenied false for via service
10-09 19:25:51.126 25685 25685 I BackupManagerService: Found stale backup journal, scheduling
10-09 19:25:51.149 25685 25685 I AppOps  : Pruning old package root/0: new uid=-1
10-09 19:25:51.149 25685 25685 I ActivityManager: System now ready
10-09 19:25:51.153 25685 25719 I DisplayManagerService: Display device changed: DisplayDeviceInfo{"شاشة مدمجة": uniqueId="local:0", 1080 x 2240, 120.00001 fps, supportedRefreshRates [120.00001], density 440, 159.89508 x 160.42105 dpi, appVsyncOff 0, presDeadline 9333333, touch INTERNAL, rotation 0, type BUILT_IN, state ON, FLAG_DEFAULT_DISPLAY, FLAG_ROTATES_WITH_CONTENT, FLAG_SECURE, FLAG_SUPPORTS_PROTECTED_BUFFERS}
10-09 19:25:51.154 25593 25593 D SurfaceFlinger: Set power mode=2, type=0 flinger=0xf465a000
10-09 19:25:51.154 25593 25593 D SurfaceFlinger: Screen type=0 is already mode=2
10-09 19:25:51.155 25685 25800 D         : set_light_backlight: On/Off 0/0 flashMode 0 brightnessMode 0 RGB = 0xff666666
10-09 19:25:51.155 25685 25800 D         : set_light_backlight: lcd_backlight command: power:light:brightness:lcd_backlight:102
10-09 19:25:51.155 25345 25801 E VMHAL_QEMUD: can't read qemud frame header: Success
10-09 19:25:51.157 25685 25685 I SystemServer: Making services ready
10-09 19:25:51.157 25685 25685 I SystemServiceManager: Starting phase 550
10-09 19:25:51.159 25685 25685 I SystemServer: WebViewFactory preparation
10-09 19:25:51.161 25600 25600 W Zygote  : Got runOnce=true
10-09 19:25:51.171 25685 25685 I Zygote  : Process: zygote socket opened, supported ABIS: armeabi-v7a,armeabi
10-09 19:25:51.171 25600 25600 W Zygote  : Got runOnce=true
10-09 19:25:51.203 25685 25685 I ActivityManager: Start proc 25803:WebViewLoader-armeabi-v7a/1037 [android.webkit.WebViewFactory$RelroFileCreator] for 
10-09 19:25:51.204 25685 25685 W vmautolaunch: com.android.systemui autoLaunchDenied false for via service
10-09 19:25:51.205 25600 25600 W Zygote  : Got runOnce=true
10-09 19:25:51.210 25571 25580 D VirtualBinder: binder_filp_open ----pid==25803--------
10-09 19:25:51.211 25803 25803 E Zygote  : Zygote MethodAndArgsCaller xxx
10-09 19:25:51.211 25803 25803 V WebViewFactory: RelroFileCreator (64bit = false),  32-bit lib: /system/app/webview/lib/arm/libwebviewchromium.so, 64-bit lib: 
10-09 19:25:51.234 25345 25345 D LauncherActivity: FullDialog progress=77
10-09 19:25:51.235 25685 25685 I ActivityManager: Start proc 25825:com.android.systemui/u0a11 for service com.android.systemui/.SystemUIService
10-09 19:25:51.243 25685 25685 D LocalLog.java: SND -> {1 firewall disable}
10-09 19:25:51.243 25685 25758 D LocalLog.java: RCV <- {200 1 Firewall command succeeded}
10-09 19:25:51.244 25685 25685 W NetworkStats: bandwidth controls disabled, unable to track stats
10-09 19:25:51.244 25685 25685 W NetworkPolicy: bandwidth controls disabled, unable to enforce policy
10-09 19:25:51.246 25571 25580 D VirtualBinder: binder_filp_open ----pid==25825--------
10-09 19:25:51.247 25685 25685 D LocalLog.java: SND -> {2 firewall disable}
10-09 19:25:51.248 25685 25758 D LocalLog.java: RCV <- {200 2 Firewall command succeeded}
10-09 19:25:51.248 25685 25685 D PermissionMonitor: Monitoring
10-09 19:25:51.249 25825 25825 E Zygote  : Zygote MethodAndArgsCaller xxx
10-09 19:25:51.253 25685 25685 D PermissionMonitor: Users: 1, Apps: 34
10-09 19:25:51.254 25685 25685 D LocalLog.java: SND -> {3 network permission user set SYSTEM 10025 10002 10027 10001 10003 10017 10022 10014 10008 10013}
10-09 19:25:51.254 25685 25758 D LocalLog.java: RCV <- {200 3 success}
10-09 19:25:51.254 25685 25685 D LocalLog.java: SND -> {4 network permission user set SYSTEM 10011 10009 10019 10004 10018 10024 10020 10023 10007 10030}
10-09 19:25:51.255 25685 25758 D LocalLog.java: RCV <- {200 4 success}
10-09 19:25:51.255 25685 25685 D LocalLog.java: SND -> {5 network permission user set SYSTEM 2000 10029 10005 10010 10028 10016 1001 10021 10012 1000}
10-09 19:25:51.256 25685 25758 D LocalLog.java: RCV <- {200 5 success}
10-09 19:25:51.256 25685 25685 D LocalLog.java: SND -> {6 network permission user set SYSTEM 10000 10015 10006 10026}
10-09 19:25:51.256 25685 25758 D LocalLog.java: RCV <- {200 6 success}
10-09 19:25:51.257 25685 25685 I SystemServiceManager: Starting phase 600
10-09 19:25:51.257 25803 25803 I art     : System.exit called, status: 0
10-09 19:25:51.258 25803 25803 I AndroidRuntime: VM exiting with result code 0, cleanup skipped.
10-09 19:25:51.262 25685 25718 D BluetoothManagerService: Message: 20
10-09 19:25:51.262 25685 25718 D BluetoothManagerService: Added callback: android.bluetooth.BluetoothAdapter$1@206810db:true
10-09 19:25:51.264 25571 25580 D VirtualBinder: binder monitor:recv error ret=0 errno=0
10-09 19:25:51.265 25571 25580 D VirtualBinder: binder_filp_close ----pid==25803--------
10-09 19:25:51.265 25685 25718 D BluetoothManagerService: Message: 30
10-09 19:25:51.265 25571 25580 D VirtualBinder: binder bridge: binder_free_proc
10-09 19:25:51.265 25685 25714 W ContextImpl: Calling a method in the system process without a qualified user: android.app.ContextImpl.sendBroadcast:1346 com.android.server.am.ActivityManagerService$MainHandler.handleMessage:1863 android.os.Handler.dispatchMessage:102 android.os.Looper.loop:135 android.os.HandlerThread.run:61 
10-09 19:25:51.265 25685 25788 D BluetoothManagerService: Trying to bind to profile: 1, while Bluetooth was disabled
10-09 19:25:51.267 25685 25685 W ActivityManager: Unable to start service Intent { act=android.service.notification.NotificationListenerService cmp=com.vmos.vmosservice/.service.MyNotificationListenerService } U=0: not found
10-09 19:25:51.267 25685 25685 W NotificationListeners: Unable to bind notification listener service: Intent { act=android.service.notification.NotificationListenerService cmp=com.vmos.vmosservice/.service.MyNotificationListenerService (has extras) }
10-09 19:25:51.267 25685 25718 D BluetoothManagerService: Message: 30
10-09 19:25:51.267 25685 25788 E BluetoothA2dp: Could not bind to Bluetooth A2DP Service with Intent { act=android.bluetooth.IBluetoothA2dp }
10-09 19:25:51.272 25685 25685 I BackupManagerService: Backup enabled => true
10-09 19:25:51.282 25685 25685 E InputMethodManagerService: Ignoring setImeWindowStatus due to an invalid token. uid:1000 token:null
10-09 19:25:51.287 25685 25685 W vmautolaunch: com.android.inputmethod.latin autoLaunchDenied false for via service
10-09 19:25:51.288 25600 25600 W Zygote  : Got runOnce=true
10-09 19:25:51.305 25597 25737 W linker  : libavcodec.so has text relocations. This is wasting memory and prevents security hardening. Please fix.
10-09 19:25:51.315 25685 25685 I ActivityManager: Start proc 25854:com.android.inputmethod.latin/u0a23 for service com.android.inputmethod.latin/.LatinIME
10-09 19:25:51.318 25825 25825 V SystemUIService: Starting SystemUI services.
10-09 19:25:51.320 25597 25865 E WVMExtractor: Failed to open libwvm.so: dlopen failed: library "libwvm.so" not found
10-09 19:25:51.320 25597 25865 I FFmpegExtractor: android-source:0xefc46700
10-09 19:25:51.321 25685 25685 E HAL     : enter gralloc class_id=gps
10-09 19:25:51.323 25685 25685 E HAL     : loaded HAL id=gps path=/system/lib/hw/gps.smdk4x12.so hmi=0xedf56a80 handle=0xead80bd4
10-09 19:25:51.324 25571 25580 D VirtualBinder: binder_filp_open ----pid==25854--------
10-09 19:25:51.327 25854 25854 E Zygote  : Zygote MethodAndArgsCaller xxx
10-09 19:25:51.331 25685 25685 D GpsLocationProvider: Reset GPS properties, previous size = 0
10-09 19:25:51.332 25685 25685 D GpsLocationProvider: GpsParamsResource: SUPL_HOST=supl.google.com
10-09 19:25:51.332 25685 25685 D GpsLocationProvider: GpsParamsResource: SUPL_PORT=7275
10-09 19:25:51.332 25685 25685 D GpsLocationProvider: GpsParamsResource: NTP_SERVER=north-america.pool.ntp.org
10-09 19:25:51.332 25685 25685 D GpsLocationProvider: GpsParamsResource: SUPL_VER=0x20000
10-09 19:25:51.332 25685 25685 D GpsLocationProvider: GpsParamsResource: SUPL_MODE=1
10-09 19:25:51.334 25685 25685 W GpsLocationProvider: Could not open GPS configuration file /etc/gps.conf
10-09 19:25:51.334 25685 25685 D GpsLocationProvider: GPS properties reloaded, size = 5
10-09 19:25:51.334 25685 25685 E GpsLocationProvider: no AGPS interface in set_agps_server
10-09 19:25:51.334 25685 25714 W ContextImpl: Calling a method in the system process without a qualified user: android.app.ContextImpl.sendBroadcast:1346 com.android.server.am.ActivityManagerService$MainHandler.handleMessage:1863 android.os.Handler.dispatchMessage:102 android.os.Looper.loop:135 android.os.HandlerThread.run:61 
10-09 19:25:51.335 25685 25685 E GpsLocationProvider: no GPS configuration interface in configuraiton_update
10-09 19:25:51.335 25685 25685 D GpsLocationProvider: final config = #Sat Oct 09 19:25:51 GMT+03:00 2021
10-09 19:25:51.335 25685 25685 D GpsLocationProvider: SUPL_VER=0x20000
10-09 19:25:51.335 25685 25685 D GpsLocationProvider: SUPL_HOST=supl.google.com
10-09 19:25:51.335 25685 25685 D GpsLocationProvider: NTP_SERVER=north-america.pool.ntp.org
10-09 19:25:51.335 25685 25685 D GpsLocationProvider: SUPL_PORT=7275
10-09 19:25:51.335 25685 25685 D GpsLocationProvider: SUPL_MODE=1
10-09 19:25:51.348 25345 25345 D LauncherActivity: FullDialog progress=78
10-09 19:25:51.353 25685 25685 W LocationProviderProxy-network: com.google.android.gms resolves service com.android.location.service.v3.NetworkLocationProvider, but has wrong signature, ignoring
10-09 19:25:51.353 25685 25685 W LocationManagerService: no network location provider found
10-09 19:25:51.355 25685 25685 W LocationProviderProxy-fused: com.google.android.gms resolves service com.android.location.service.FusedLocationProvider, but has wrong signature, ignoring
10-09 19:25:51.355 25597 25865 I FFMPEG  : Input #0, ogg, from 'android-source:0xefc46700':
10-09 19:25:51.355 25597 25865 I FFMPEG  :   Duration: 00:00:00.09, start: 0.000000, bitrate: 437 kb/s
10-09 19:25:51.356 25597 25865 I FFMPEG  :     Stream #0:0: Audio: vorbis, 48000 Hz, stereo, fltp, 96 kb/s
10-09 19:25:51.356 25597 25865 D FFmpegExtractor: FFmpegExtrator, url: android-source:0xefc46700, format_name: ogg, format_long_name: Ogg
10-09 19:25:51.356 25597 25865 I FFmpegExtractor: adjust mime(application/ogg -> audio/vorbis)
10-09 19:25:51.357 25597 25865 D FFmpegExtractor: suppoted codec(vorbis) by official Stagefright
10-09 19:25:51.357 25685 25685 W GeocoderProxy: com.google.android.gms resolves service com.android.location.service.GeocodeProvider, but has wrong signature, ignoring
10-09 19:25:51.357 25685 25685 E LocationManagerService: no geocoder provider found
10-09 19:25:51.357 25685 25685 E HAL     : enter gralloc class_id=flp
10-09 19:25:51.357 25685 25685 E FlpHardwareProvider: Error hw_get_module 'flp': -2
10-09 19:25:51.357 25685 25685 E LocationManagerService: FLP HAL not supported
10-09 19:25:51.358 25597 25865 D FFmpegExtractor: ffmpeg detected media content as 'audio/vorbis' with confidence 0.08
10-09 19:25:51.359 25685 25685 W GeofenceProxy: com.google.android.gms resolves service com.android.location.service.GeofenceProvider, but has wrong signature, ignoring
10-09 19:25:51.359 25685 25685 E LocationManagerService: Unable to bind FLP Geofence proxy.
10-09 19:25:51.360 25685 25685 E HAL     : enter gralloc class_id=activity_recognition
10-09 19:25:51.360 25685 25685 E ActivityRecognitionHardware: Error hw_get_module: -2
10-09 19:25:51.360 25685 25685 E LocationManagerService: Hardware Activity-Recognition not supported.
10-09 19:25:51.365 25597 25737 D NuPlayerDriver: start(0xefc43f00)
10-09 19:25:51.365 25597 25853 I GenericSource: start
10-09 19:25:51.365 25685 25714 W vmautolaunch: com.google.android.gms autoLaunchDenied false for via broadcast
10-09 19:25:51.367 25600 25600 W Zygote  : Got runOnce=true
10-09 19:25:51.370 25685 25713 E GpsLocationProvider: no AGPS interface in set_agps_server
10-09 19:25:51.379 25597 25882 D SoftFFmpegAudio: SoftFFmpegAudio component: OMX.ffmpeg.aac.decoder mMode: 1
10-09 19:25:51.383 25597 25882 D SoftFFmpegAudio: SoftFFmpegAudio component: OMX.ffmpeg.ra.decoder mMode: 5
10-09 19:25:51.387 25597 25882 D SoftFFmpegAudio: SoftFFmpegAudio component: OMX.ffmpeg.ac3.decoder mMode: 8
10-09 19:25:51.391 25597 25882 D SoftFFmpegAudio: SoftFFmpegAudio component: OMX.ffmpeg.ape.decoder mMode: 9
10-09 19:25:51.392 25685 25714 I ActivityManager: Start proc 25893:com.google.android.gms.persistent/u0a4 for broadcast com.google.android.gms/com.google.android.location.internal.NlpNetworkProviderSettingsUpdateReceiver
10-09 19:25:51.394 25597 25882 D SoftFFmpegAudio: SoftFFmpegAudio component: OMX.ffmpeg.dts.decoder mMode: 10
10-09 19:25:51.398 25685 25685 I CommonTimeManagementService: No common time service detected on this platform.  Common time services will be unavailable.
10-09 19:25:51.400 25685 25753 I InputReader: Reconfiguring input devices.  changes=0x00000020
10-09 19:25:51.401 25571 25580 D VirtualBinder: binder_filp_open ----pid==25893--------
10-09 19:25:51.402 25685 25685 I MmsServiceBroker: Delay connecting to MmsService until an API is called
10-09 19:25:51.403 25685 25685 W VoiceInteractionManagerService: no available voice interaction services found for user 0
10-09 19:25:51.403 25685 25685 W VoiceInteractionManagerService: no available voice recognition services found for user 0
10-09 19:25:51.404 25685 25753 I InputReader: Reconfiguring input devices.  changes=0x00000010
10-09 19:25:51.406 25893 25893 E Zygote  : Zygote MethodAndArgsCaller xxx
10-09 19:25:51.406 25600 25600 W Zygote  : Got runOnce=true
10-09 19:25:51.408 25825 25825 W FingerprintManager: startListening(): Service not connected!
10-09 19:25:51.410 25597 25597 W NPDecoder: type=1400 audit(0.0:3260674): avc: granted { execute } for path="/data/data/com.vmos.web/osimg/r/ot01/system/lib/libstagefright_soft_g711dec.so" dev="mmcblk0p46" ino=1672233 scontext=u:r:untrusted_app_27:s0:c10,c259,c512,c768 tcontext=u:object_r:app_data_file:s0:c10,c259,c512,c768 tclass=file
10-09 19:25:51.414 25597 25597 W NPDecoder: type=1400 audit(0.0:3260677): avc: granted { execute } for path="/data/data/com.vmos.web/osimg/r/ot01/system/lib/libstagefright_soft_opusdec.so" dev="mmcblk0p46" ino=1672241 scontext=u:r:untrusted_app_27:s0:c10,c259,c512,c768 tcontext=u:object_r:app_data_file:s0:c10,c259,c512,c768 tclass=file
10-09 19:25:51.418 25597 25597 W NPDecoder: type=1400 audit(0.0:3260678): avc: granted { execute } for path="/data/data/com.vmos.web/osimg/r/ot01/system/lib/libstagefright_soft_rawdec.so" dev="mmcblk0p46" ino=1672242 scontext=u:r:untrusted_app_27:s0:c10,c259,c512,c768 tcontext=u:object_r:app_data_file:s0:c10,c259,c512,c768 tclass=file
10-09 19:25:51.425 25854 25854 I LatinIME: Hardware accelerated drawing: true
10-09 19:25:51.438 25685 25685 I ActivityManager: Start proc 25944:com.android.phone/1001 for added application com.android.phone
10-09 19:25:51.440 25685 25685 I ActivityManager: START u0 {act=android.intent.action.MAIN cat=[android.intent.category.HOME] flg=0x10000000 cmp=ch.deletescape.lawnchair.plah/ch.deletescape.lawnchair.Launcher} from uid 0 on display 0
10-09 19:25:51.445 25597 25882 D SoftFFmpegVideo: SoftFFmpegVideo component: OMX.ffmpeg.rv.decoder mMode: 5
10-09 19:25:51.446 25597 25882 E OMXNodeInstance: getParameter(14:ffmpeg.rv.decoder, ParamVideoProfileLevelQuerySupported(0x600000f)) ERROR: UnsupportedIndex(0x8000101a)
10-09 19:25:51.447 25597 25882 W OMXNodeInstance: [14:ffmpeg.rv.decoder] component does not support metadata mode; using fallback
10-09 19:25:51.447 25597 25882 E OMXNodeInstance: getExtensionIndex(14:ffmpeg.rv.decoder, OMX.google.android.index.prepareForAdaptivePlayback) ERROR: UnsupportedIndex(0x8000101a)
10-09 19:25:51.447 25571 25580 D VirtualBinder: binder_filp_open ----pid==25944--------
10-09 19:25:51.450 25944 25944 E Zygote  : Zygote MethodAndArgsCaller xxx
10-09 19:25:51.450 25597 25882 D SoftFFmpegVideo: SoftFFmpegVideo component: OMX.ffmpeg.hevc.decoder mMode: 11
10-09 19:25:51.451 25597 25882 E OMXNodeInstance: getParameter(15:ffmpeg.hevc.decoder, ParamVideoProfileLevelQuerySupported(0x600000f)) ERROR: UnsupportedIndex(0x8000101a)
10-09 19:25:51.451 25597 25882 W OMXNodeInstance: [15:ffmpeg.hevc.decoder] component does not support metadata mode; using fallback
10-09 19:25:51.452 25597 25882 E OMXNodeInstance: getExtensionIndex(15:ffmpeg.hevc.decoder, OMX.google.android.index.prepareForAdaptivePlayback) ERROR: UnsupportedIndex(0x8000101a)
10-09 19:25:51.454 25597 25882 D SoftFFmpegVideo: SoftFFmpegVideo component: OMX.ffmpeg.divx.decoder mMode: 10
10-09 19:25:51.455 25597 25882 E OMXNodeInstance: getParameter(16:ffmpeg.divx.decoder, ParamVideoProfileLevelQuerySupported(0x600000f)) ERROR: UnsupportedIndex(0x8000101a)
10-09 19:25:51.455 25597 25882 W OMXNodeInstance: [16:ffmpeg.divx.decoder] component does not support metadata mode; using fallback
10-09 19:25:51.455 25597 25882 E OMXNodeInstance: getExtensionIndex(16:ffmpeg.divx.decoder, OMX.google.android.index.prepareForAdaptivePlayback) ERROR: UnsupportedIndex(0x8000101a)
10-09 19:25:51.457 25597 25882 D SoftFFmpegVideo: SoftFFmpegVideo component: OMX.ffmpeg.flv1.decoder mMode: 9
10-09 19:25:51.458 25597 25882 E OMXNodeInstance: getParameter(17:ffmpeg.flv1.decoder, ParamVideoProfileLevelQuerySupported(0x600000f)) ERROR: UnsupportedIndex(0x8000101a)
10-09 19:25:51.458 25597 25882 W OMXNodeInstance: [17:ffmpeg.flv1.decoder] component does not support metadata mode; using fallback
10-09 19:25:51.458 25597 25882 E OMXNodeInstance: getExtensionIndex(17:ffmpeg.flv1.decoder, OMX.google.android.index.prepareForAdaptivePlayback) ERROR: UnsupportedIndex(0x8000101a)
10-09 19:25:51.460 25345 25345 D LauncherActivity: FullDialog progress=79
10-09 19:25:51.461 25597 25882 D SoftFFmpegVideo: SoftFFmpegVideo component: OMX.ffmpeg.h264.decoder mMode: 6
10-09 19:25:51.462 25597 25882 E OMXNodeInstance: getParameter(18:ffmpeg.h264.decoder, ParamVideoProfileLevelQuerySupported(0x600000f)) ERROR: UnsupportedIndex(0x8000101a)
10-09 19:25:51.462 25597 25882 W OMXNodeInstance: [18:ffmpeg.h264.decoder] component does not support metadata mode; using fallback
10-09 19:25:51.462 25597 25882 E OMXNodeInstance: getExtensionIndex(18:ffmpeg.h264.decoder, OMX.google.android.index.prepareForAdaptivePlayback) ERROR: UnsupportedIndex(0x8000101a)
10-09 19:25:51.463 25600 25600 W Zygote  : Got runOnce=true
10-09 19:25:51.466 25597 25882 W OMXNodeInstance: [19:google.mpeg4.decoder] component does not support metadata mode; using fallback
10-09 19:25:51.468 25597 25882 W OMXNodeInstance: [1a:google.h263.decoder] component does not support metadata mode; using fallback
10-09 19:25:51.472 25597 25882 W OMXNodeInstance: [1b:google.h264.decoder] component does not support metadata mode; using fallback
10-09 19:25:51.477 25597 25882 D SoftHEVC: Number of CPU cores: 1
10-09 19:25:51.477 25597 25882 D SoftHEVC: Initializing decoder
10-09 19:25:51.478 25597 25882 D SoftHEVC: Set number of cores to 1
10-09 19:25:51.478 25597 25882 D SoftHEVC: Ittiam decoder version number: @(#)Id:HEVCDEC_production Ver:04.01 Released by ITTIAM Build: May 16 2019 @ 21:32:08
10-09 19:25:51.478 25597 25882 W OMXNodeInstance: [1c:google.hevc.decoder] component does not support metadata mode; using fallback
10-09 19:25:51.478 25597 25882 D SoftHEVC: Freeing codec memory
10-09 19:25:51.478 25597 25882 D SoftHEVC: Number of CPU cores: 1
10-09 19:25:51.478 25597 25882 D SoftHEVC: Initializing decoder
10-09 19:25:51.478 25597 25882 D SoftHEVC: Set number of cores to 1
10-09 19:25:51.478 25597 25882 D SoftHEVC: Ittiam decoder version number: @(#)Id:HEVCDEC_production Ver:04.01 Released by ITTIAM Build: May 16 2019 @ 21:32:08
10-09 19:25:51.479 25597 25882 D SoftHEVC: In SoftHEVC::~SoftHEVC
10-09 19:25:51.479 25597 25882 D SoftHEVC: Freeing codec memory
10-09 19:25:51.483 25597 25882 W OMXNodeInstance: [1d:google.vp8.decoder] component does not support metadata mode; using fallback
10-09 19:25:51.486 25597 25882 W OMXNodeInstance: [1e:google.vp9.decoder] component does not support metadata mode; using fallback
10-09 19:25:51.490 25597 25882 I SoftMPEG4Encoder: Construct SoftMPEG4Encoder
10-09 19:25:51.490 25597 25882 W ACodec  : do not know color format 0x7f000789 = 2130708361
10-09 19:25:51.493 25597 25882 I SoftAVCEncoder: Construct SoftAVCEncoder
10-09 19:25:51.494 25597 25882 W ACodec  : do not know color format 0x7f000789 = 2130708361
10-09 19:25:51.495 25685 25685 I ActivityManager: Start proc 25992:ch.deletescape.lawnchair.plah/1000 for activity ch.deletescape.lawnchair.plah/ch.deletescape.lawnchair.Launcher
10-09 19:25:51.496 25597 25882 I SoftMPEG4Encoder: Construct SoftMPEG4Encoder
10-09 19:25:51.496 25597 25882 W ACodec  : do not know color format 0x7f000789 = 2130708361
10-09 19:25:51.499 25685 25685 D WifiScanningService: SCAN_AVAILABLE : 1
10-09 19:25:51.500 25685 25796 D WifiScanningService: DefaultState got{ when=-2ms what=160007 target=com.android.internal.util.StateMachine$SmHandler }
10-09 19:25:51.501 25597 25882 W ACodec  : do not know color format 0x7f000789 = 2130708361
10-09 19:25:51.501 25685 25685 D RttService: SCAN_AVAILABLE : 1
10-09 19:25:51.502 25685 25797 D RttService: DefaultState got{ when=0 what=160513 target=com.android.internal.util.StateMachine$SmHandler }
10-09 19:25:51.502 25571 25580 D VirtualBinder: binder_filp_open ----pid==25992--------
10-09 19:25:51.503 25591 25591 E lowmemorykiller: Error writing /proc/25944/oom_score_adj; errno=13
10-09 19:25:51.505 25591 25591 E lowmemorykiller: Error writing /proc/25825/oom_score_adj; errno=13
10-09 19:25:51.507 25992 25992 E Zygote  : Zygote MethodAndArgsCaller xxx
10-09 19:25:51.530 25597 25737 D NuPlayerDriver: reset(0xefc43f00)
10-09 19:25:51.536 25597 25853 D NuPlayerDriver: notifyResetComplete(0xefc43f00)
10-09 19:25:51.541 25685 25685 I Choreographer: Skipped 48 frames!  The application may be doing too much work on its main thread.
10-09 19:25:51.541 25685 25714 W ContextImpl: Calling a method in the system process without a qualified user: android.app.ContextImpl.sendBroadcast:1346 com.android.server.am.ActivityManagerService$MainHandler.handleMessage:1863 android.os.Handler.dispatchMessage:102 android.os.Looper.loop:135 android.os.HandlerThread.run:61 
10-09 19:25:51.546 25854 25854 W InputAttributes: No editor info for this field. Bug?
10-09 19:25:51.546 25597 26030 I FFmpegExtractor: android-source:0xefc46580
10-09 19:25:51.554 25597 26030 I FFMPEG  : Input #0, ogg, from 'android-source:0xefc46580':
10-09 19:25:51.555 25597 26030 I FFMPEG  :   Duration: 00:00:00.11, start: 0.000000, bitrate: 431 kb/s
10-09 19:25:51.555 25597 26030 I FFMPEG  :     Stream #0:0: Audio: vorbis, 48000 Hz, mono, fltp, 140 kb/s
10-09 19:25:51.555 25597 26030 D FFmpegExtractor: FFmpegExtrator, url: android-source:0xefc46580, format_name: ogg, format_long_name: Ogg
10-09 19:25:51.555 25597 26030 I FFmpegExtractor: adjust mime(application/ogg -> audio/vorbis)
10-09 19:25:51.555 25597 26030 D FFmpegExtractor: suppoted codec(vorbis) by official Stagefright
10-09 19:25:51.555 25597 26030 D FFmpegExtractor: ffmpeg detected media content as 'audio/vorbis' with confidence 0.08
10-09 19:25:51.560 25597 26032 I FFmpegExtractor: android-source:0xefc46880
10-09 19:25:51.566 25854 26034 I LatinIME:LogUtils: Dictionary info: dictionary = UserHistoryDictionary.zz ; version = 1633537473 ; date = 1633767596
10-09 19:25:51.567 25685 25782 D WifiController: DEFERRED_TOGGLE handled
10-09 19:25:51.567 25597 25737 D NuPlayerDriver: start(0xefc43f00)
10-09 19:25:51.568 25597 26029 I GenericSource: start
10-09 19:25:51.569 25854 26035 I LatinIME:LogUtils: Dictionary info: dictionary = PersonalizationDictionary.zz ; version = 1633770300 ; date = 1633770378
10-09 19:25:51.569 25597 26032 I FFMPEG  : Input #0, ogg, from 'android-source:0xefc46880':
10-09 19:25:51.569 25597 26032 I FFMPEG  :   Duration: 00:00:00.23, start: 0.000000, bitrate: 293 kb/s
10-09 19:25:51.569 25685 25778 D LocalLog.java: SND -> {7 softap fwreload wlan0 STA}
10-09 19:25:51.569 25597 26032 I FFMPEG  :     Stream #0:0: Audio: vorbis, 44100 Hz, stereo, fltp, 160 kb/s
10-09 19:25:51.570 25597 26032 D FFmpegExtractor: FFmpegExtrator, url: android-source:0xefc46880, format_name: ogg, format_long_name: Ogg
10-09 19:25:51.570 25597 26032 I FFmpegExtractor: adjust mime(application/ogg -> audio/vorbis)
10-09 19:25:51.570 25597 26032 D FFmpegExtractor: suppoted codec(vorbis) by official Stagefright
10-09 19:25:51.570 25571 25587 E CommandListener: SoftapCmd::runCommand argv[0]=softap
10-09 19:25:51.570 25597 26032 D FFmpegExtractor: ffmpeg detected media content as 'audio/vorbis' with confidence 0.08
10-09 19:25:51.570 25893 25893 W ResourcesManager: Asset path '/system/framework/com.android.media.remotedisplay.jar' does not exist or contains no resources.
10-09 19:25:51.570 25685 25758 D LocalLog.java: RCV <- {214 7 Ok}
10-09 19:25:51.570 25893 25893 W ResourcesManager: Asset path '/system/framework/com.android.location.provider.jar' does not exist or contains no resources.
10-09 19:25:51.571 25345 25345 D LauncherActivity: FullDialog progress=80
10-09 19:25:51.572 25685 25778 D LocalLog.java: SND -> {8 interface getcfg wlan0}
10-09 19:25:51.572 25571 25587 E CommandListener: InterfaceCmd::runCommand argv[0]=getcfg
10-09 19:25:51.573 25685 25758 D LocalLog.java: RCV <- {213 8 12:34:56:0a:68:cf 0.0.0.0 0 down broadcast multicast}
10-09 19:25:51.574 25597 25745 D NuPlayerDriver: start(0xee71b000)
10-09 19:25:51.574 25597 26031 I GenericSource: start
10-09 19:25:51.574 25685 25778 D LocalLog.java: SND -> {9 interface setcfg wlan0 0.0.0.0 0 multicast broadcast down}
10-09 19:25:51.575 25571 25587 E CommandListener: InterfaceCmd::runCommand argv[0]=setcfg
10-09 19:25:51.575 25571 25587 D CommandListener: Setting iface cfg
10-09 19:25:51.575 25571 25587 D CommandListener: Trying to bring down wlan0
10-09 19:25:51.575 25685 25758 D LocalLog.java: RCV <- {200 9 Interface configuration set}
10-09 19:25:51.576 25685 25778 D LocalLog.java: SND -> {10 interface clearaddrs wlan0}
10-09 19:25:51.576 25571 25587 E CommandListener: InterfaceCmd::runCommand argv[0]=clearaddrs
10-09 19:25:51.577 25571 25587 D CommandListener: Clearing all IP addresses on wlan0
10-09 19:25:51.577 25685 25758 D LocalLog.java: RCV <- {200 10 Interface IP addresses cleared}
10-09 19:25:51.577 25685 25778 D LocalLog.java: SND -> {11 interface ipv6privacyextensions wlan0 enable}
10-09 19:25:51.579 25854 26042 I LatinIME:LogUtils: Dictionary info: dictionary = userunigram.zz ; version = 1633796751 ; date = ?
10-09 19:25:51.579 25571 25587 E CommandListener: InterfaceCmd::runCommand argv[0]=ipv6privacyextensions
10-09 19:25:51.580 25685 25758 D LocalLog.java: RCV <- {200 11 IPv6 privacy extensions changed}
10-09 19:25:51.580 25685 25778 D LocalLog.java: SND -> {12 interface ipv6 wlan0 disable}
10-09 19:25:51.581 25571 25587 E CommandListener: InterfaceCmd::runCommand argv[0]=ipv6
10-09 19:25:51.581 25685 25758 D LocalLog.java: RCV <- {200 12 IPv6 state changed}
10-09 19:25:51.582 25685 25778 E WifiMonitor: killSupplicant p2pfalse init.svc.wpa_supplicant=unknown init.svc.p2p_supplicant=unknown
10-09 19:25:51.584 25854 26048 I LatinIME:LogUtils: Dictionary info: dictionary = ContextualDictionary.zz ; version = 1633796751 ; date = ?
10-09 19:25:51.586 25854 26047 I LatinIME:LogUtils: Dictionary info: dictionary = contacts.zz ; version = 1633537568 ; date = 1633537568
10-09 19:25:51.600 25685 25778 D WifiMonitor: startMonitoring(wlan0) with mConnected = false
10-09 19:25:51.601 25685 25778 D LocalLog.java: p2p0: connectToSupplicant
10-09 19:25:51.601 25685 25704 W vmautolaunch: com.android.providers.userdictionary autoLaunchDenied false for via provider
10-09 19:25:51.602 25597 25737 D NuPlayerDriver: reset(0xefc43f00)
10-09 19:25:51.605 25597 26029 D NuPlayerDriver: notifyResetComplete(0xefc43f00)
10-09 19:25:51.607 25597 25745 D NuPlayerDriver: reset(0xee71b000)
10-09 19:25:51.610 25600 25600 W Zygote  : Got runOnce=true
10-09 19:25:51.613 25597 26031 D NuPlayerDriver: notifyResetComplete(0xee71b000)
10-09 19:25:51.621 25597 26053 I FFmpegExtractor: android-source:0xefc46700
10-09 19:25:51.624 25597 26055 I FFmpegExtractor: android-source:0xefc46800
10-09 19:25:51.629 25597 26055 I FFMPEG  : Input #0, ogg, from 'android-source:0xefc46800':
10-09 19:25:51.629 25597 26055 I FFMPEG  :   Duration: 00:00:00.19, start: 0.000000, bitrate: 332 kb/s
10-09 19:25:51.629 25597 26055 I FFMPEG  :     Stream #0:0: Audio: vorbis, 44100 Hz, stereo, fltp, 160 kb/s
10-09 19:25:51.630 25597 26055 D FFmpegExtractor: FFmpegExtrator, url: android-source:0xefc46800, format_name: ogg, format_long_name: Ogg
10-09 19:25:51.630 25597 26055 I FFmpegExtractor: adjust mime(application/ogg -> audio/vorbis)
10-09 19:25:51.630 25597 26055 D FFmpegExtractor: suppoted codec(vorbis) by official Stagefright
10-09 19:25:51.630 25597 26055 D FFmpegExtractor: ffmpeg detected media content as 'audio/vorbis' with confidence 0.08
10-09 19:25:51.632 25597 26053 I FFMPEG  : Input #0, ogg, from 'android-source:0xefc46700':
10-09 19:25:51.632 25597 26053 I FFMPEG  :   Duration: 00:00:00.11, start: 0.000000, bitrate: 440 kb/s
10-09 19:25:51.632 25597 26053 I FFMPEG  :     Stream #0:0: Audio: vorbis, 48000 Hz, mono, fltp, 140 kb/s
10-09 19:25:51.632 25597 26053 D FFmpegExtractor: FFmpegExtrator, url: android-source:0xefc46700, format_name: ogg, format_long_name: Ogg
10-09 19:25:51.632 25597 26053 I FFmpegExtractor: adjust mime(application/ogg -> audio/vorbis)
10-09 19:25:51.632 25597 26053 D FFmpegExtractor: suppoted codec(vorbis) by official Stagefright
10-09 19:25:51.632 25597 26053 D FFmpegExtractor: ffmpeg detected media content as 'audio/vorbis' with confidence 0.08
10-09 19:25:51.636 25685 25704 I ActivityManager: Start proc 26056:android.process.acore/u0a13 for content provider com.android.providers.userdictionary/.UserDictionaryProvider
10-09 19:25:51.638 25685 25714 W ContextImpl: Calling a method in the system process without a qualified user: android.app.ContextImpl.sendBroadcast:1346 com.android.server.am.ActivityManagerService$MainHandler.handleMessage:1863 android.os.Handler.dispatchMessage:102 android.os.Looper.loop:135 android.os.HandlerThread.run:61 
10-09 19:25:51.638 25685 25778 D LocalLog.java: wlan0: 0:IFNAME=wlan0 DRIVER MACADDR -> Macaddr = 12:34:56:0a:68:cf
10-09 19:25:51.639 25685 25685 I Telecom : TelecomGlobals: TelecomGlobals initializing
10-09 19:25:51.639 25685 25778 D LocalLog.java: wlan0: 1:IFNAME=wlan0 SET update_config 1 -> true
10-09 19:25:51.639 25685 25778 D WifiConfigStore: Loading config and enabling all networks 
10-09 19:25:51.639 25685 25778 D LocalLog.java: wlan0: 2:IFNAME=wlan0 LIST_NETWORKS LAST_ID=-1 -> network id / ssid / bssid / flags
10-09 19:25:51.639 25685 25778 D LocalLog.java: 0	wifi	any
10-09 19:25:51.639 25685 25778 D LocalLog.java: WifiConfigStore: loadConfiguredNetworks:  
10-09 19:25:51.639 25685 25778 D LocalLog.java: network id / ssid / bssid / flags
10-09 19:25:51.639 25685 25778 D LocalLog.java: 0	wifi	any
10-09 19:25:51.639 25685 25778 E WifiConfigStore: Failed to look-up a string: WPA_RSN
10-09 19:25:51.640 25685 25778 D LocalLog.java: loaded configured network wifi 0 status=2 key="wifi"NONE
10-09 19:25:51.640 25685 25778 D LocalLog.java: wlan0: 3:IFNAME=wlan0 LIST_NETWORKS LAST_ID=0 -> network id / ssid / bssid / flags
10-09 19:25:51.641 25597 25745 D NuPlayerDriver: start(0xee71b000)
10-09 19:25:51.641 25597 25737 D NuPlayerDriver: start(0xefc43f00)
10-09 19:25:51.641 25597 26054 I GenericSource: start
10-09 19:25:51.641 25597 26052 I GenericSource: start
10-09 19:25:51.641 25685 25778 D LocalLog.java: WifiConfigStore: loadConfiguredNetworks:  
10-09 19:25:51.641 25685 25778 D LocalLog.java: network id / ssid / bssid / flags
10-09 19:25:51.642 25685 25778 E WifiConfigStore: Error parsing configuration: java.io.FileNotFoundException: /data/misc/wifi/ipconfig.txt: open failed: ENOENT (No such file or directory)
10-09 19:25:51.642 25685 25778 D LocalLog.java: readNetworkHistory() path:/data/misc/wifi/networkHistory.txt
10-09 19:25:51.644 25685 26069 W vmautolaunch: com.android.providers.contacts autoLaunchDenied false for via provider
10-09 19:25:51.647 25685 25778 D LocalLog.java: loadConfiguredNetworks loaded 1 networks
10-09 19:25:51.649 25685 25778 D LocalLog.java: wlan0: 4:IFNAME=wlan0 SET device_name merlin_in -> true
10-09 19:25:51.649 25685 25778 D LocalLog.java: wlan0: 5:IFNAME=wlan0 SET manufacturer vmos -> true
10-09 19:25:51.650 25685 25778 D LocalLog.java: wlan0: 6:IFNAME=wlan0 SET model_name vmos -> true
10-09 19:25:51.650 25685 25778 D LocalLog.java: wlan0: 7:IFNAME=wlan0 SET model_number vmos -> true
10-09 19:25:51.651 25685 25778 D LocalLog.java: wlan0: 8:IFNAME=wlan0 SET serial_number a929a890 -> true
10-09 19:25:51.651 25685 25778 D LocalLog.java: wlan0: 9:IFNAME=wlan0 SET config_methods physical_display virtual_push_button -> true
10-09 19:25:51.653 25685 25778 D LocalLog.java: wlan0: 10:IFNAME=wlan0 SET device_type 10-0050F204-5 -> true
10-09 19:25:51.653 25685 25778 D LocalLog.java: wlan0: 11:IFNAME=wlan0 SCAN_INTERVAL 15 -> true
10-09 19:25:51.654 25685 25778 D WifiNative-HAL: Setting external_sim to 1
10-09 19:25:51.654 25685 25778 D LocalLog.java: wlan0: 12:IFNAME=wlan0 SET external_sim 1 -> true
10-09 19:25:51.654 25685 25778 D WifiStateMachine: Setting OUI to DA-A1-19
10-09 19:25:51.654 25685 25778 I WifiNative-HAL: startHal
10-09 19:25:51.655 25685 25778 E wifi    : getStaticLongField sWifiHalHandle 0xd483ecfc
10-09 19:25:51.655 25685 25778 D wifi    : halHandle = 0x0, mVM = 0xedf68100, mCls = 0x100646
10-09 19:25:51.655 25685 25778 I WifiNative-HAL: Could not start hal
10-09 19:25:51.656 25571 25580 D VirtualBinder: binder_filp_open ----pid==26056--------
10-09 19:25:51.658 25685 25778 D LocalLog.java: wlan0: 13:IFNAME=wlan0 STA_AUTOCONNECT 0 -> true
10-09 19:25:51.658 25685 25778 D LocalLog.java: wlan0: 14:IFNAME=wlan0 DRIVER BTCOEXSCAN-STOP -> true
10-09 19:25:51.660 25685 25778 D LocalLog.java: wlan0: 15:IFNAME=wlan0 DRIVER RXFILTER-STOP -> true
10-09 19:25:51.661 25685 25778 D LocalLog.java: wlan0: 16:IFNAME=wlan0 DRIVER RXFILTER-ADD 3 -> true
10-09 19:25:51.661 25685 25778 D LocalLog.java: wlan0: 17:IFNAME=wlan0 DRIVER RXFILTER-START -> true
10-09 19:25:51.661 25685 25778 D LocalLog.java: wlan0: 18:IFNAME=wlan0 DRIVER RXFILTER-STOP -> true
10-09 19:25:51.662 25685 25778 D LocalLog.java: wlan0: 19:IFNAME=wlan0 DRIVER RXFILTER-REMOVE 2 -> true
10-09 19:25:51.662 25685 25778 D LocalLog.java: wlan0: 20:IFNAME=wlan0 DRIVER RXFILTER-START -> true
10-09 19:25:51.662 25685 25778 D LocalLog.java: wlan0: 21:IFNAME=wlan0 STATUS -> wpa_state=DISCONNECTED
10-09 19:25:51.662 26056 26056 E Zygote  : Zygote MethodAndArgsCaller xxx
10-09 19:25:51.662 25685 25778 I WifiNative-HAL: startHal
10-09 19:25:51.662 25685 25778 E WifiStateMachine: cancelDelayedScan -> 1
10-09 19:25:51.663 25685 25778 D LocalLog.java: wlan0: 22:IFNAME=wlan0 SET ps 1 -> true
10-09 19:25:51.667 25685 25685 D BluetoothManagerService: Trying to bind to profile: 1, while Bluetooth was disabled
10-09 19:25:51.668 25685 25718 D BluetoothManagerService: Message: 30
10-09 19:25:51.669 25685 25778 D LocalLog.java: wlan0: 23:IFNAME=wlan0 DRIVER COUNTRY CN -> true
10-09 19:25:51.670 25685 25778 D LocalLog.java: wlan0: 24:IFNAME=wlan0 DRIVER SETBAND 0 -> true
10-09 19:25:51.671 25685 25778 D LocalLog.java: wlan0: 25:IFNAME=wlan0 BSS_FLUSH 0 -> true
10-09 19:25:51.671 25685 25778 D LocalLog.java: wlan0: 26:IFNAME=wlan0 SCAN TYPE=ONLY -> true
10-09 19:25:51.679 25685 25778 E native  : do suspend false
10-09 19:25:51.680 25597 25737 D NuPlayerDriver: reset(0xefc43f00)
10-09 19:25:51.680 25685 25778 D LocalLog.java: wlan0: 27:IFNAME=wlan0 DRIVER SETSUSPENDMODE 0 -> true
10-09 19:25:51.682 25597 25745 D NuPlayerDriver: reset(0xee71b000)
10-09 19:25:51.683 25685 25778 D LocalLog.java: wlan0: 28:IFNAME=wlan0 BLACKLIST clear -> true
10-09 19:25:51.683 25345 25345 D LauncherActivity: FullDialog progress=81
10-09 19:25:51.684 25685 25778 D WIFI    : Registering NetworkFactory
10-09 19:25:51.686 25597 26052 D NuPlayerDriver: notifyResetComplete(0xefc43f00)
10-09 19:25:51.686 25685 25778 D WIFI_UT : Registering NetworkFactory
10-09 19:25:51.686 25685 25778 I WifiNative-HAL: startHal
10-09 19:25:51.687 25685 25778 D WifiHW  : yuelog mywifi strstr(cmd, wlan0 BSS RANGE=0
10-09 19:25:51.701 25597 26054 D NuPlayerDriver: notifyResetComplete(0xee71b000)
10-09 19:25:51.704 25685 25685 I Telecom : TelecomGlobals: CallsManager initialized
10-09 19:25:51.706 25685 25685 W ContextImpl: Calling a method in the system process without a qualified user: android.app.ContextImpl.startService:1711 android.content.ContextWrapper.startService:516 com.android.server.telecom.BluetoothPhoneService.start:440 com.android.server.telecom.TelecomGlobals.initialize:93 com.android.server.telecom.TelecomService.onCreate:164 
10-09 19:25:51.724 25597 26092 I FFmpegExtractor: android-source:0xefc46880
10-09 19:25:51.726 25685 25778 E WifiConfigStore:  rewrite network history for "wifi"NONE
10-09 19:25:51.727 25597 26094 I FFmpegExtractor: android-source:0xefc469c0
10-09 19:25:51.730 25597 26092 I FFMPEG  : Input #0, ogg, from 'android-source:0xefc46880':
10-09 19:25:51.730 25597 26092 I FFMPEG  :   Duration: 00:00:00.11, start: 0.000000, bitrate: 431 kb/s
10-09 19:25:51.730 25597 26092 I FFMPEG  :     Stream #0:0: Audio: vorbis, 48000 Hz, mono, fltp, 140 kb/s
10-09 19:25:51.730 25597 26092 D FFmpegExtractor: FFmpegExtrator, url: android-source:0xefc46880, format_name: ogg, format_long_name: Ogg
10-09 19:25:51.730 25597 26092 I FFmpegExtractor: adjust mime(application/ogg -> audio/vorbis)
10-09 19:25:51.730 25597 26092 D FFmpegExtractor: suppoted codec(vorbis) by official Stagefright
10-09 19:25:51.730 25597 26092 D FFmpegExtractor: ffmpeg detected media content as 'audio/vorbis' with confidence 0.08
10-09 19:25:51.735 25597 26094 I FFMPEG  : Input #0, ogg, from 'android-source:0xefc469c0':
10-09 19:25:51.736 25597 26094 I FFMPEG  :   Duration: 00:00:00.08, start: 0.000000, bitrate: 571 kb/s
10-09 19:25:51.736 25597 26094 I FFMPEG  :     Stream #0:0: Audio: vorbis, 48000 Hz, stereo, fltp, 160 kb/s
10-09 19:25:51.737 25597 26094 D FFmpegExtractor: FFmpegExtrator, url: android-source:0xefc469c0, format_name: ogg, format_long_name: Ogg
10-09 19:25:51.737 25597 26094 I FFmpegExtractor: adjust mime(application/ogg -> audio/vorbis)
10-09 19:25:51.737 25597 26094 D FFmpegExtractor: suppoted codec(vorbis) by official Stagefright
10-09 19:25:51.737 25597 26094 D FFmpegExtractor: ffmpeg detected media content as 'audio/vorbis' with confidence 0.08
10-09 19:25:51.738 25597 25789 D NuPlayerDriver: start(0xefc44980)
10-09 19:25:51.739 25597 26091 I GenericSource: start
10-09 19:25:51.742 25685 25778 D WIFI    : got request NetworkRequest [ id=1, legacyType=-1, [ Capabilities: INTERNET&NOT_RESTRICTED&TRUSTED&NOT_VPN] ] with score 0
10-09 19:25:51.742 25685 25778 D WIFI_UT : got request NetworkRequest [ id=1, legacyType=-1, [ Capabilities: INTERNET&NOT_RESTRICTED&TRUSTED&NOT_VPN] ] with score 0
10-09 19:25:51.750 25685 25685 W ResourcesManager: Asset path '/system/framework/com.android.location.provider.jar' does not exist or contains no resources.
10-09 19:25:51.751 25597 25745 D NuPlayerDriver: start(0xee71b000)
10-09 19:25:51.751 25597 26093 I GenericSource: start
10-09 19:25:51.760 25685 25685 D GpsNetInitiatedHandler: location enabled :true
10-09 19:25:51.770 25893 25918 I art     : Background sticky concurrent mark sweep GC freed 1460(82KB) AllocSpace objects, 1(16KB) LOS objects, 0% free, 2017KB/2017KB, paused 5.225ms total 107.859ms
10-09 19:25:51.779 25597 25789 D NuPlayerDriver: reset(0xefc44980)
10-09 19:25:51.783 25685 25685 W ResourcesManager: Asset path '/system/framework/com.google.android.media.effects.jar' does not exist or contains no resources.
10-09 19:25:51.785 25597 26097 W ALooperRoster: failed to deliver message. Target handler 75 registered, but object gone.
10-09 19:25:51.786 25597 25745 D NuPlayerDriver: reset(0xee71b000)
10-09 19:25:51.787 25597 26091 D NuPlayerDriver: notifyResetComplete(0xefc44980)
10-09 19:25:51.789 25685 25718 D BluetoothManagerService: Message: 300
10-09 19:25:51.789 25685 25718 D BluetoothManagerService: MESSAGE_USER_SWITCHED
10-09 19:25:51.796 25345 25345 D LauncherActivity: FullDialog progress=82
10-09 19:25:51.796 25597 26093 D NuPlayerDriver: notifyResetComplete(0xee71b000)
10-09 19:25:51.804 25597 26109 I FFmpegExtractor: android-source:0xefc46700
10-09 19:25:51.808 25597 26109 I FFMPEG  : Input #0, ogg, from 'android-source:0xefc46700':
10-09 19:25:51.808 25597 26109 I FFMPEG  :   Duration: 00:00:00.11, start: 0.000000, bitrate: 462 kb/s
10-09 19:25:51.808 25597 26109 I FFMPEG  :     Stream #0:0: Audio: vorbis, 48000 Hz, mono, fltp, 140 kb/s
10-09 19:25:51.808 25597 26109 D FFmpegExtractor: FFmpegExtrator, url: android-source:0xefc46700, format_name: ogg, format_long_name: Ogg
10-09 19:25:51.808 25597 26109 I FFmpegExtractor: adjust mime(application/ogg -> audio/vorbis)
10-09 19:25:51.808 25597 26109 D FFmpegExtractor: suppoted codec(vorbis) by official Stagefright
10-09 19:25:51.808 25597 26109 D FFmpegExtractor: ffmpeg detected media content as 'audio/vorbis' with confidence 0.08
10-09 19:25:51.814 25597 25789 D NuPlayerDriver: start(0xefc44980)
10-09 19:25:51.814 25593 25608 D PermissionCache: checking android.permission.HARDWARE_TEST for uid=1000 => granted (3520 us)
10-09 19:25:51.814 25597 26108 I GenericSource: start
10-09 19:25:51.820 25992 26018 W art     : Suspending all threads took: 5.733ms
10-09 19:25:51.825 25992 26018 I art     : Background sticky concurrent mark sweep GC freed 1474(84KB) AllocSpace objects, 1(16KB) LOS objects, 4% free, 1071KB/1117KB, paused 9.483ms total 48.020ms
10-09 19:25:51.837 25992 25992 E vmproper: getConfigProperties 3 key=baseUrl_api VMConfigPath=/data/data/com.vmos.web/osimg/socket/config/vm_config
10-09 19:25:51.840 25992 25992 E vmproper: getConfigProperties filePath=/data/data/com.vmos.web/osimg/socket/config/vm_config key=baseUrl_api value=https://osservice.vmos.com
10-09 19:25:51.853 25893 25918 I art     : Background partial concurrent mark sweep GC freed 65(17KB) AllocSpace objects, 0(0B) LOS objects, 39% free, 2MB/4MB, paused 5.545ms total 82.488ms
10-09 19:25:51.854 25597 25789 D NuPlayerDriver: reset(0xefc44980)
10-09 19:25:51.866 25597 26108 D NuPlayerDriver: notifyResetComplete(0xefc44980)
10-09 19:25:51.880 25597 26121 I FFmpegExtractor: android-source:0xefc46700
10-09 19:25:51.883 25597 26121 I FFMPEG  : Input #0, ogg, from 'android-source:0xefc46700':
10-09 19:25:51.883 25597 26121 I FFMPEG  :   Duration: 00:00:00.18, start: 0.000000, bitrate: 431 kb/s
10-09 19:25:51.883 25597 26121 I FFMPEG  :     Stream #0:0: Audio: vorbis, 44100 Hz, mono, fltp, 239 kb/s
10-09 19:25:51.883 25597 26121 I FFMPEG  :     Metadata:
10-09 19:25:51.883 25597 26121 I FFMPEG  :       ARTIST          : Copyright 2013 Android Open Source Project
10-09 19:25:51.883 25597 26121 D FFmpegExtractor: FFmpegExtrator, url: android-source:0xefc46700, format_name: ogg, format_long_name: Ogg
10-09 19:25:51.884 25597 26121 I FFmpegExtractor: adjust mime(application/ogg -> audio/vorbis)
10-09 19:25:51.884 25597 26121 D FFmpegExtractor: suppoted codec(vorbis) by official Stagefright
10-09 19:25:51.884 25597 26121 D FFmpegExtractor: ffmpeg detected media content as 'audio/vorbis' with confidence 0.08
10-09 19:25:51.892 25597 25737 D NuPlayerDriver: start(0xefc43f00)
10-09 19:25:51.892 25597 26120 I GenericSource: start
10-09 19:25:51.908 25345 25345 D LauncherActivity: FullDialog progress=83
10-09 19:25:51.933 25854 26035 E ExpandableBinaryDictionary: Can't remove a file: PersonalizationDictionary.zz.dict
10-09 19:25:51.937 25854 26035 I LatinIME:LogUtils: Dictionary info: dictionary = PersonalizationDictionary.zz ; version = 1633796751 ; date = ?
10-09 19:25:51.944 25597 25737 D NuPlayerDriver: reset(0xefc43f00)
10-09 19:25:51.952 25597 26120 D NuPlayerDriver: notifyResetComplete(0xefc43f00)
10-09 19:25:51.957 25854 26035 I LatinIME:LogUtils: Dictionary info: dictionary = PersonalizationDictionary.zz ; version = 1633796751 ; date = ?
10-09 19:25:51.992 25685 26049 W vmautolaunch: com.google.android.gsf autoLaunchDenied false for via provider
10-09 19:25:51.997 25600 25600 W Zygote  : Got runOnce=true
10-09 19:25:52.019 25345 25345 D LauncherActivity: FullDialog progress=84
10-09 19:25:52.037 25685 26049 I ActivityManager: Start proc 26131:com.google.process.gapps/u0a4 for content provider com.google.android.gsf/.gservices.GservicesProvider
10-09 19:25:52.040 26056 26116 I ContactLocale: AddressBook Labels [ar-EG]: [, ا, ب, ت, ث, ج, ح, خ, د, ذ, ر, ز, س, ش, ص, ض, ط, ظ, ع, غ, ف, ق, ك, ل, م, ن, ه, و, ي, , A, B, C, D, E, F, G, H, I, J, K, L, M, N, O, P, Q, R, S, T, U, V, W, X, Y, Z, Α, Β, Γ, Δ, Ε, Ζ, Η, Θ, Ι, Κ, Λ, Μ, Ν, Ξ, Ο, Π, Ρ, Σ, Τ, Υ, Φ, Χ, Ψ, Ω, , А, Б, В, Г, Д, Ђ, Е, Є, Ж, З, И, І, Ї, Й, Ј, К, Л, Љ, М, Н, Њ, О, П, Р, С, Т, Ћ, У, Ф, Х, Ц, Ч, Џ, Ш, Щ, Ю, Я, , א, ב, ג, ד, ה, ו, ז, ח, ט, י, כ, ל, מ, נ, ס, ע, פ, צ, ק, ר, ש, ת, , ก, ข, ฃ, ค, ฅ, ฆ, ง, จ, ฉ, ช, ซ, ฌ, ญ, ฎ, ฏ, ฐ, ฑ, ฒ, ณ, ด, ต, ถ, ท, ธ, น, บ, ป, ผ, ฝ, พ, ฟ, ภ, ม, ย, ร, ฤ, ล, ฦ, ว, ศ, ษ, ส, ห, ฬ, อ, ฮ, , ㄱ, ㄴ, ㄷ, ㄹ, ㅁ, ㅂ, ㅅ, ㅇ, ㅈ, ㅊ, ㅋ, ㅌ, ㅍ, ㅎ, , あ, か, さ, た, な, は, ま, や, ら, わ, #, ]
