10-09 19:25:46.704 25600 25600 W Resources: Preloaded drawable resource #0x10802f5 (android:drawable/fastscroll_track_holo_dark) that varies with configuration!!
10-09 19:25:46.704 25600 25600 W Resources: Preloaded drawable resource #0x10802f8 (android:drawable/fastscroll_track_pressed_holo_dark) that varies with configuration!!
10-09 19:25:46.704 25600 25600 W Resources: Preloaded drawable resource #0x10802f3 (android:drawable/fastscroll_track_default_holo_dark) that varies with configuration!!
10-09 19:25:46.707 25600 25600 W Resources: Preloaded drawable resource #0x10802e9 (android:drawable/fastscroll_label_left_holo_dark) that varies with configuration!!
10-09 19:25:46.711 25600 25600 I art     : Explicit concurrent mark sweep GC freed 131(57KB) AllocSpace objects, 0(0B) LOS objects, 66% free, 1791KB/5MB, paused 75us total 4.260ms
10-09 19:25:46.714 25600 25600 W Resources: Preloaded drawable resource #0x10802ec (android:drawable/fastscroll_label_right_holo_dark) that varies with configuration!!
10-09 19:25:46.718 25600 25600 I art     : Explicit concurrent mark sweep GC freed 97(166KB) AllocSpace objects, 0(0B) LOS objects, 66% free, 1786KB/5MB, paused 76us total 4.232ms
10-09 19:25:46.720 25600 25600 W Resources: Preloaded drawable resource #0x10802f9 (android:drawable/fastscroll_track_pressed_holo_light) that varies with configuration!!
10-09 19:25:46.721 25600 25600 W Resources: Preloaded drawable resource #0x10802f4 (android:drawable/fastscroll_track_default_holo_light) that varies with configuration!!
10-09 19:25:46.721 25600 25600 W Resources: Preloaded drawable resource #0x10802f6 (android:drawable/fastscroll_track_holo_light) that varies with configuration!!
10-09 19:25:46.722 25600 25600 W Resources: Preloaded drawable resource #0x10802f9 (android:drawable/fastscroll_track_pressed_holo_light) that varies with configuration!!
10-09 19:25:46.722 25600 25600 W Resources: Preloaded drawable resource #0x10802f4 (android:drawable/fastscroll_track_default_holo_light) that varies with configuration!!
10-09 19:25:46.725 25600 25600 W Resources: Preloaded drawable resource #0x10802ea (android:drawable/fastscroll_label_left_holo_light) that varies with configuration!!
10-09 19:25:46.730 25345 25345 D LauncherActivity: FullDialog progress=37
10-09 19:25:46.730 25600 25600 I art     : Explicit concurrent mark sweep GC freed 136(167KB) AllocSpace objects, 0(0B) LOS objects, 66% free, 1792KB/5MB, paused 75us total 4.160ms
10-09 19:25:46.733 25600 25600 W Resources: Preloaded drawable resource #0x10802ed (android:drawable/fastscroll_label_right_holo_light) that varies with configuration!!
10-09 19:25:46.738 25600 25600 I art     : Explicit concurrent mark sweep GC freed 97(166KB) AllocSpace objects, 0(0B) LOS objects, 66% free, 1786KB/5MB, paused 75us total 4.674ms
10-09 19:25:46.741 25600 25600 W Resources: Preloaded drawable resource #0x10802ca (android:drawable/editbox_dropdown_background_dark) that varies with configuration!!
10-09 19:25:46.742 25600 25600 W Resources: Preloaded drawable resource #0x1080736 (android:drawable/textfield_search_selected_holo_dark) that varies with configuration!!
10-09 19:25:46.742 25600 25600 W Resources: Preloaded drawable resource #0x1080728 (android:drawable/textfield_search_default_holo_dark) that varies with configuration!!
10-09 19:25:46.742 25600 25600 W Resources: Preloaded drawable resource #0x1080738 (android:drawable/textfield_searchview_holo_dark) that varies with configuration!!
10-09 19:25:46.743 25600 25600 W Resources: Preloaded drawable resource #0x1080733 (android:drawable/textfield_search_right_selected_holo_dark) that varies with configuration!!
10-09 19:25:46.743 25600 25600 W Resources: Preloaded drawable resource #0x1080731 (android:drawable/textfield_search_right_default_holo_dark) that varies with configuration!!
10-09 19:25:46.743 25600 25600 W Resources: Preloaded drawable resource #0x108073a (android:drawable/textfield_searchview_right_holo_dark) that varies with configuration!!
10-09 19:25:46.744 25600 25600 W Resources: Preloaded drawable resource #0x1080737 (android:drawable/textfield_search_selected_holo_light) that varies with configuration!!
10-09 19:25:46.744 25600 25600 W Resources: Preloaded drawable resource #0x1080729 (android:drawable/textfield_search_default_holo_light) that varies with configuration!!
10-09 19:25:46.744 25600 25600 W Resources: Preloaded drawable resource #0x1080739 (android:drawable/textfield_searchview_holo_light) that varies with configuration!!
10-09 19:25:46.749 25600 25600 I art     : Explicit concurrent mark sweep GC freed 222(173KB) AllocSpace objects, 0(0B) LOS objects, 66% free, 1669KB/4MB, paused 77us total 4.408ms
10-09 19:25:46.750 25600 25600 W Resources: Preloaded drawable resource #0x1080734 (android:drawable/textfield_search_right_selected_holo_light) that varies with configuration!!
10-09 19:25:46.750 25600 25600 W Resources: Preloaded drawable resource #0x1080732 (android:drawable/textfield_search_right_default_holo_light) that varies with configuration!!
10-09 19:25:46.750 25600 25600 W Resources: Preloaded drawable resource #0x108073b (android:drawable/textfield_searchview_right_holo_light) that varies with configuration!!
10-09 19:25:46.750 25600 25600 W Resources: Preloaded drawable resource #0x1080736 (android:drawable/textfield_search_selected_holo_dark) that varies with configuration!!
10-09 19:25:46.751 25600 25600 W Resources: Preloaded drawable resource #0x1080728 (android:drawable/textfield_search_default_holo_dark) that varies with configuration!!
10-09 19:25:46.751 25600 25600 W Resources: Preloaded drawable resource #0x1080733 (android:drawable/textfield_search_right_selected_holo_dark) that varies with configuration!!
10-09 19:25:46.751 25600 25600 W Resources: Preloaded drawable resource #0x1080731 (android:drawable/textfield_search_right_default_holo_dark) that varies with configuration!!
10-09 19:25:46.751 25600 25600 W Resources: Preloaded drawable resource #0x1080737 (android:drawable/textfield_search_selected_holo_light) that varies with configuration!!
10-09 19:25:46.752 25600 25600 W Resources: Preloaded drawable resource #0x1080729 (android:drawable/textfield_search_default_holo_light) that varies with configuration!!
10-09 19:25:46.752 25600 25600 W Resources: Preloaded drawable resource #0x1080734 (android:drawable/textfield_search_right_selected_holo_light) that varies with configuration!!
10-09 19:25:46.752 25600 25600 W Resources: Preloaded drawable resource #0x1080732 (android:drawable/textfield_search_right_default_holo_light) that varies with configuration!!
10-09 19:25:46.752 25600 25600 W Resources: Preloaded drawable resource #0x10806f2 (android:drawable/tab_unselected_holo) that varies with configuration!!
10-09 19:25:46.753 25600 25600 W Resources: Preloaded drawable resource #0x10806ed (android:drawable/tab_selected_holo) that varies with configuration!!
10-09 19:25:46.753 25600 25600 W Resources: Preloaded drawable resource #0x10806f1 (android:drawable/tab_unselected_focused_holo) that varies with configuration!!
10-09 19:25:46.753 25600 25600 W Resources: Preloaded drawable resource #0x10806ec (android:drawable/tab_selected_focused_holo) that varies with configuration!!
10-09 19:25:46.753 25600 25600 W Resources: Preloaded drawable resource #0x10806f3 (android:drawable/tab_unselected_pressed_holo) that varies with configuration!!
10-09 19:25:46.754 25600 25600 W Resources: Preloaded drawable resource #0x10806ee (android:drawable/tab_selected_pressed_holo) that varies with configuration!!
10-09 19:25:46.754 25600 25600 W Resources: Preloaded drawable resource #0x10806f3 (android:drawable/tab_unselected_pressed_holo) that varies with configuration!!
10-09 19:25:46.754 25600 25600 W Resources: Preloaded drawable resource #0x10806ee (android:drawable/tab_selected_pressed_holo) that varies with configuration!!
10-09 19:25:46.754 25600 25600 W Resources: Preloaded drawable resource #0x10806df (android:drawable/tab_indicator_holo) that varies with configuration!!
10-09 19:25:46.759 25600 25600 I art     : Explicit concurrent mark sweep GC freed 536(67KB) AllocSpace objects, 0(0B) LOS objects, 66% free, 1657KB/4MB, paused 75us total 4.459ms
10-09 19:25:46.760 25600 25600 W Resources: Preloaded drawable resource #0x10806f2 (android:drawable/tab_unselected_holo) that varies with configuration!!
10-09 19:25:46.761 25600 25600 W Resources: Preloaded drawable resource #0x10806ed (android:drawable/tab_selected_holo) that varies with configuration!!
10-09 19:25:46.762 25600 25600 W Resources: Preloaded drawable resource #0x10806f1 (android:drawable/tab_unselected_focused_holo) that varies with configuration!!
10-09 19:25:46.762 25600 25600 W Resources: Preloaded drawable resource #0x10806ec (android:drawable/tab_selected_focused_holo) that varies with configuration!!
10-09 19:25:46.763 25600 25600 W Resources: Preloaded drawable resource #0x10806f3 (android:drawable/tab_unselected_pressed_holo) that varies with configuration!!
10-09 19:25:46.763 25600 25600 W Resources: Preloaded drawable resource #0x10806ee (android:drawable/tab_selected_pressed_holo) that varies with configuration!!
10-09 19:25:46.766 25600 25600 W Resources: Preloaded drawable resource #0x1080596 (android:drawable/quickcontact_badge_overlay_pressed_dark) that varies with configuration!!
10-09 19:25:46.768 25600 25600 W Resources: Preloaded drawable resource #0x108058d (android:drawable/quickcontact_badge_overlay_focused_dark) that varies with configuration!!
10-09 19:25:46.770 25600 25600 W Resources: Preloaded drawable resource #0x1080592 (android:drawable/quickcontact_badge_overlay_normal_dark) that varies with configuration!!
10-09 19:25:46.771 25600 25600 W Resources: Preloaded drawable resource #0x108058c (android:drawable/quickcontact_badge_overlay_dark) that varies with configuration!!
10-09 19:25:46.776 25600 25600 I art     : Explicit concurrent mark sweep GC freed 448(40KB) AllocSpace objects, 0(0B) LOS objects, 66% free, 1691KB/4MB, paused 76us total 5.443ms
10-09 19:25:46.777 25600 25600 W Resources: Preloaded drawable resource #0x1080592 (android:drawable/quickcontact_badge_overlay_normal_dark) that varies with configuration!!
10-09 19:25:46.778 25600 25600 W Resources: Preloaded drawable resource #0x1080596 (android:drawable/quickcontact_badge_overlay_pressed_dark) that varies with configuration!!
10-09 19:25:46.779 25600 25600 W Resources: Preloaded drawable resource #0x1080598 (android:drawable/quickcontact_badge_overlay_pressed_light) that varies with configuration!!
10-09 19:25:46.780 25600 25600 W Resources: Preloaded drawable resource #0x108058f (android:drawable/quickcontact_badge_overlay_focused_light) that varies with configuration!!
10-09 19:25:46.780 25600 25600 W Resources: Preloaded drawable resource #0x1080594 (android:drawable/quickcontact_badge_overlay_normal_light) that varies with configuration!!
10-09 19:25:46.780 25600 25600 W Resources: Preloaded drawable resource #0x1080591 (android:drawable/quickcontact_badge_overlay_light) that varies with configuration!!
10-09 19:25:46.785 25600 25600 I art     : Explicit concurrent mark sweep GC freed 286(68KB) AllocSpace objects, 0(0B) LOS objects, 66% free, 1722KB/5MB, paused 105us total 4.110ms
10-09 19:25:46.786 25600 25600 W Resources: Preloaded drawable resource #0x1080594 (android:drawable/quickcontact_badge_overlay_normal_light) that varies with configuration!!
10-09 19:25:46.786 25600 25600 W Resources: Preloaded drawable resource #0x1080598 (android:drawable/quickcontact_badge_overlay_pressed_light) that varies with configuration!!
10-09 19:25:46.787 25600 25600 W Resources: Preloaded drawable resource #0x10800b5 (android:drawable/ab_share_pack_material) that varies with configuration!!
10-09 19:25:46.789 25600 25600 W Resources: Preloaded drawable resource #0x10800ba (android:drawable/ab_solid_shadow_material) that varies with configuration!!
10-09 19:25:46.793 25600 25600 I art     : Explicit concurrent mark sweep GC freed 195(95KB) AllocSpace objects, 0(0B) LOS objects, 66% free, 1685KB/4MB, paused 74us total 4.234ms
10-09 19:25:46.796 25600 25600 W Resources: Preloaded drawable resource #0x10800db (android:drawable/btn_cab_done_material) that varies with configuration!!
10-09 19:25:46.819 25600 25600 W Resources: Preloaded drawable resource #0x10800e5 (android:drawable/btn_check_material_anim) that varies with configuration!!
10-09 19:25:46.824 25600 25600 I art     : Explicit concurrent mark sweep GC freed 579(79KB) AllocSpace objects, 0(0B) LOS objects, 59% free, 2MB/6MB, paused 108us total 4.362ms
10-09 19:25:46.846 25345 25345 D LauncherActivity: FullDialog progress=38
10-09 19:25:46.850 25600 25600 W Resources: Preloaded drawable resource #0x10801a1 (android:drawable/btn_radio_material_anim) that varies with configuration!!
10-09 19:25:46.855 25600 25600 I art     : Explicit concurrent mark sweep GC freed 796(1130KB) AllocSpace objects, 0(0B) LOS objects, 59% free, 2MB/6MB, paused 101us total 5.357ms
10-09 19:25:46.858 25600 25600 W Resources: Preloaded drawable resource #0x1080215 (android:drawable/btn_star_material) that varies with configuration!!
10-09 19:25:46.862 25600 25600 I art     : Explicit concurrent mark sweep GC freed 342(1104KB) AllocSpace objects, 0(0B) LOS objects, 66% free, 1741KB/5MB, paused 80us total 4.350ms
10-09 19:25:46.864 25600 25600 W Resources: Preloaded drawable resource #0x1080248 (android:drawable/btn_toggle_material) that varies with configuration!!
10-09 19:25:46.865 25600 25600 W Resources: Preloaded drawable resource #0x1080271 (android:drawable/cab_background_bottom_material) that varies with configuration!!
10-09 19:25:46.866 25600 25600 W Resources: Preloaded drawable resource #0x1080275 (android:drawable/cab_background_top_material) that varies with configuration!!
10-09 19:25:46.871 25600 25600 I art     : Explicit concurrent mark sweep GC freed 205(101KB) AllocSpace objects, 0(0B) LOS objects, 66% free, 1697KB/4MB, paused 92us total 4.264ms
10-09 19:25:46.879 25600 25600 W Resources: Preloaded drawable resource #0x108028e (android:drawable/dialog_background_shadow_material) that varies with configuration!!
10-09 19:25:46.884 25600 25600 I art     : Explicit concurrent mark sweep GC freed 135(48KB) AllocSpace objects, 0(0B) LOS objects, 66% free, 2045KB/5MB, paused 83us total 4.330ms
10-09 19:25:46.885 25600 25600 W Resources: Preloaded drawable resource #0x10802c7 (android:drawable/edit_text_material) that varies with configuration!!
10-09 19:25:46.888 25600 25600 W Resources: Preloaded drawable resource #0x10802e3 (android:drawable/expander_group_material) that varies with configuration!!
10-09 19:25:46.892 25600 25600 I art     : Explicit concurrent mark sweep GC freed 157(400KB) AllocSpace objects, 0(0B) LOS objects, 66% free, 1726KB/5MB, paused 76us total 4.212ms
10-09 19:25:46.896 25600 25600 W Resources: Preloaded drawable resource #0x1080343 (android:drawable/ic_commit_search_api_material) that varies with configuration!!
10-09 19:25:46.900 25600 25600 I art     : Explicit concurrent mark sweep GC freed 366(84KB) AllocSpace objects, 0(0B) LOS objects, 66% free, 1694KB/4MB, paused 75us total 4.212ms
10-09 19:25:46.902 25600 25600 W Resources: Preloaded drawable resource #0x108035b (android:drawable/ic_find_next_material) that varies with configuration!!
10-09 19:25:46.903 25600 25600 W Resources: Preloaded drawable resource #0x108035f (android:drawable/ic_find_previous_material) that varies with configuration!!
10-09 19:25:46.907 25600 25600 I art     : Explicit concurrent mark sweep GC freed 297(42KB) AllocSpace objects, 0(0B) LOS objects, 66% free, 1723KB/5MB, paused 75us total 4.052ms
10-09 19:25:46.910 25600 25600 W Resources: Preloaded drawable resource #0x10803ab (android:drawable/ic_media_route_connecting_material) that varies with configuration!!
10-09 19:25:46.914 25600 25600 I art     : Explicit concurrent mark sweep GC freed 211(70KB) AllocSpace objects, 0(0B) LOS objects, 66% free, 1785KB/5MB, paused 81us total 4.414ms
10-09 19:25:46.917 25600 25600 W Resources: Preloaded drawable resource #0x10803ab (android:drawable/ic_media_route_connecting_material) that varies with configuration!!
10-09 19:25:46.920 25600 25600 W Resources: Preloaded drawable resource #0x10803b1 (android:drawable/ic_media_route_material) that varies with configuration!!
10-09 19:25:46.925 25600 25600 I art     : Explicit concurrent mark sweep GC freed 185(131KB) AllocSpace objects, 0(0B) LOS objects, 66% free, 1877KB/5MB, paused 103us total 4.508ms
10-09 19:25:46.929 25600 25600 W Resources: Preloaded drawable resource #0x10803dd (android:drawable/ic_menu_find_material) that varies with configuration!!
10-09 19:25:46.936 25600 25600 I art     : Explicit concurrent mark sweep GC freed 1142(252KB) AllocSpace objects, 0(0B) LOS objects, 66% free, 1703KB/4MB, paused 92us total 7.075ms
10-09 19:25:46.938 25600 25600 W Resources: Preloaded drawable resource #0x10803f8 (android:drawable/ic_menu_search_material) that varies with configuration!!
10-09 19:25:46.943 25600 25600 I art     : Explicit concurrent mark sweep GC freed 793(58KB) AllocSpace objects, 0(0B) LOS objects, 66% free, 1695KB/4MB, paused 76us total 5.112ms
10-09 19:25:46.949 25600 25600 I art     : Explicit concurrent mark sweep GC freed 1374(64KB) AllocSpace objects, 0(0B) LOS objects, 66% free, 1686KB/4MB, paused 73us total 4.407ms
10-09 19:25:46.952 25600 25600 W Resources: Preloaded drawable resource #0x1080493 (android:drawable/list_divider_material) that varies with configuration!!
10-09 19:25:46.952 25600 25600 W Resources: Preloaded drawable resource #0x10804a0 (android:drawable/list_section_divider_material) that varies with configuration!!
10-09 19:25:46.957 25600 25600 I art     : Explicit concurrent mark sweep GC freed 860(32KB) AllocSpace objects, 0(0B) LOS objects, 66% free, 1703KB/4MB, paused 74us total 4.218ms
10-09 19:25:46.959 25345 25345 D LauncherActivity: FullDialog progress=39
10-09 19:25:46.959 25600 25600 W Resources: Preloaded drawable resource #0x1080564 (android:drawable/progress_horizontal_material) that varies with configuration!!
10-09 19:25:46.971 25600 25600 I art     : Explicit concurrent mark sweep GC freed 1503(67KB) AllocSpace objects, 0(0B) LOS objects, 66% free, 1731KB/5MB, paused 75us total 5.167ms
10-09 19:25:46.975 25600 25600 W Resources: Preloaded drawable resource #0x10805ba (android:drawable/ratingbar_full_empty_material) that varies with configuration!!
10-09 19:25:46.979 25600 25600 I art     : Explicit concurrent mark sweep GC freed 586(30KB) AllocSpace objects, 0(0B) LOS objects, 66% free, 1887KB/5MB, paused 76us total 4.291ms
10-09 19:25:46.982 25600 25600 W Resources: Preloaded drawable resource #0x10805be (android:drawable/ratingbar_full_filled_material) that varies with configuration!!
10-09 19:25:46.987 25600 25600 I art     : Explicit concurrent mark sweep GC freed 263(149KB) AllocSpace objects, 0(0B) LOS objects, 66% free, 1878KB/5MB, paused 79us total 4.242ms
10-09 19:25:46.989 25600 25600 W Resources: Preloaded drawable resource #0x10805ba (android:drawable/ratingbar_full_empty_material) that varies with configuration!!
10-09 19:25:46.991 25600 25600 W Resources: Preloaded drawable resource #0x10805ba (android:drawable/ratingbar_full_empty_material) that varies with configuration!!
10-09 19:25:46.993 25600 25600 W Resources: Preloaded drawable resource #0x10805be (android:drawable/ratingbar_full_filled_material) that varies with configuration!!
10-09 19:25:46.993 25600 25600 W Resources: Preloaded drawable resource #0x10805c1 (android:drawable/ratingbar_full_material) that varies with configuration!!
10-09 19:25:46.997 25600 25600 I art     : Explicit concurrent mark sweep GC freed 184(146KB) AllocSpace objects, 0(0B) LOS objects, 65% free, 2MB/6MB, paused 75us total 4.208ms
10-09 19:25:47.002 25600 25600 W Resources: Preloaded drawable resource #0x10805d9 (android:drawable/scrubber_control_material_anim) that varies with configuration!!
10-09 19:25:47.007 25600 25600 I art     : Explicit concurrent mark sweep GC freed 296(428KB) AllocSpace objects, 0(0B) LOS objects, 66% free, 1874KB/5MB, paused 75us total 4.416ms
10-09 19:25:47.008 25600 25600 W Resources: Preloaded drawable resource #0x10805e1 (android:drawable/scrubber_control_selector_material) that varies with configuration!!
10-09 19:25:47.010 25600 25600 W Resources: Preloaded drawable resource #0x10805ec (android:drawable/scrubber_progress_horizontal_material) that varies with configuration!!
10-09 19:25:47.011 25600 25600 W Resources: Preloaded drawable resource #0x1080624 (android:drawable/spinner_background_material) that varies with configuration!!
10-09 19:25:47.016 25600 25600 I art     : Explicit concurrent mark sweep GC freed 346(136KB) AllocSpace objects, 0(0B) LOS objects, 66% free, 1828KB/5MB, paused 74us total 4.798ms
10-09 19:25:47.019 25600 25600 W Resources: Preloaded drawable resource #0x1080641 (android:drawable/spinner_textfield_background_material) that varies with configuration!!
10-09 19:25:47.023 25600 25600 I art     : Explicit concurrent mark sweep GC freed 281(85KB) AllocSpace objects, 0(0B) LOS objects, 66% free, 1805KB/5MB, paused 76us total 4.117ms
10-09 19:25:47.039 25600 25600 W Resources: Preloaded drawable resource #0x10806b1 (android:drawable/switch_thumb_material_anim) that varies with configuration!!
10-09 19:25:47.044 25600 25600 I art     : Explicit concurrent mark sweep GC freed 498(74KB) AllocSpace objects, 0(0B) LOS objects, 63% free, 2MB/6MB, paused 124us total 4.403ms
10-09 19:25:47.046 25600 25600 W Resources: Preloaded drawable resource #0x10806b6 (android:drawable/switch_track_material) that varies with configuration!!
10-09 19:25:47.046 25600 25600 W Resources: Preloaded drawable resource #0x10806e0 (android:drawable/tab_indicator_material) that varies with configuration!!
10-09 19:25:47.047 25600 25600 W Resources: Preloaded drawable resource #0x10806f7 (android:drawable/text_cursor_material) that varies with configuration!!
10-09 19:25:47.048 25600 25600 W Resources: Preloaded drawable resource #0x108072f (android:drawable/textfield_search_material) that varies with configuration!!
10-09 19:25:47.053 25600 25600 I art     : Explicit concurrent mark sweep GC freed 547(603KB) AllocSpace objects, 0(0B) LOS objects, 66% free, 1803KB/5MB, paused 77us total 4.790ms
10-09 19:25:47.055 25600 25600 W Resources: Preloaded drawable resource #0x10806fd (android:drawable/text_select_handle_left_material) that varies with configuration!!
10-09 19:25:47.056 25600 25600 W Resources: Preloaded drawable resource #0x1080700 (android:drawable/text_select_handle_middle_material) that varies with configuration!!
10-09 19:25:47.056 25600 25600 W Resources: Preloaded drawable resource #0x1080703 (android:drawable/text_select_handle_right_material) that varies with configuration!!
10-09 19:25:47.061 25600 25600 I art     : Explicit concurrent mark sweep GC freed 271(52KB) AllocSpace objects, 0(0B) LOS objects, 66% free, 1819KB/5MB, paused 77us total 4.479ms
10-09 19:25:47.062 25600 25600 I Zygote  : ...preloaded 343 resources in 1343ms.
10-09 19:25:47.069 25600 25600 I art     : Explicit concurrent mark sweep GC freed 652(102KB) AllocSpace objects, 0(0B) LOS objects, 66% free, 1767KB/5MB, paused 78us total 4.698ms
10-09 19:25:47.070 25345 25345 D LauncherActivity: FullDialog progress=40
10-09 19:25:47.071 25600 25600 I Zygote  : ...preloaded 41 resources in 9ms.
10-09 19:25:47.071 25600 25600 I art     : Counter: 0
10-09 19:25:47.117 25600 25600 D PQCommon: [PQ_PROT] [PQCust] libpq_cust_base.so OK, libpq_cust.so absent
10-09 19:25:47.123 25600 25600 D libEGL  : loaded /vendor/lib/egl/libGLES_mali.so
10-09 19:25:47.166 25600 25600 I Zygote  : Preloading shared libraries...
10-09 19:25:47.178 25600 25600 D Zygote  : end preload
10-09 19:25:47.182 25345 25345 D LauncherActivity: FullDialog progress=41
10-09 19:25:47.186 25600 25600 I art     : Explicit concurrent mark sweep GC freed 426(18KB) AllocSpace objects, 0(0B) LOS objects, 66% free, 1757KB/5MB, paused 155us total 7.468ms
10-09 19:25:47.191 25600 25600 I art     : Explicit concurrent mark sweep GC freed 96(3KB) AllocSpace objects, 0(0B) LOS objects, 66% free, 1753KB/5MB, paused 73us total 5.287ms
10-09 19:25:47.196 25600 25600 I art     : Explicit concurrent mark sweep GC freed 5(160B) AllocSpace objects, 0(0B) LOS objects, 66% free, 1753KB/5MB, paused 73us total 4.508ms
10-09 19:25:47.239 25600 25600 I Zygote  : System server process 25685 has been created
10-09 19:25:47.242 25600 25600 D Zygote  : throw new isHuawei
10-09 19:25:47.242 25600 25600 I Zygote  : into loop pre=0
10-09 19:25:47.269 25685 25685 I InstallerConnection: disconnecting...
10-09 19:25:47.287 25571 25580 D VirtualBinder: binder_filp_open ----pid==25685--------
10-09 19:25:47.297 25345 25345 D LauncherActivity: FullDialog progress=42
10-09 19:25:47.306 25685 25685 E Zygote  : Zygote MethodAndArgsCaller xxx
10-09 19:25:47.309 25685 25685 I SystemServer: Entered the Android system server!
10-09 19:25:47.314 25685 25685 W system_server: type=1400 audit(0.0:3260193): avc: granted { execute } for path="/data/data/com.vmos.web/osimg/r/ot01/system/lib/libandroid_servers.so" dev="mmcblk0p46" ino=1672056 scontext=u:r:untrusted_app_27:s0:c10,c259,c512,c768 tcontext=u:object_r:app_data_file:s0:c10,c259,c512,c768 tclass=file
10-09 19:25:47.318 25685 25685 W system_server: type=1400 audit(0.0:3260194): avc: granted { execute } for path="/data/data/com.vmos.web/osimg/r/ot01/system/lib/libinputservice.so" dev="mmcblk0p46" ino=1672135 scontext=u:r:untrusted_app_27:s0:c10,c259,c512,c768 tcontext=u:object_r:app_data_file:s0:c10,c259,c512,c768 tclass=file
10-09 19:25:47.322 25685 25685 W system_server: type=1400 audit(0.0:3260196): avc: granted { execute } for path="/data/data/com.vmos.web/osimg/r/ot01/system/lib/libsuspend.so" dev="mmcblk0p46" ino=1672252 scontext=u:r:untrusted_app_27:s0:c10,c259,c512,c768 tcontext=u:object_r:app_data_file:s0:c10,c259,c512,c768 tclass=file
10-09 19:25:47.346 25685 25685 V Fingerprint-JNI: FingerprintManager JNI ready.
10-09 19:25:47.347 25685 25685 D SensorService: nuSensorService starting...
10-09 19:25:47.347 25685 25685 E HAL     : enter gralloc class_id=sensors
10-09 19:25:47.346 25685 25685 W system_server: type=1400 audit(0.0:3260197): avc: granted { execute } for path="/data/data/com.vmos.web/osimg/r/ot01/system/lib/hw/sensors.smdk4x12.so" dev="mmcblk0p46" ino=1672050 scontext=u:r:untrusted_app_27:s0:c10,c259,c512,c768 tcontext=u:object_r:app_data_file:s0:c10,c259,c512,c768 tclass=file
10-09 19:25:47.349 25685 25685 E HAL     : loaded HAL id=sensors path=/system/lib/hw/sensors.smdk4x12.so hmi=0x0 handle=0xead80544
10-09 19:25:47.361 25345 25706 E VMHAL_QEMUD: can't read qemud frame header: Connection reset by peer
10-09 19:25:47.362 25345 25707 E VMHAL_QEMUD: can't read qemud frame header: Connection reset by peer
10-09 19:25:47.362 25345 25708 E VMHAL_QEMUD: can't read qemud frame header: Connection reset by peer
10-09 19:25:47.364 25685 25711 D SensorService: nuSensorService thread starting...
10-09 19:25:47.364 25685 25709 D SensorService: new thread SensorEventAckReceiver
10-09 19:25:47.378 25685 25685 I SystemServiceManager: Starting com.android.server.pm.Installer
10-09 19:25:47.383 25685 25685 I Installer: Waiting for installd to be ready.
10-09 19:25:47.383 25685 25685 I InstallerConnection: connecting...
10-09 19:25:47.383 25598 25598 I installd: new connection
10-09 19:25:47.384 25685 25685 I SystemServiceManager: Starting com.android.server.am.ActivityManagerService$Lifecycle
10-09 19:25:47.409 25345 25345 D LauncherActivity: FullDialog progress=43
10-09 19:25:47.411 25685 25685 I ActivityManager: Memory class: 400
10-09 19:25:47.434 25685 25685 W BatteryStatsImpl: Couldn't get kernel wake lock stats
10-09 19:25:47.472 25685 25685 I IntentFirewall: Read new rules (A:0 B:0 S:0)
10-09 19:25:47.487 25685 25720 W BatteryStatsImpl: Couldn't get kernel wake lock stats
10-09 19:25:47.488 25685 25685 I SystemServiceManager: Starting com.android.server.power.PowerManagerService
10-09 19:25:47.495 25685 25685 E HAL     : enter gralloc class_id=power
10-09 19:25:47.496 25685 25685 E HAL     : loaded HAL id=power path=/system/lib/hw/power.smdk4x12.so hmi=0x0 handle=0xead80694
10-09 19:25:47.502 25685 25685 I SystemServiceManager: Starting com.android.server.display.DisplayManagerService
10-09 19:25:47.502 25685 25723 E BatteryStatsService: Failed to open /sys/kernel/wakeup_reasons/last_resume_reason
10-09 19:25:47.505 25597 25597 I CameraService: CameraService started (pid=25597)
10-09 19:25:47.505 25597 25597 E HAL     : enter gralloc class_id=camera
10-09 19:25:47.508 25685 25685 I SystemServiceManager: Starting phase 100
10-09 19:25:47.511 25597 25597 E EmulatedCamera_QemuClient: Send query 'list'
10-09 19:25:47.511 25597 25597 E EmulatedCamera_QemuClient: doQuery: receiveMessage
10-09 19:25:47.511 25345 25724 E VMHAL_CAMERA: command=list
10-09 19:25:47.512 25345 25724 E VMHAL_CAMERA: camera command list
10-09 19:25:47.512 25345 25724 E VMHAL_CAMERA: list data : name=camera_0 framedims=1920x1080,1600x960,1600x900,1600x736,1280x720,1080x1080,960x720,720x480,640x480,352x288,320x240,176x144 dir=back areasnums=1 zoom=100,109,118,127,136,145,154,163,172,181,190,200,209,218,227,236,245,254,263,272,281,290,299,309,318,327,336,345,354,363,372,381,390,399,409,418,427,436,445,454,463,472,481,490,499,509,518,527,536,545,554,563,572,581,590,599,609,618,627,636,645,654,663,672,681,690,699,709,718,727,736,745,754,763,772,781,790,799,809,818,827,836,845,854,863,872,881,890,899,909,918,927,936,945,954,963,972,981,990,999 focus=auto,macro,continuous-video,continuous-picture 
10-09 19:25:47.512 25345 25724 E VMHAL_CAMERA: name=camera_1 framedims=1920x1080,1600x960,1600x900,1600x736,1280x720,1080x1080,960x720,720x480,640x480,352x288,320x240,176x144 dir=front areasnums=0 zoom=100,103,106,109,112,115,118,121,124,127,130,133,136,139,142,145,148,151,154,157,160,163,166,169,172,175,178,181,184,187,190,193,196,199,203,206,209,212,215,218,221,224,227,230,233,236,239,242,245,248,251,254,257,260,263,266,269,272,275,278,281,284,
10-09 19:25:47.512 25597 25597 E EmulatedCamera_QemuClient: *data=ok
10-09 19:25:47.512 25597 25597 E EmulatedCamera_QemuClient: doQuery: receiveMessage end
10-09 19:25:47.512 25597 25597 E EmulatedCamera_QemuClient: Response to query 'list': Status = 'ok', 1184 bytes in response
10-09 19:25:47.513 25597 25597 E EmulatedCamera_QemuClient: doQuery: Complete the query
10-09 19:25:47.513 25597 25597 D EmulatedCamera_QemuClient: Emulated camera list: name=camera_0 framedims=1920x1080,1600x960,1600x900,1600x736,1280x720,1080x1080,960x720,720x480,640x480,352x288,320x240,176x144 dir=back areasnums=1 zoom=100,109,118,127,136,145,154,163,172,181,190,200,209,218,227,236,245,254,263,272,281,290,299,309,318,327,336,345,354,363,372,381,390,399,409,418,427,436,445,454,463,472,481,490,499,509,518,527,536,545,554,563,572,581,590,599,609,618,627,636,645,654,663,672,681,690,699,709,718,727,736,745,754,763,772,781,790,799,809,818,827,836,845,854,863,872,881,890,899,909,918,927,936,945,954,963,972,981,990,999 focus=auto,macro,continuous-video,continuous-picture 
10-09 19:25:47.513 25597 25597 D EmulatedCamera_QemuClient: name=camera_1 framedims=1920x1080,1600x960,1600x900,1600x736,1280x720,1080x1080,960x720,720x480,640x480,352x288,320x240,176x144 dir=front areasnums=0 zoom=100,103,106,109,112,115,118,121,124,127,130,133,136,139,142,145,148,151,154,157,160,163,166,169,172,175,178,181,184,187,190,193,196,199,203,206,209,212,215,218,221,224,227,230,233,236,239,242,245,248,251,254,257,260,263,266,269,272,275,27
10-09 19:25:47.513 25597 25597 E EmulatedCamera_Factory: createQemuCameras: zoom_start=true zoom_start=zoom=100,109,118,127,136,145,154,163,172,181,190,200,209,218,227,236,245,254,263,272,281,290,299,309,318,327,336,345,354,363,372,381,390,399,409,418,427,436,445,454,463,472,481,490,499,509,518,527,536,545,554,563,572,581,590,599,609,618,627,636,645,654,663,672,681,690,699,709,718,727,736,745,754,763,772,781,790,799,809,818,827,836,845,854,863,872,881,890,899,909,918,927,936,945,954,963,972,981,990,999 focus=auto,macro,continuous-video,continuous-picture  focus_start=focus=auto,macro,continuous-video,continuous-picture  areasnums_start=areasnums=1 zoom=100,109,118,127,136,145,154,163,172,181,190,200,209,218,227,236,245,254,263,272,281,290,299,309,318,327,336,345,354,363,372,381,390,399,409,418,427,436,445,454,463,472,481,490,499,509,518,527,536,545,554,563,572,581,590,599,609,618,627,636,645,654,663,672,681,690,699,709,718,727,736,745,754,763,772,781,790,799,809,818,827,836,845,854,863,872,881,890,899,909,918,927,936,945,954,963,972,981,990,999 focus=auto,macro,co
10-09 19:25:47.513 25597 25597 V EmulatedCamera_QemuCamera: Initialize:
10-09 19:25:47.513 25597 25597 V EmulatedCamera_QemuCamera:    Name=camera_0
10-09 19:25:47.513 25597 25597 V EmulatedCamera_QemuCamera:    Facing 'back'
10-09 19:25:47.513 25597 25597 V EmulatedCamera_QemuCamera:    Dimensions=1920x1080,1600x960,1600x900,1600x736,1280x720,1080x1080,960x720,720x480,640x480,352x288,320x240,176x144 supportzoom=true focus_dir=auto,macro,continuous-video,continuous-picture areasnums_dir=1
10-09 19:25:47.514 25597 25597 E EmulatedCamera_QemuCamera: SHENG_TMP focus_dir=auto,macro,continuous-video,continuous-picture
10-09 19:25:47.514 25597 25597 V EmulatedCamera_QemuCamera: Initialize: Qemu camera camera_0 is initialized. Current frame is 1920x1080
10-09 19:25:47.514 25597 25597 E EmulatedCamera_Factory: createQemuCameras: zoom_start=true zoom_start=zoom=100,103,106,109,112,115,118,121,124,127,130,133,136,139,142,145,148,151,154,157,160,163,166,169,172,175,178,181,184,187,190,193,196,199,203,206,209,212,215,218,221,224,227,230,233,236,239,242,245,248,251,254,257,260,263,266,269,272,275,278,281,284,287,290,293,296,299,303,306,309,312,315,318,321,324,327,330,333,336,339,342,345,348,351,354,357,360,363,366,369,372,375,378,381,384,387,390,393,396,399 focus=fixed  focus_start=focus=fixed  areasnums_start=areasnums=0 zoom=100,103,106,109,112,115,118,121,124,127,130,133,136,139,142,145,148,151,154,157,160,163,166,169,172,175,178,181,184,187,190,193,196,199,203,206,209,212,215,218,221,224,227,230,233,236,239,242,245,248,251,254,257,260,263,266,269,272,275,278,281,284,287,290,293,296,299,303,306,309,312,315,318,321,324,327,330,333,336,339,342,345,348,351,354,357,360,363,366,369,372,375,378,381,384,387,390,393,396,399 focus=fixed  flash_start=(null)
10-09 19:25:47.514 25597 25597 V EmulatedCamera_QemuCamera: Initialize:
10-09 19:25:47.514 25597 25597 V EmulatedCamera_QemuCamera:    Name=camera_1
10-09 19:25:47.514 25597 25597 V EmulatedCamera_QemuCamera:    Facing 'front'
10-09 19:25:47.514 25597 25597 V EmulatedCamera_QemuCamera:    Dimensions=1920x1080,1600x960,1600x900,1600x736,1280x720,1080x1080,960x720,720x480,640x480,352x288,320x240,176x144 supportzoom=true focus_dir=fixed areasnums_dir=0
10-09 19:25:47.514 25597 25597 E EmulatedCamera_QemuCamera: SHENG_TMP focus_dir=fixed
10-09 19:25:47.515 25597 25597 V EmulatedCamera_QemuCamera: Initialize: Qemu camera camera_1 is initialized. Current frame is 1920x1080
10-09 19:25:47.515 25597 25597 V EmulatedCamera_Factory: 2 cameras are being emulated. 0 of them are fake cameras.
10-09 19:25:47.517 25597 25727 V EmulatedCamera_HotplugThread: readyToRun: Initializing inotify
10-09 19:25:47.517 25597 25597 E HAL     : loaded HAL id=camera path=/system/lib/hw/camera.smdk4x12.so hmi=0x0 handle=0xeffd2544
10-09 19:25:47.517 25597 25597 I CameraService: Loaded "Emulated Camera Module" camera module
10-09 19:25:47.517 25597 25727 V EmulatedCamera_HotplugThread: addWatch: Watch added for camID='0', wd='1'
10-09 19:25:47.517 25597 25597 V EmulatedCamera_Factory: setCallbacks: callbacks = 0xefc650d4
10-09 19:25:47.517 25597 25597 I CameraService: setUpVendorTags: No vendor tags defined for this device.
10-09 19:25:47.517 25597 25727 V EmulatedCamera_HotplugThread: addWatch: Watch added for camID='1', wd='2'
10-09 19:25:47.519 25597 25597 I AudioPolicyService: AudioPolicyService CSTOR in new mode
10-09 19:25:47.520 25345 25345 D LauncherActivity: FullDialog progress=44
10-09 19:25:47.521 25597 25597 I AudioPolicyManager: loadAudioPolicyConfig() loaded /system/etc/audio_policy.conf
10-09 19:25:47.521 25685 25719 I DisplayManagerService: Display device added: DisplayDeviceInfo{"شاشة مدمجة": uniqueId="local:0", 1080 x 2240, 120.00001 fps, supportedRefreshRates [120.00001], density 440, 159.89508 x 160.42105 dpi, appVsyncOff 0, presDeadline 9333333, touch INTERNAL, rotation 0, type BUILT_IN, state UNKNOWN, FLAG_DEFAULT_DISPLAY, FLAG_ROTATES_WITH_CONTENT, FLAG_SECURE, FLAG_SUPPORTS_PROTECTED_BUFFERS}
10-09 19:25:47.522 25685 25685 I SystemServer: Package Manager
10-09 19:25:47.522 25597 25597 E HAL     : enter gralloc class_id=audio
10-09 19:25:47.524 25597 25597 E HAL     : loaded HAL id=audio path=/system/lib/hw/audio.primary.smdk4x12.so hmi=0xfffffff8 handle=0xeffd2694
10-09 19:25:47.524 25597 25597 I AudioFlinger: loadHwModule() Loaded primary audio interface from audio HW HAL (audio) handle 1
10-09 19:25:47.524 25345 25490 D SHENG_AUDIO: accapt a connection from Playback
10-09 19:25:47.524 25597 25597 I AudioFlinger: HAL output buffer size 1024 frames, normal sink buffer size 1024 frames
10-09 19:25:47.524 25597 25597 E HAL     : enter gralloc class_id=local_time
10-09 19:25:47.525 25597 25597 E HAL     : loaded HAL id=local_time path=/system/lib/hw/local_time.default.so hmi=0x0 handle=0xeffd27e4
10-09 19:25:47.533 25597 25597 I AudioMixer: found effect "Multichannel Downmix To Stereo" from The Android Open Source Project
10-09 19:25:47.534 25597 25732 I AudioFlinger: AudioFlinger's thread 0xefc785c0 ready to run
10-09 19:25:47.534 25597 25597 I AudioFlinger: Using module 1 has the primary audio interface
10-09 19:25:47.538 25597 25597 E audio_hw_generic: Error opening input stream format 1, channel_mask 0010, sample_rate 16000
10-09 19:25:47.538 25345 25490 D SHENG_AUDIO: accapt a connection from Recording
10-09 19:25:47.538 25597 25733 I AudioFlinger: AudioFlinger's thread 0xee1c2d80 ready to run
10-09 19:25:47.539 25597 25597 E HAL     : enter gralloc class_id=audio
10-09 19:25:47.539 25685 25705 W Binder  : Caught a RuntimeException from the binder stub implementation.
10-09 19:25:47.539 25685 25705 W Binder  : java.lang.NullPointerException: Attempt to invoke interface method 'int android.app.IActivityManager.checkPermission(java.lang.String, int, int)' on a null object reference
10-09 19:25:47.539 25685 25705 W Binder  : 	at android.app.ContextImpl.checkPermission(ContextImpl.java:1884)
10-09 19:25:47.539 25685 25705 W Binder  : 	at android.app.ContextImpl.checkCallingOrSelfPermission(ContextImpl.java:1925)
10-09 19:25:47.539 25685 25705 W Binder  : 	at android.app.ContextImpl.enforceCallingOrSelfPermission(ContextImpl.java:1962)
10-09 19:25:47.539 25685 25705 W Binder  : 	at com.android.server.power.PowerManagerService$BinderService.acquireWakeLock(PowerManagerService.java:2836)
10-09 19:25:47.539 25685 25705 W Binder  : 	at android.os.IPowerManager$Stub.onTransact(IPowerManager.java:66)
10-09 19:25:47.539 25685 25705 W Binder  : 	at android.os.Binder.execTransact(Binder.java:446)
10-09 19:25:47.541 25685 25705 W Binder  : Caught a RuntimeException from the binder stub implementation.
10-09 19:25:47.541 25685 25705 W Binder  : java.lang.NullPointerException: Attempt to invoke interface method 'int android.app.IActivityManager.checkPermission(java.lang.String, int, int)' on a null object reference
10-09 19:25:47.541 25685 25705 W Binder  : 	at android.app.ContextImpl.checkPermission(ContextImpl.java:1884)
10-09 19:25:47.541 25685 25705 W Binder  : 	at android.app.ContextImpl.checkCallingOrSelfPermission(ContextImpl.java:1925)
10-09 19:25:47.541 25685 25705 W Binder  : 	at android.app.ContextImpl.enforceCallingOrSelfPermission(ContextImpl.java:1962)
10-09 19:25:47.541 25685 25705 W Binder  : 	at com.android.server.power.PowerManagerService$BinderService.releaseWakeLock(PowerManagerService.java:2864)
10-09 19:25:47.541 25685 25705 W Binder  : 	at android.os.IPowerManager$Stub.onTransact(IPowerManager.java:94)
10-09 19:25:47.541 25685 25705 W Binder  : 	at android.os.Binder.execTransact(Binder.java:446)
10-09 19:25:47.542 25685 25705 W Binder  : Caught a RuntimeException from the binder stub implementation.
10-09 19:25:47.542 25685 25705 W Binder  : java.lang.NullPointerException: Attempt to invoke interface method 'int android.app.IActivityManager.checkPermission(java.lang.String, int, int)' on a null object reference
10-09 19:25:47.542 25685 25705 W Binder  : 	at android.app.ContextImpl.checkPermission(ContextImpl.java:1884)
10-09 19:25:47.542 25685 25705 W Binder  : 	at android.app.ContextImpl.checkCallingOrSelfPermission(ContextImpl.java:1925)
10-09 19:25:47.542 25685 25705 W Binder  : 	at android.app.ContextImpl.enforceCallingOrSelfPermission(ContextImpl.java:1962)
10-09 19:25:47.542 25685 25705 W Binder  : 	at com.android.server.power.PowerManagerService$BinderService.acquireWakeLock(PowerManagerService.java:2836)
10-09 19:25:47.542 25685 25705 W Binder  : 	at android.os.IPowerManager$Stub.onTransact(IPowerManager.java:66)
10-09 19:25:47.542 25685 25705 W Binder  : 	at android.os.Binder.execTransact(Binder.java:446)
10-09 19:25:47.543 25597 25597 E HAL     : loaded HAL id=audio path=/system/lib/hw/audio.r_submix.default.so hmi=0xfffffff8 handle=0xeff56004
10-09 19:25:47.543 25597 25597 I r_submix: adev_open(name=audio_hw_if)
10-09 19:25:47.543 25597 25597 I r_submix: adev_init_check()
10-09 19:25:47.543 25597 25597 I AudioFlinger: loadHwModule() Loaded r_submix audio interface from Wifi Display audio HAL (audio) handle 4
10-09 19:25:47.543 25597 25597 D r_submix: adev_open_input_stream(addr=0)
10-09 19:25:47.543 25597 25597 D r_submix: submix_audio_device_create_pipe_l(addr=0, idx=9)
10-09 19:25:47.544 25597 25597 D r_submix:   now using address 0 for route 9
10-09 19:25:47.545 25685 25705 W Binder  : Caught a RuntimeException from the binder stub implementation.
10-09 19:25:47.545 25685 25705 W Binder  : java.lang.NullPointerException: Attempt to invoke interface method 'int android.app.IActivityManager.checkPermission(java.lang.String, int, int)' on a null object reference
10-09 19:25:47.545 25685 25705 W Binder  : 	at android.app.ContextImpl.checkPermission(ContextImpl.java:1884)
10-09 19:25:47.545 25685 25705 W Binder  : 	at android.app.ContextImpl.checkCallingOrSelfPermission(ContextImpl.java:1925)
10-09 19:25:47.545 25685 25705 W Binder  : 	at android.app.ContextImpl.enforceCallingOrSelfPermission(ContextImpl.java:1962)
10-09 19:25:47.545 25685 25705 W Binder  : 	at com.android.server.power.PowerManagerService$BinderService.updateWakeLockWorkSource(PowerManagerService.java:2895)
10-09 19:25:47.545 25685 25705 W Binder  : 	at com.android.server.power.PowerManagerService$BinderService.updateWakeLockUids(PowerManagerService.java:2886)
10-09 19:25:47.545 25685 25705 W Binder  : 	at android.os.IPowerManager$Stub.onTransact(IPowerManager.java:105)
10-09 19:25:47.545 25685 25705 W Binder  : 	at android.os.Binder.execTransact(Binder.java:446)
10-09 19:25:47.546 25597 25597 E MonoPipe: Failed to fetch local time frequency when constructing a MonoPipe (res = -32).  getNextWriteTimestamp calls will be non-functional
10-09 19:25:47.546 25597 25736 I AudioFlinger: AudioFlinger's thread 0xee219c80 ready to run
10-09 19:25:47.547 25597 25597 D r_submix: adev_close_input_stream()
10-09 19:25:47.547 25597 25597 D r_submix: submix_audio_device_release_pipe_l(idx=9) addr=0
10-09 19:25:47.547 25597 25597 D r_submix: submix_audio_device_destroy_pipe_l(): pipe destroyed
10-09 19:25:47.549 25597 25597 E HAL     : enter gralloc class_id=sound_trigger
10-09 19:25:47.550 25597 25597 E SoundTriggerHwService: couldn't load sound trigger module sound_trigger.primary (No such file or directory)
10-09 19:25:47.555 25345 25735 D AudioRecord: set(): 0x725d1ed800, inputSource 1, sampleRate 11025, format 0x1, channelMask 0x10, frameCount 640, notificationFrames 0, sessionId 0, transferType 0, flags 0, opPackageName com.vmos.web uid -1, pid -1
10-09 19:25:47.557 25345 25735 D AudioRecord: PackageName[com.vmos.web], uid[10778]
10-09 19:25:47.570 25345 25735 D AudioRecord: openRecord_l: 0x725d1ed800, mCblk = 0x71b11cc0e0
10-09 19:25:47.571 25345 25735 D AudioRecord: PackageName[com.vmos.web], uid[10778]
10-09 19:25:47.572 25345 25735 D AudioRecord: start(7854): 0x725d1ed800, sync event 0 trigger session 0
10-09 19:25:47.572 25345 25735 D AudioRecord: start, sync event 0 trigger session 0, mSessionID=41433
10-09 19:25:47.581 25345 25735 D AudioRecord: start(7854): return status 0
10-09 19:25:47.581 25345 25735 D AudioService: broadcastRecorderState:com.vmos.web
10-09 19:25:47.631 25345 25345 D LauncherActivity: FullDialog progress=45
10-09 19:25:47.718 25345 25735 D SHENG_AUDIO: buff size=1280
10-09 19:25:47.718 25345 25735 D SHENG_AUDIO: send error=Broken pipe
10-09 19:25:47.718 25345 25735 D AudioRecord: stop mSessionID=41433
10-09 19:25:47.719 25345 25735 D AudioRecord: PackageName[com.vmos.web], uid[10778]
10-09 19:25:47.719 25345 25735 D AudioRecord: stop(7854): 0x725d1ed800, mActive:1
10-09 19:25:47.728 25685 25685 D PackageManager: No files in app dir /vendor/overlay
10-09 19:25:47.731 25685 25685 W PackageManager: Failed to parse /system/framework/webview: Missing base APK in /system/framework/webview
10-09 19:25:47.747 25345 25345 D LauncherActivity: FullDialog progress=46
10-09 19:25:47.758 25685 25685 W PackageManager: Failed to parse /system/framework/arm: Missing base APK in /system/framework/arm
10-09 19:25:47.778 25345 25735 D AudioRecord: stop(7854) done
10-09 19:25:47.780 25345 25735 D AudioService: broadcastRecorderState:com.vmos.web
10-09 19:25:47.780 25345 25735 D AudioRecord: stop mSessionID=41433
10-09 19:25:47.781 25345 25735 D AudioRecord: PackageName[com.vmos.web], uid[10778]
10-09 19:25:47.781 25345 25735 D AudioRecord: stop(7854): 0x725d1ed800, mActive:0
10-09 19:25:47.782 25345 25735 D AudioService: broadcastRecorderState:com.vmos.web
10-09 19:25:47.782 25345 25735 D AudioRecord: stop mSessionID=41433
10-09 19:25:47.782 25345 25735 D AudioRecord: PackageName[com.vmos.web], uid[10778]
10-09 19:25:47.782 25345 25735 D AudioRecord: stop(7854): 0x725d1ed800, mActive:0
10-09 19:25:47.782 25345 25735 D AudioRecord: ~AudioRecord(7854): mStatus 0
10-09 19:25:47.782 25345 25735 D AudioRecord: stop mSessionID=41433
10-09 19:25:47.784 25345 25735 D AudioRecord: PackageName[com.vmos.web], uid[10778]
10-09 19:25:47.784 25345 25735 D AudioRecord: stop(7854): 0x725d1ed800, mActive:0
10-09 19:25:47.785 25345 25735 D AudioRecord: PackageName[com.vmos.web], uid[10778]
10-09 19:25:47.823 25685 25685 W PackageParser: No actions in intent filter at /system/priv-app/GooglePlayGames/google-play-games-2019-07-11661-259783482-259783482-000300.apk Binary XML file line #514
10-09 19:25:47.860 25345 25345 D LauncherActivity: FullDialog progress=47
10-09 19:25:47.972 25345 25345 D LauncherActivity: FullDialog progress=48
10-09 19:25:48.083 25345 25345 D LauncherActivity: FullDialog progress=49
10-09 19:25:48.198 25345 25345 D LauncherActivity: FullDialog progress=50
10-09 19:25:48.200 25685 25685 I PackageManager: Package com.android.vending at /system/priv-app/Phonesky ignored: updated version 82741710 better than this 81901200
10-09 19:25:48.200 25685 25685 W PackageManager: Failed to parse /system/priv-app/Phonesky: null
10-09 19:25:48.309 25345 25345 D LauncherActivity: FullDialog progress=51
10-09 19:25:48.358 25685 25685 W ResourceType: Failure getting entry for 0x7f14037a (t=19 e=890) (error -75)
10-09 19:25:48.358 25685 25685 W ResourceType: Failure getting entry for 0x7f14037a (t=19 e=890) (error -75)
10-09 19:25:48.358 25685 25685 W ResourceType: Failure getting entry for 0x7f140351 (t=19 e=849) (error -75)
10-09 19:25:48.358 25685 25685 W ResourceType: Failure getting entry for 0x7f140351 (t=19 e=849) (error -75)
10-09 19:25:48.359 25685 25685 W ResourceType: Failure getting entry for 0x7f140367 (t=19 e=871) (error -75)
10-09 19:25:48.359 25685 25685 W ResourceType: Failure getting entry for 0x7f140367 (t=19 e=871) (error -75)
10-09 19:25:48.359 25685 25685 W ResourceType: Failure getting entry for 0x7f14034a (t=19 e=842) (error -75)
10-09 19:25:48.360 25685 25685 W ResourceType: Failure getting entry for 0x7f14034a (t=19 e=842) (error -75)
10-09 19:25:48.386 25685 25685 W system_server: type=1400 audit(0.0:3260318): avc: granted { open } for path="/dev/ashmem" dev="tmpfs" ino=2165 scontext=u:r:untrusted_app_27:s0:c10,c259,c512,c768 tcontext=u:object_r:ashmem_device:s0 tclass=chr_file
10-09 19:25:48.421 25345 25345 D LauncherActivity: FullDialog progress=52
10-09 19:25:48.488 25685 25685 W PackageParser: No actions in intent filter at /system/priv-app/SetupWizard/SetupWizard.apk Binary XML file line #170
10-09 19:25:48.489 25685 25685 W PackageParser: No actions in intent filter at /system/priv-app/SetupWizard/SetupWizard.apk Binary XML file line #347
10-09 19:25:48.528 25685 25685 W PackageParser: No actions in intent filter at /system/priv-app/Contacts/Contacts.apk Binary XML file line #356
10-09 19:25:48.533 25345 25345 D LauncherActivity: FullDialog progress=53
10-09 19:25:48.567 25685 25685 W ResourceType: Failure getting entry for 0x7f08026f (t=7 e=623) (error -75)
10-09 19:25:48.600 25685 25685 W PackageParser: Unknown element under <intent-filter>: android at /system/priv-app/Telecom/Telecom.apk Binary XML file line #232
10-09 19:25:48.648 25345 25345 D LauncherActivity: FullDialog progress=54
10-09 19:25:48.760 25345 25345 D LauncherActivity: FullDialog progress=55
10-09 19:25:48.871 25345 25345 D LauncherActivity: FullDialog progress=56
