10-09 19:25:45.820 25600 25600 W Resources: Preloaded drawable resource #0x10800ef (android:drawable/btn_check_off_disabled_holo_dark) that varies with configuration!!
10-09 19:25:45.821 25600 25600 W Resources: Preloaded drawable resource #0x1080104 (android:drawable/btn_check_on_disabled_holo_dark) that varies with configuration!!
10-09 19:25:45.821 25600 25600 W Resources: Preloaded drawable resource #0x10800e2 (android:drawable/btn_check_holo_dark) that varies with configuration!!
10-09 19:25:45.825 25600 25600 I art     : Explicit concurrent mark sweep GC freed 449(450KB) AllocSpace objects, 0(0B) LOS objects, 66% free, 2003KB/5MB, paused 76us total 4.143ms
10-09 19:25:45.827 25600 25600 W Resources: Preloaded drawable resource #0x10801bd (android:drawable/btn_radio_on_pressed_holo_light) that varies with configuration!!
10-09 19:25:45.828 25600 25600 W Resources: Preloaded drawable resource #0x10801bc (android:drawable/btn_radio_on_pressed_holo_dark) that varies with configuration!!
10-09 19:25:45.829 25345 25345 D LauncherActivity: FullDialog progress=29
10-09 19:25:45.832 25600 25600 I art     : Explicit concurrent mark sweep GC freed 147(431KB) AllocSpace objects, 0(0B) LOS objects, 66% free, 1636KB/4MB, paused 73us total 3.945ms
10-09 19:25:45.833 25600 25600 W Resources: Preloaded drawable resource #0x10801b9 (android:drawable/btn_radio_on_holo_light) that varies with configuration!!
10-09 19:25:45.834 25600 25600 W Resources: Preloaded drawable resource #0x10801b8 (android:drawable/btn_radio_on_holo_dark) that varies with configuration!!
10-09 19:25:45.838 25600 25600 I art     : Explicit concurrent mark sweep GC freed 59(63KB) AllocSpace objects, 0(0B) LOS objects, 66% free, 1636KB/4MB, paused 70us total 3.822ms
10-09 19:25:45.839 25600 25600 W Resources: Preloaded drawable resource #0x10801b6 (android:drawable/btn_radio_on_focused_holo_light) that varies with configuration!!
10-09 19:25:45.840 25600 25600 W Resources: Preloaded drawable resource #0x10801b5 (android:drawable/btn_radio_on_focused_holo_dark) that varies with configuration!!
10-09 19:25:45.844 25600 25600 I art     : Explicit concurrent mark sweep GC freed 59(64KB) AllocSpace objects, 0(0B) LOS objects, 66% free, 1637KB/4MB, paused 72us total 3.842ms
10-09 19:25:45.845 25600 25600 W Resources: Preloaded drawable resource #0x10801b4 (android:drawable/btn_radio_on_disabled_holo_light) that varies with configuration!!
10-09 19:25:45.846 25600 25600 W Resources: Preloaded drawable resource #0x10801b3 (android:drawable/btn_radio_on_disabled_holo_dark) that varies with configuration!!
10-09 19:25:45.850 25600 25600 I art     : Explicit concurrent mark sweep GC freed 61(64KB) AllocSpace objects, 0(0B) LOS objects, 66% free, 1637KB/4MB, paused 73us total 4.113ms
10-09 19:25:45.852 25600 25600 W Resources: Preloaded drawable resource #0x10801b2 (android:drawable/btn_radio_on_disabled_focused_holo_light) that varies with configuration!!
10-09 19:25:45.853 25600 25600 W Resources: Preloaded drawable resource #0x10801b1 (android:drawable/btn_radio_on_disabled_focused_holo_dark) that varies with configuration!!
10-09 19:25:45.857 25600 25600 I art     : Explicit concurrent mark sweep GC freed 59(64KB) AllocSpace objects, 0(0B) LOS objects, 66% free, 1638KB/4MB, paused 72us total 3.895ms
10-09 19:25:45.857 25600 25600 W Resources: Preloaded drawable resource #0x10801ae (android:drawable/btn_radio_off_pressed_holo_light) that varies with configuration!!
10-09 19:25:45.858 25600 25600 W Resources: Preloaded drawable resource #0x10801ad (android:drawable/btn_radio_off_pressed_holo_dark) that varies with configuration!!
10-09 19:25:45.862 25600 25600 I art     : Explicit concurrent mark sweep GC freed 59(64KB) AllocSpace objects, 0(0B) LOS objects, 66% free, 1638KB/4MB, paused 72us total 4.036ms
10-09 19:25:45.863 25600 25600 W Resources: Preloaded drawable resource #0x10801ab (android:drawable/btn_radio_off_holo_light) that varies with configuration!!
10-09 19:25:45.864 25600 25600 W Resources: Preloaded drawable resource #0x10801aa (android:drawable/btn_radio_off_holo_dark) that varies with configuration!!
10-09 19:25:45.869 25600 25600 I art     : Explicit concurrent mark sweep GC freed 59(63KB) AllocSpace objects, 0(0B) LOS objects, 66% free, 1638KB/4MB, paused 75us total 4.197ms
10-09 19:25:45.870 25600 25600 W Resources: Preloaded drawable resource #0x10801a8 (android:drawable/btn_radio_off_focused_holo_light) that varies with configuration!!
10-09 19:25:45.870 25600 25600 W Resources: Preloaded drawable resource #0x10801a7 (android:drawable/btn_radio_off_focused_holo_dark) that varies with configuration!!
10-09 19:25:45.874 25600 25600 I art     : Explicit concurrent mark sweep GC freed 59(64KB) AllocSpace objects, 0(0B) LOS objects, 66% free, 1638KB/4MB, paused 72us total 3.845ms
10-09 19:25:45.875 25600 25600 W Resources: Preloaded drawable resource #0x10801a6 (android:drawable/btn_radio_off_disabled_holo_light) that varies with configuration!!
10-09 19:25:45.875 25600 25600 W Resources: Preloaded drawable resource #0x10801a5 (android:drawable/btn_radio_off_disabled_holo_dark) that varies with configuration!!
10-09 19:25:45.879 25600 25600 I art     : Explicit concurrent mark sweep GC freed 59(64KB) AllocSpace objects, 0(0B) LOS objects, 66% free, 1639KB/4MB, paused 73us total 3.815ms
10-09 19:25:45.880 25600 25600 W Resources: Preloaded drawable resource #0x10801a4 (android:drawable/btn_radio_off_disabled_focused_holo_light) that varies with configuration!!
10-09 19:25:45.881 25600 25600 W Resources: Preloaded drawable resource #0x10801a3 (android:drawable/btn_radio_off_disabled_focused_holo_dark) that varies with configuration!!
10-09 19:25:45.885 25600 25600 I art     : Explicit concurrent mark sweep GC freed 59(64KB) AllocSpace objects, 0(0B) LOS objects, 66% free, 1639KB/4MB, paused 71us total 3.831ms
10-09 19:25:45.886 25600 25600 W Resources: Preloaded drawable resource #0x108014e (android:drawable/btn_default_pressed_holo_light) that varies with configuration!!
10-09 19:25:45.887 25600 25600 W Resources: Preloaded drawable resource #0x108014d (android:drawable/btn_default_pressed_holo_dark) that varies with configuration!!
10-09 19:25:45.891 25600 25600 I art     : Explicit concurrent mark sweep GC freed 59(64KB) AllocSpace objects, 0(0B) LOS objects, 66% free, 1629KB/4MB, paused 77us total 3.837ms
10-09 19:25:45.892 25600 25600 W Resources: Preloaded drawable resource #0x108014a (android:drawable/btn_default_normal_holo_light) that varies with configuration!!
10-09 19:25:45.892 25600 25600 W Resources: Preloaded drawable resource #0x1080149 (android:drawable/btn_default_normal_holo_dark) that varies with configuration!!
10-09 19:25:45.896 25600 25600 I art     : Explicit concurrent mark sweep GC freed 69(53KB) AllocSpace objects, 0(0B) LOS objects, 66% free, 1629KB/4MB, paused 73us total 3.839ms
10-09 19:25:45.897 25600 25600 W Resources: Preloaded drawable resource #0x1080140 (android:drawable/btn_default_focused_holo_light) that varies with configuration!!
10-09 19:25:45.898 25600 25600 W Resources: Preloaded drawable resource #0x108013f (android:drawable/btn_default_focused_holo_dark) that varies with configuration!!
10-09 19:25:45.902 25600 25600 I art     : Explicit concurrent mark sweep GC freed 69(53KB) AllocSpace objects, 0(0B) LOS objects, 66% free, 1630KB/4MB, paused 72us total 3.967ms
10-09 19:25:45.903 25600 25600 W Resources: Preloaded drawable resource #0x108013d (android:drawable/btn_default_disabled_holo_light) that varies with configuration!!
10-09 19:25:45.903 25600 25600 W Resources: Preloaded drawable resource #0x108013c (android:drawable/btn_default_disabled_holo_dark) that varies with configuration!!
10-09 19:25:45.908 25600 25600 I art     : Explicit concurrent mark sweep GC freed 69(53KB) AllocSpace objects, 0(0B) LOS objects, 66% free, 1630KB/4MB, paused 74us total 3.978ms
10-09 19:25:45.908 25600 25600 W Resources: Preloaded drawable resource #0x108013a (android:drawable/btn_default_disabled_focused_holo_light) that varies with configuration!!
10-09 19:25:45.909 25600 25600 W Resources: Preloaded drawable resource #0x1080139 (android:drawable/btn_default_disabled_focused_holo_dark) that varies with configuration!!
10-09 19:25:45.913 25600 25600 I art     : Explicit concurrent mark sweep GC freed 69(53KB) AllocSpace objects, 0(0B) LOS objects, 66% free, 1630KB/4MB, paused 72us total 3.870ms
10-09 19:25:45.917 25600 25600 W Resources: Preloaded drawable resource #0x1080149 (android:drawable/btn_default_normal_holo_dark) that varies with configuration!!
10-09 19:25:45.918 25600 25600 W Resources: Preloaded drawable resource #0x108013c (android:drawable/btn_default_disabled_holo_dark) that varies with configuration!!
10-09 19:25:45.918 25600 25600 W Resources: Preloaded drawable resource #0x108014d (android:drawable/btn_default_pressed_holo_dark) that varies with configuration!!
10-09 19:25:45.919 25600 25600 W Resources: Preloaded drawable resource #0x108013f (android:drawable/btn_default_focused_holo_dark) that varies with configuration!!
10-09 19:25:45.920 25600 25600 W Resources: Preloaded drawable resource #0x1080149 (android:drawable/btn_default_normal_holo_dark) that varies with configuration!!
10-09 19:25:45.920 25600 25600 W Resources: Preloaded drawable resource #0x1080139 (android:drawable/btn_default_disabled_focused_holo_dark) that varies with configuration!!
10-09 19:25:45.921 25600 25600 W Resources: Preloaded drawable resource #0x108013c (android:drawable/btn_default_disabled_holo_dark) that varies with configuration!!
10-09 19:25:45.921 25600 25600 W Resources: Preloaded drawable resource #0x1080141 (android:drawable/btn_default_holo_dark) that varies with configuration!!
10-09 19:25:45.925 25600 25600 I art     : Explicit concurrent mark sweep GC freed 208(62KB) AllocSpace objects, 0(0B) LOS objects, 66% free, 1757KB/5MB, paused 72us total 3.838ms
10-09 19:25:45.926 25600 25600 W Resources: Preloaded drawable resource #0x108014a (android:drawable/btn_default_normal_holo_light) that varies with configuration!!
10-09 19:25:45.927 25600 25600 W Resources: Preloaded drawable resource #0x108013d (android:drawable/btn_default_disabled_holo_light) that varies with configuration!!
10-09 19:25:45.927 25600 25600 W Resources: Preloaded drawable resource #0x108014e (android:drawable/btn_default_pressed_holo_light) that varies with configuration!!
10-09 19:25:45.928 25600 25600 W Resources: Preloaded drawable resource #0x1080140 (android:drawable/btn_default_focused_holo_light) that varies with configuration!!
10-09 19:25:45.928 25600 25600 W Resources: Preloaded drawable resource #0x108014a (android:drawable/btn_default_normal_holo_light) that varies with configuration!!
10-09 19:25:45.929 25600 25600 W Resources: Preloaded drawable resource #0x108013a (android:drawable/btn_default_disabled_focused_holo_light) that varies with configuration!!
10-09 19:25:45.929 25600 25600 W Resources: Preloaded drawable resource #0x108013d (android:drawable/btn_default_disabled_holo_light) that varies with configuration!!
10-09 19:25:45.930 25600 25600 W Resources: Preloaded drawable resource #0x1080142 (android:drawable/btn_default_holo_light) that varies with configuration!!
10-09 19:25:45.934 25600 25600 I art     : Explicit concurrent mark sweep GC freed 272(188KB) AllocSpace objects, 0(0B) LOS objects, 66% free, 1758KB/5MB, paused 78us total 3.862ms
10-09 19:25:45.936 25600 25600 W Resources: Preloaded drawable resource #0x108021e (android:drawable/btn_star_off_normal_holo_light) that varies with configuration!!
10-09 19:25:45.936 25600 25600 W Resources: Preloaded drawable resource #0x1080228 (android:drawable/btn_star_on_normal_holo_light) that varies with configuration!!
10-09 19:25:45.940 25600 25600 I art     : Explicit concurrent mark sweep GC freed 133(180KB) AllocSpace objects, 0(0B) LOS objects, 66% free, 1642KB/4MB, paused 81us total 3.867ms
10-09 19:25:45.941 25600 25600 W Resources: Preloaded drawable resource #0x1080224 (android:drawable/btn_star_on_disabled_holo_light) that varies with configuration!!
10-09 19:25:45.942 25600 25600 W Resources: Preloaded drawable resource #0x108021a (android:drawable/btn_star_off_disabled_holo_light) that varies with configuration!!
10-09 19:25:45.946 25345 25345 D LauncherActivity: FullDialog progress=30
10-09 19:25:45.947 25600 25600 I art     : Explicit concurrent mark sweep GC freed 59(64KB) AllocSpace objects, 0(0B) LOS objects, 66% free, 1642KB/4MB, paused 83us total 5.196ms
10-09 19:25:45.948 25600 25600 W Resources: Preloaded drawable resource #0x108022a (android:drawable/btn_star_on_pressed_holo_light) that varies with configuration!!
10-09 19:25:45.949 25600 25600 W Resources: Preloaded drawable resource #0x1080220 (android:drawable/btn_star_off_pressed_holo_light) that varies with configuration!!
10-09 19:25:45.953 25600 25600 I art     : Explicit concurrent mark sweep GC freed 59(64KB) AllocSpace objects, 0(0B) LOS objects, 66% free, 1643KB/4MB, paused 80us total 3.858ms
10-09 19:25:45.954 25600 25600 W Resources: Preloaded drawable resource #0x1080226 (android:drawable/btn_star_on_focused_holo_light) that varies with configuration!!
10-09 19:25:45.955 25600 25600 W Resources: Preloaded drawable resource #0x108021c (android:drawable/btn_star_off_focused_holo_light) that varies with configuration!!
10-09 19:25:45.959 25600 25600 I art     : Explicit concurrent mark sweep GC freed 61(64KB) AllocSpace objects, 0(0B) LOS objects, 66% free, 1644KB/4MB, paused 76us total 3.770ms
10-09 19:25:45.960 25600 25600 W Resources: Preloaded drawable resource #0x1080222 (android:drawable/btn_star_on_disabled_focused_holo_light) that varies with configuration!!
10-09 19:25:45.961 25600 25600 W Resources: Preloaded drawable resource #0x1080218 (android:drawable/btn_star_off_disabled_focused_holo_light) that varies with configuration!!
10-09 19:25:45.965 25600 25600 I art     : Explicit concurrent mark sweep GC freed 59(64KB) AllocSpace objects, 0(0B) LOS objects, 66% free, 1644KB/4MB, paused 78us total 4.218ms
10-09 19:25:45.967 25600 25600 W Resources: Preloaded drawable resource #0x108021e (android:drawable/btn_star_off_normal_holo_light) that varies with configuration!!
10-09 19:25:45.967 25600 25600 W Resources: Preloaded drawable resource #0x1080228 (android:drawable/btn_star_on_normal_holo_light) that varies with configuration!!
10-09 19:25:45.968 25600 25600 W Resources: Preloaded drawable resource #0x1080224 (android:drawable/btn_star_on_disabled_holo_light) that varies with configuration!!
10-09 19:25:45.968 25600 25600 W Resources: Preloaded drawable resource #0x108021a (android:drawable/btn_star_off_disabled_holo_light) that varies with configuration!!
10-09 19:25:45.969 25600 25600 W Resources: Preloaded drawable resource #0x108022a (android:drawable/btn_star_on_pressed_holo_light) that varies with configuration!!
10-09 19:25:45.970 25600 25600 W Resources: Preloaded drawable resource #0x1080220 (android:drawable/btn_star_off_pressed_holo_light) that varies with configuration!!
10-09 19:25:45.971 25600 25600 W Resources: Preloaded drawable resource #0x1080226 (android:drawable/btn_star_on_focused_holo_light) that varies with configuration!!
10-09 19:25:45.972 25600 25600 W Resources: Preloaded drawable resource #0x108021c (android:drawable/btn_star_off_focused_holo_light) that varies with configuration!!
10-09 19:25:45.972 25600 25600 W Resources: Preloaded drawable resource #0x1080222 (android:drawable/btn_star_on_disabled_focused_holo_light) that varies with configuration!!
10-09 19:25:45.973 25600 25600 W Resources: Preloaded drawable resource #0x1080224 (android:drawable/btn_star_on_disabled_holo_light) that varies with configuration!!
10-09 19:25:45.974 25600 25600 W Resources: Preloaded drawable resource #0x1080218 (android:drawable/btn_star_off_disabled_focused_holo_light) that varies with configuration!!
10-09 19:25:45.974 25600 25600 W Resources: Preloaded drawable resource #0x108021a (android:drawable/btn_star_off_disabled_holo_light) that varies with configuration!!
10-09 19:25:45.974 25600 25600 W Resources: Preloaded drawable resource #0x108021e (android:drawable/btn_star_off_normal_holo_light) that varies with configuration!!
10-09 19:25:45.975 25600 25600 W Resources: Preloaded drawable resource #0x1080228 (android:drawable/btn_star_on_normal_holo_light) that varies with configuration!!
10-09 19:25:45.975 25600 25600 W Resources: Preloaded drawable resource #0x1080213 (android:drawable/btn_star_holo_light) that varies with configuration!!
10-09 19:25:45.979 25600 25600 I art     : Explicit concurrent mark sweep GC freed 361(83KB) AllocSpace objects, 0(0B) LOS objects, 66% free, 2011KB/5MB, paused 76us total 3.961ms
10-09 19:25:45.980 25600 25600 W Resources: Preloaded drawable resource #0x108021d (android:drawable/btn_star_off_normal_holo_dark) that varies with configuration!!
10-09 19:25:45.982 25600 25600 W Resources: Preloaded drawable resource #0x1080227 (android:drawable/btn_star_on_normal_holo_dark) that varies with configuration!!
10-09 19:25:45.986 25600 25600 I art     : Explicit concurrent mark sweep GC freed 156(431KB) AllocSpace objects, 0(0B) LOS objects, 66% free, 1644KB/4MB, paused 76us total 4.153ms
10-09 19:25:45.987 25600 25600 W Resources: Preloaded drawable resource #0x1080223 (android:drawable/btn_star_on_disabled_holo_dark) that varies with configuration!!
10-09 19:25:45.988 25600 25600 W Resources: Preloaded drawable resource #0x1080219 (android:drawable/btn_star_off_disabled_holo_dark) that varies with configuration!!
10-09 19:25:45.992 25600 25600 I art     : Explicit concurrent mark sweep GC freed 59(64KB) AllocSpace objects, 0(0B) LOS objects, 66% free, 1645KB/4MB, paused 80us total 3.850ms
10-09 19:25:45.993 25600 25600 W Resources: Preloaded drawable resource #0x1080229 (android:drawable/btn_star_on_pressed_holo_dark) that varies with configuration!!
10-09 19:25:45.994 25600 25600 W Resources: Preloaded drawable resource #0x108021f (android:drawable/btn_star_off_pressed_holo_dark) that varies with configuration!!
10-09 19:25:45.998 25600 25600 I art     : Explicit concurrent mark sweep GC freed 59(64KB) AllocSpace objects, 0(0B) LOS objects, 66% free, 1645KB/4MB, paused 80us total 4.049ms
10-09 19:25:46.000 25600 25600 W Resources: Preloaded drawable resource #0x1080225 (android:drawable/btn_star_on_focused_holo_dark) that varies with configuration!!
10-09 19:25:46.000 25600 25600 W Resources: Preloaded drawable resource #0x108021b (android:drawable/btn_star_off_focused_holo_dark) that varies with configuration!!
10-09 19:25:46.004 25600 25600 I art     : Explicit concurrent mark sweep GC freed 59(64KB) AllocSpace objects, 0(0B) LOS objects, 66% free, 1645KB/4MB, paused 79us total 3.864ms
10-09 19:25:46.005 25600 25600 W Resources: Preloaded drawable resource #0x1080221 (android:drawable/btn_star_on_disabled_focused_holo_dark) that varies with configuration!!
10-09 19:25:46.006 25600 25600 W Resources: Preloaded drawable resource #0x1080217 (android:drawable/btn_star_off_disabled_focused_holo_dark) that varies with configuration!!
10-09 19:25:46.010 25600 25600 I art     : Explicit concurrent mark sweep GC freed 59(64KB) AllocSpace objects, 0(0B) LOS objects, 66% free, 1646KB/4MB, paused 79us total 4.065ms
10-09 19:25:46.011 25600 25600 W Resources: Preloaded drawable resource #0x108021d (android:drawable/btn_star_off_normal_holo_dark) that varies with configuration!!
10-09 19:25:46.012 25600 25600 W Resources: Preloaded drawable resource #0x1080227 (android:drawable/btn_star_on_normal_holo_dark) that varies with configuration!!
10-09 19:25:46.012 25600 25600 W Resources: Preloaded drawable resource #0x1080223 (android:drawable/btn_star_on_disabled_holo_dark) that varies with configuration!!
10-09 19:25:46.013 25600 25600 W Resources: Preloaded drawable resource #0x1080219 (android:drawable/btn_star_off_disabled_holo_dark) that varies with configuration!!
10-09 19:25:46.014 25600 25600 W Resources: Preloaded drawable resource #0x1080229 (android:drawable/btn_star_on_pressed_holo_dark) that varies with configuration!!
10-09 19:25:46.015 25600 25600 W Resources: Preloaded drawable resource #0x108021f (android:drawable/btn_star_off_pressed_holo_dark) that varies with configuration!!
10-09 19:25:46.016 25600 25600 W Resources: Preloaded drawable resource #0x1080225 (android:drawable/btn_star_on_focused_holo_dark) that varies with configuration!!
10-09 19:25:46.016 25600 25600 W Resources: Preloaded drawable resource #0x108021b (android:drawable/btn_star_off_focused_holo_dark) that varies with configuration!!
10-09 19:25:46.017 25600 25600 W Resources: Preloaded drawable resource #0x1080221 (android:drawable/btn_star_on_disabled_focused_holo_dark) that varies with configuration!!
10-09 19:25:46.017 25600 25600 W Resources: Preloaded drawable resource #0x1080223 (android:drawable/btn_star_on_disabled_holo_dark) that varies with configuration!!
10-09 19:25:46.018 25600 25600 W Resources: Preloaded drawable resource #0x1080217 (android:drawable/btn_star_off_disabled_focused_holo_dark) that varies with configuration!!
10-09 19:25:46.019 25600 25600 W Resources: Preloaded drawable resource #0x1080219 (android:drawable/btn_star_off_disabled_holo_dark) that varies with configuration!!
10-09 19:25:46.019 25600 25600 W Resources: Preloaded drawable resource #0x108021d (android:drawable/btn_star_off_normal_holo_dark) that varies with configuration!!
10-09 19:25:46.020 25600 25600 W Resources: Preloaded drawable resource #0x1080227 (android:drawable/btn_star_on_normal_holo_dark) that varies with configuration!!
10-09 19:25:46.020 25600 25600 W Resources: Preloaded drawable resource #0x1080212 (android:drawable/btn_star_holo_dark) that varies with configuration!!
10-09 19:25:46.024 25600 25600 I art     : Explicit concurrent mark sweep GC freed 361(83KB) AllocSpace objects, 0(0B) LOS objects, 66% free, 2013KB/5MB, paused 77us total 4.246ms
10-09 19:25:46.025 25600 25600 W Resources: Preloaded drawable resource #0x108025e (android:drawable/btn_toggle_on_pressed_holo_light) that varies with configuration!!
10-09 19:25:46.026 25600 25600 W Resources: Preloaded drawable resource #0x108025d (android:drawable/btn_toggle_on_pressed_holo_dark) that varies with configuration!!
10-09 19:25:46.030 25600 25600 I art     : Explicit concurrent mark sweep GC freed 156(431KB) AllocSpace objects, 0(0B) LOS objects, 66% free, 1636KB/4MB, paused 75us total 4.029ms
10-09 19:25:46.031 25600 25600 W Resources: Preloaded drawable resource #0x108025c (android:drawable/btn_toggle_on_normal_holo_light) that varies with configuration!!
10-09 19:25:46.032 25600 25600 W Resources: Preloaded drawable resource #0x108025b (android:drawable/btn_toggle_on_normal_holo_dark) that varies with configuration!!
10-09 19:25:46.036 25600 25600 I art     : Explicit concurrent mark sweep GC freed 69(53KB) AllocSpace objects, 0(0B) LOS objects, 66% free, 1636KB/4MB, paused 77us total 3.876ms
10-09 19:25:46.037 25600 25600 W Resources: Preloaded drawable resource #0x108025a (android:drawable/btn_toggle_on_focused_holo_light) that varies with configuration!!
10-09 19:25:46.038 25600 25600 W Resources: Preloaded drawable resource #0x1080259 (android:drawable/btn_toggle_on_focused_holo_dark) that varies with configuration!!
10-09 19:25:46.042 25600 25600 I art     : Explicit concurrent mark sweep GC freed 69(53KB) AllocSpace objects, 0(0B) LOS objects, 66% free, 1636KB/4MB, paused 78us total 3.803ms
10-09 19:25:46.043 25600 25600 W Resources: Preloaded drawable resource #0x1080258 (android:drawable/btn_toggle_on_disabled_holo_light) that varies with configuration!!
10-09 19:25:46.043 25600 25600 W Resources: Preloaded drawable resource #0x1080257 (android:drawable/btn_toggle_on_disabled_holo_dark) that varies with configuration!!
10-09 19:25:46.047 25600 25600 I art     : Explicit concurrent mark sweep GC freed 69(53KB) AllocSpace objects, 0(0B) LOS objects, 66% free, 1637KB/4MB, paused 79us total 4.020ms
10-09 19:25:46.048 25600 25600 W Resources: Preloaded drawable resource #0x1080256 (android:drawable/btn_toggle_on_disabled_focused_holo_light) that varies with configuration!!
10-09 19:25:46.049 25600 25600 W Resources: Preloaded drawable resource #0x1080255 (android:drawable/btn_toggle_on_disabled_focused_holo_dark) that varies with configuration!!
10-09 19:25:46.053 25600 25600 I art     : Explicit concurrent mark sweep GC freed 69(53KB) AllocSpace objects, 0(0B) LOS objects, 66% free, 1637KB/4MB, paused 82us total 3.922ms
10-09 19:25:46.054 25600 25600 W Resources: Preloaded drawable resource #0x1080253 (android:drawable/btn_toggle_off_pressed_holo_light) that varies with configuration!!
10-09 19:25:46.055 25600 25600 W Resources: Preloaded drawable resource #0x1080252 (android:drawable/btn_toggle_off_pressed_holo_dark) that varies with configuration!!
10-09 19:25:46.058 25345 25345 D LauncherActivity: FullDialog progress=31
10-09 19:25:46.059 25600 25600 I art     : Explicit concurrent mark sweep GC freed 69(53KB) AllocSpace objects, 0(0B) LOS objects, 66% free, 1637KB/4MB, paused 80us total 3.877ms
10-09 19:25:46.060 25600 25600 W Resources: Preloaded drawable resource #0x1080251 (android:drawable/btn_toggle_off_normal_holo_light) that varies with configuration!!
10-09 19:25:46.060 25600 25600 W Resources: Preloaded drawable resource #0x1080250 (android:drawable/btn_toggle_off_normal_holo_dark) that varies with configuration!!
10-09 19:25:46.065 25600 25600 I art     : Explicit concurrent mark sweep GC freed 69(53KB) AllocSpace objects, 0(0B) LOS objects, 66% free, 1638KB/4MB, paused 78us total 4.230ms
10-09 19:25:46.066 25600 25600 W Resources: Preloaded drawable resource #0x108024f (android:drawable/btn_toggle_off_focused_holo_light) that varies with configuration!!
10-09 19:25:46.067 25600 25600 W Resources: Preloaded drawable resource #0x108024e (android:drawable/btn_toggle_off_focused_holo_dark) that varies with configuration!!
10-09 19:25:46.071 25600 25600 I art     : Explicit concurrent mark sweep GC freed 69(53KB) AllocSpace objects, 0(0B) LOS objects, 66% free, 1638KB/4MB, paused 79us total 4.083ms
10-09 19:25:46.072 25600 25600 W Resources: Preloaded drawable resource #0x108024d (android:drawable/btn_toggle_off_disabled_holo_light) that varies with configuration!!
10-09 19:25:46.073 25600 25600 W Resources: Preloaded drawable resource #0x108024c (android:drawable/btn_toggle_off_disabled_holo_dark) that varies with configuration!!
10-09 19:25:46.077 25600 25600 I art     : Explicit concurrent mark sweep GC freed 69(53KB) AllocSpace objects, 0(0B) LOS objects, 66% free, 1638KB/4MB, paused 78us total 3.945ms
10-09 19:25:46.078 25600 25600 W Resources: Preloaded drawable resource #0x108024b (android:drawable/btn_toggle_off_disabled_focused_holo_light) that varies with configuration!!
10-09 19:25:46.079 25600 25600 W Resources: Preloaded drawable resource #0x108024a (android:drawable/btn_toggle_off_disabled_focused_holo_dark) that varies with configuration!!
10-09 19:25:46.083 25600 25600 I art     : Explicit concurrent mark sweep GC freed 69(53KB) AllocSpace objects, 0(0B) LOS objects, 66% free, 1639KB/4MB, paused 79us total 4.040ms
10-09 19:25:46.084 25600 25600 W Resources: Preloaded drawable resource #0x108025c (android:drawable/btn_toggle_on_normal_holo_light) that varies with configuration!!
10-09 19:25:46.085 25600 25600 W Resources: Preloaded drawable resource #0x1080258 (android:drawable/btn_toggle_on_disabled_holo_light) that varies with configuration!!
10-09 19:25:46.086 25600 25600 W Resources: Preloaded drawable resource #0x108025e (android:drawable/btn_toggle_on_pressed_holo_light) that varies with configuration!!
10-09 19:25:46.086 25600 25600 W Resources: Preloaded drawable resource #0x108025a (android:drawable/btn_toggle_on_focused_holo_light) that varies with configuration!!
10-09 19:25:46.087 25600 25600 W Resources: Preloaded drawable resource #0x108025c (android:drawable/btn_toggle_on_normal_holo_light) that varies with configuration!!
10-09 19:25:46.088 25600 25600 W Resources: Preloaded drawable resource #0x1080256 (android:drawable/btn_toggle_on_disabled_focused_holo_light) that varies with configuration!!
10-09 19:25:46.088 25600 25600 W Resources: Preloaded drawable resource #0x1080258 (android:drawable/btn_toggle_on_disabled_holo_light) that varies with configuration!!
10-09 19:25:46.089 25600 25600 W Resources: Preloaded drawable resource #0x1080251 (android:drawable/btn_toggle_off_normal_holo_light) that varies with configuration!!
10-09 19:25:46.089 25600 25600 W Resources: Preloaded drawable resource #0x108024d (android:drawable/btn_toggle_off_disabled_holo_light) that varies with configuration!!
10-09 19:25:46.090 25600 25600 W Resources: Preloaded drawable resource #0x1080253 (android:drawable/btn_toggle_off_pressed_holo_light) that varies with configuration!!
10-09 19:25:46.091 25600 25600 W Resources: Preloaded drawable resource #0x108024f (android:drawable/btn_toggle_off_focused_holo_light) that varies with configuration!!
10-09 19:25:46.091 25600 25600 W Resources: Preloaded drawable resource #0x1080251 (android:drawable/btn_toggle_off_normal_holo_light) that varies with configuration!!
10-09 19:25:46.092 25600 25600 W Resources: Preloaded drawable resource #0x108024b (android:drawable/btn_toggle_off_disabled_focused_holo_light) that varies with configuration!!
10-09 19:25:46.093 25600 25600 W Resources: Preloaded drawable resource #0x108024d (android:drawable/btn_toggle_off_disabled_holo_light) that varies with configuration!!
10-09 19:25:46.093 25600 25600 W Resources: Preloaded drawable resource #0x1080246 (android:drawable/btn_toggle_holo_light) that varies with configuration!!
10-09 19:25:46.097 25600 25600 I art     : Explicit concurrent mark sweep GC freed 371(72KB) AllocSpace objects, 0(0B) LOS objects, 66% free, 1943KB/5MB, paused 77us total 4.019ms
10-09 19:25:46.098 25600 25600 W Resources: Preloaded drawable resource #0x108025b (android:drawable/btn_toggle_on_normal_holo_dark) that varies with configuration!!
10-09 19:25:46.099 25600 25600 W Resources: Preloaded drawable resource #0x1080257 (android:drawable/btn_toggle_on_disabled_holo_dark) that varies with configuration!!
10-09 19:25:46.099 25600 25600 W Resources: Preloaded drawable resource #0x108025d (android:drawable/btn_toggle_on_pressed_holo_dark) that varies with configuration!!
10-09 19:25:46.100 25600 25600 W Resources: Preloaded drawable resource #0x1080259 (android:drawable/btn_toggle_on_focused_holo_dark) that varies with configuration!!
10-09 19:25:46.101 25600 25600 W Resources: Preloaded drawable resource #0x108025b (android:drawable/btn_toggle_on_normal_holo_dark) that varies with configuration!!
10-09 19:25:46.101 25600 25600 W Resources: Preloaded drawable resource #0x1080255 (android:drawable/btn_toggle_on_disabled_focused_holo_dark) that varies with configuration!!
10-09 19:25:46.102 25600 25600 W Resources: Preloaded drawable resource #0x1080257 (android:drawable/btn_toggle_on_disabled_holo_dark) that varies with configuration!!
10-09 19:25:46.103 25600 25600 W Resources: Preloaded drawable resource #0x1080250 (android:drawable/btn_toggle_off_normal_holo_dark) that varies with configuration!!
10-09 19:25:46.103 25600 25600 W Resources: Preloaded drawable resource #0x108024c (android:drawable/btn_toggle_off_disabled_holo_dark) that varies with configuration!!
10-09 19:25:46.104 25600 25600 W Resources: Preloaded drawable resource #0x1080252 (android:drawable/btn_toggle_off_pressed_holo_dark) that varies with configuration!!
10-09 19:25:46.104 25600 25600 W Resources: Preloaded drawable resource #0x108024e (android:drawable/btn_toggle_off_focused_holo_dark) that varies with configuration!!
10-09 19:25:46.105 25600 25600 W Resources: Preloaded drawable resource #0x1080250 (android:drawable/btn_toggle_off_normal_holo_dark) that varies with configuration!!
10-09 19:25:46.106 25600 25600 W Resources: Preloaded drawable resource #0x108024a (android:drawable/btn_toggle_off_disabled_focused_holo_dark) that varies with configuration!!
10-09 19:25:46.106 25600 25600 W Resources: Preloaded drawable resource #0x108024c (android:drawable/btn_toggle_off_disabled_holo_dark) that varies with configuration!!
10-09 19:25:46.106 25600 25600 W Resources: Preloaded drawable resource #0x1080245 (android:drawable/btn_toggle_holo_dark) that varies with configuration!!
10-09 19:25:46.111 25600 25600 I art     : Explicit concurrent mark sweep GC freed 528(377KB) AllocSpace objects, 0(0B) LOS objects, 66% free, 1944KB/5MB, paused 79us total 4.121ms
10-09 19:25:46.122 25600 25600 W Resources: Preloaded drawable resource #0x108071d (android:drawable/textfield_multiline_default_holo_light) that varies with configuration!!
10-09 19:25:46.123 25600 25600 W Resources: Preloaded drawable resource #0x1080721 (android:drawable/textfield_multiline_disabled_holo_light) that varies with configuration!!
10-09 19:25:46.123 25600 25600 W Resources: Preloaded drawable resource #0x108071b (android:drawable/textfield_multiline_activated_holo_light) that varies with configuration!!
10-09 19:25:46.124 25600 25600 W Resources: Preloaded drawable resource #0x1080723 (android:drawable/textfield_multiline_focused_holo_light) that varies with configuration!!
10-09 19:25:46.125 25600 25600 W Resources: Preloaded drawable resource #0x108071d (android:drawable/textfield_multiline_default_holo_light) that varies with configuration!!
10-09 19:25:46.125 25600 25600 W Resources: Preloaded drawable resource #0x108071f (android:drawable/textfield_multiline_disabled_focused_holo_light) that varies with configuration!!
10-09 19:25:46.126 25600 25600 W Resources: Preloaded drawable resource #0x1080721 (android:drawable/textfield_multiline_disabled_holo_light) that varies with configuration!!
10-09 19:25:46.127 25600 25600 W Resources: Preloaded drawable resource #0x108070f (android:drawable/textfield_default_holo_light) that varies with configuration!!
10-09 19:25:46.127 25600 25600 W Resources: Preloaded drawable resource #0x1080715 (android:drawable/textfield_disabled_holo_light) that varies with configuration!!
10-09 19:25:46.128 25600 25600 W Resources: Preloaded drawable resource #0x1080706 (android:drawable/textfield_activated_holo_light) that varies with configuration!!
10-09 19:25:46.128 25600 25600 W Resources: Preloaded drawable resource #0x1080718 (android:drawable/textfield_focused_holo_light) that varies with configuration!!
10-09 19:25:46.129 25600 25600 W Resources: Preloaded drawable resource #0x108070f (android:drawable/textfield_default_holo_light) that varies with configuration!!
10-09 19:25:46.130 25600 25600 W Resources: Preloaded drawable resource #0x1080713 (android:drawable/textfield_disabled_focused_holo_light) that varies with configuration!!
10-09 19:25:46.130 25600 25600 W Resources: Preloaded drawable resource #0x1080715 (android:drawable/textfield_disabled_holo_light) that varies with configuration!!
10-09 19:25:46.130 25600 25600 W Resources: Preloaded drawable resource #0x10802c6 (android:drawable/edit_text_holo_light) that varies with configuration!!
10-09 19:25:46.134 25600 25600 I art     : Explicit concurrent mark sweep GC freed 514(377KB) AllocSpace objects, 0(0B) LOS objects, 66% free, 1945KB/5MB, paused 75us total 3.925ms
10-09 19:25:46.136 25600 25600 W Resources: Preloaded drawable resource #0x108071c (android:drawable/textfield_multiline_default_holo_dark) that varies with configuration!!
10-09 19:25:46.136 25600 25600 W Resources: Preloaded drawable resource #0x1080720 (android:drawable/textfield_multiline_disabled_holo_dark) that varies with configuration!!
10-09 19:25:46.137 25600 25600 W Resources: Preloaded drawable resource #0x108071a (android:drawable/textfield_multiline_activated_holo_dark) that varies with configuration!!
10-09 19:25:46.138 25600 25600 W Resources: Preloaded drawable resource #0x1080722 (android:drawable/textfield_multiline_focused_holo_dark) that varies with configuration!!
10-09 19:25:46.138 25600 25600 W Resources: Preloaded drawable resource #0x108071c (android:drawable/textfield_multiline_default_holo_dark) that varies with configuration!!
10-09 19:25:46.139 25600 25600 W Resources: Preloaded drawable resource #0x108071e (android:drawable/textfield_multiline_disabled_focused_holo_dark) that varies with configuration!!
10-09 19:25:46.139 25600 25600 W Resources: Preloaded drawable resource #0x1080720 (android:drawable/textfield_multiline_disabled_holo_dark) that varies with configuration!!
10-09 19:25:46.140 25600 25600 W Resources: Preloaded drawable resource #0x108070e (android:drawable/textfield_default_holo_dark) that varies with configuration!!
10-09 19:25:46.141 25600 25600 W Resources: Preloaded drawable resource #0x1080714 (android:drawable/textfield_disabled_holo_dark) that varies with configuration!!
10-09 19:25:46.141 25345 25663 I MY_DEBUG_OPENGL_E: planB constructor CallGraphicBuffer
10-09 19:25:46.141 25345 25663 I MY_DEBUG_OPENGL_E: planB constructor end CallGraphicBuffer
10-09 19:25:46.141 25345 25663 I SHENG_DEBUG_OPENGL_D: 'GB01'=47423031 'GBFR'=47424652 buf[0]=47423031
10-09 19:25:46.141 25345 25663 D gralloc : [get_alloc_size] usage: 0x1a00 has GRALLOC_USAGE_HW_FB
10-09 19:25:46.141 25345 25663 I SHENG_DEBUG_OPENGL_D: 
10-09 19:25:46.141 25345 25663 I SHENG_DEBUG_OPENGL_D: [0]63526810=5f626672 
10-09 19:25:46.141 25600 25600 W Resources: Preloaded drawable resource #0x1080705 (android:drawable/textfield_activated_holo_dark) that varies with configuration!!
10-09 19:25:46.141 25345 25663 I SHENG_DEBUG_OPENGL_D: [1]63526814=a8 
10-09 19:25:46.141 25345 25663 I SHENG_DEBUG_OPENGL_D: [2]63526818=0 
10-09 19:25:46.141 25345 25663 I SHENG_DEBUG_OPENGL_D: [3]6352681c=0 
10-09 19:25:46.141 25345 25663 I SHENG_DEBUG_OPENGL_D: [4]63526820=0 
10-09 19:25:46.141 25345 25663 I SHENG_DEBUG_OPENGL_D: [5]63526824=0 
10-09 19:25:46.141 25345 25663 I SHENG_DEBUG_OPENGL_D: [6]63526828=0 
10-09 19:25:46.141 25345 25663 I SHENG_DEBUG_OPENGL_D: [7]6352682c=0 
10-09 19:25:46.141 25345 25663 I SHENG_DEBUG_OPENGL_D: [8]63526830=0 
10-09 19:25:46.141 25345 25663 I SHENG_DEBUG_OPENGL_D: [9]63526834=0 
10-09 19:25:46.141 25345 25663 I SHENG_DEBUG_OPENGL_D: 
10-09 19:25:46.141 25345 25663 I SHENG_DEBUG_OPENGL_D: [10]63526838=f0e23858 
10-09 19:25:46.141 25345 25663 I SHENG_DEBUG_OPENGL_D: [11]6352683c=72 
10-09 19:25:46.141 25345 25663 I SHENG_DEBUG_OPENGL_D: [12]63526840=f0e23870 
10-09 19:25:46.141 25345 25663 I SHENG_DEBUG_OPENGL_D: [13]63526844=72 
10-09 19:25:46.141 25345 25663 I SHENG_DEBUG_OPENGL_D: [14]63526848=438 
10-09 19:25:46.141 25345 25663 I SHENG_DEBUG_OPENGL_D: [15]6352684c=8c0 
10-09 19:25:46.141 25345 25663 I SHENG_DEBUG_OPENGL_D: [16]63526850=440 
10-09 19:25:46.141 25345 25663 I SHENG_DEBUG_OPENGL_D: [17]63526854=1 
10-09 19:25:46.141 25345 25663 I SHENG_DEBUG_OPENGL_D: [18]63526858=1a00 
10-09 19:25:46.141 25345 25663 I SHENG_DEBUG_OPENGL_D: [19]6352685c=72 
10-09 19:25:46.141 25345 25663 I SHENG_DEBUG_OPENGL_D: 
10-09 19:25:46.141 25345 25663 I SHENG_DEBUG_OPENGL_D: [20]63526860=1 
10-09 19:25:46.141 25345 25663 I SHENG_DEBUG_OPENGL_D: [21]63526864=0 
10-09 19:25:46.141 25345 25663 I SHENG_DEBUG_OPENGL_D: [22]63526868=634c2ce0 
10-09 19:25:46.141 25345 25663 I SHENG_DEBUG_OPENGL_D: [23]6352686c=72 
10-09 19:25:46.141 25345 25663 I SHENG_DEBUG_OPENGL_D: [24]63526870=6341d740 
10-09 19:25:46.141 25345 25663 I SHENG_DEBUG_OPENGL_D: [25]63526874=72 
10-09 19:25:46.141 25345 25663 I SHENG_DEBUG_OPENGL_D: [26]63526878=1a00 
10-09 19:25:46.141 25345 25663 I SHENG_DEBUG_OPENGL_D: [27]6352687c=0 
10-09 19:25:46.141 25345 25663 I SHENG_DEBUG_OPENGL_D: [28]63526880=634c2f80 
10-09 19:25:46.141 25345 25663 I SHENG_DEBUG_OPENGL_D: [29]63526884=72 
10-09 19:25:46.141 25345 25663 I SHENG_DEBUG_OPENGL_D: 
10-09 19:25:46.141 25345 25663 I SHENG_DEBUG_OPENGL_D: [30]63526888=634c3060 
10-09 19:25:46.141 25345 25663 I SHENG_DEBUG_OPENGL_D: [31]6352688c=72 
10-09 19:25:46.141 25345 25663 I SHENG_DEBUG_OPENGL_D: log x1=1600284274 version=168
10-09 19:25:46.141 25345 25663 I SHENG_DEBUG_OPENGL_D: recv ANativeWindowBuffer = 0x7263526810
10-09 19:25:46.141 25345 25663 I SHENG_DEBUG_OPENGL_D: recv ANativeWindowBuffer h=2240(0x8c0) w=1080(0x438)
10-09 19:25:46.141 25345 25663 I SHENG_DEBUG_OPENGL_D: recv ANativeWindowBuffer buffer[1]=1080 buffer[2]=2240
10-09 19:25:46.141 25345 25663 E SHENG_DEBUG_OPENGL_E: recv colorbuffer=1 fd_count=0
10-09 19:25:46.141 25345 25663 I SHENG_DEBUG_OPENGL_D: send ok ANativeWindowBuffer
10-09 19:25:46.142 25345 25664 W MY_DEBUG_OPENGL_E: CreateNATIVE_BUFFEREGLImage2 error anwb->handle=0x726341d740 w=1080 int h=2240 int format=0x1908 int usage=0x1a00
10-09 19:25:46.142 25600 25600 W Resources: Preloaded drawable resource #0x1080717 (android:drawable/textfield_focused_holo_dark) that varies with configuration!!
10-09 19:25:46.143 25600 25600 W Resources: Preloaded drawable resource #0x108070e (android:drawable/textfield_default_holo_dark) that varies with configuration!!
10-09 19:25:46.143 25345 25664 W MY_DEBUG_OPENGL_E: EGLClientBuffer NATIVE_Image tang 13 0x71ce9eb720
10-09 19:25:46.144 25600 25600 W Resources: Preloaded drawable resource #0x1080712 (android:drawable/textfield_disabled_focused_holo_dark) that varies with configuration!!
10-09 19:25:46.145 25600 25600 W Resources: Preloaded drawable resource #0x1080714 (android:drawable/textfield_disabled_holo_dark) that varies with configuration!!
10-09 19:25:46.145 25600 25600 W Resources: Preloaded drawable resource #0x10802c5 (android:drawable/edit_text_holo_dark) that varies with configuration!!
10-09 19:25:46.150 25600 25600 I art     : Explicit concurrent mark sweep GC freed 514(376KB) AllocSpace objects, 0(0B) LOS objects, 66% free, 1946KB/5MB, paused 78us total 4.734ms
10-09 19:25:46.156 25600 25600 W Resources: Preloaded drawable resource #0x10806fc (android:drawable/text_select_handle_left) that varies with configuration!!
10-09 19:25:46.162 25600 25600 I art     : Explicit concurrent mark sweep GC freed 218(356KB) AllocSpace objects, 0(0B) LOS objects, 66% free, 1675KB/4MB, paused 80us total 5.901ms
10-09 19:25:46.165 25600 25600 W Resources: Preloaded drawable resource #0x1080702 (android:drawable/text_select_handle_right) that varies with configuration!!
10-09 19:25:46.169 25600 25600 I art     : Explicit concurrent mark sweep GC freed 36(82KB) AllocSpace objects, 0(0B) LOS objects, 66% free, 1675KB/4MB, paused 80us total 4.213ms
10-09 19:25:46.170 25345 25345 D LauncherActivity: FullDialog progress=32
10-09 19:25:46.170 25600 25600 W Resources: Preloaded drawable resource #0x10806f9 (android:drawable/text_edit_paste_window) that varies with configuration!!
10-09 19:25:46.173 25593 25593 D SurfaceFlinger: log buf[1]=1080 buf[2]=2240 buf[3]=1088 buf[4]=1
10-09 19:25:46.173 25593 25593 D SurfaceFlinger: send ret=0 anwb->handle->numInts=64 gbp->getFdCount()=3 size=308 fds=47 FdCount=3
10-09 19:25:46.174 25600 25600 W Resources: Preloaded drawable resource #0x10802dd (android:drawable/expander_close_holo_dark) that varies with configuration!!
10-09 19:25:46.174 25593 25593 D SurfaceFlinger: connect=41 once=1
10-09 19:25:46.174 25593 25593 E SurfaceFlinger: sunlog sennd fd[0] = 44
10-09 19:25:46.174 25593 25593 E SurfaceFlinger: sunlog sennd fd[1] = 45
10-09 19:25:46.174 25593 25593 E SurfaceFlinger: sunlog sennd fd[2] = 46
10-09 19:25:46.174 25593 25593 E SurfaceFlinger: sunlog sendmsg size = 308
10-09 19:25:46.174 25345 25667 I MY_DEBUG_OPENGL_E: planB constructor CallGraphicBuffer
10-09 19:25:46.174 25345 25667 I MY_DEBUG_OPENGL_E: planB constructor end CallGraphicBuffer
10-09 19:25:46.174 25345 25667 I SHENG_DEBUG_OPENGL_D: 'GB01'=47423031 'GBFR'=47424652 buf[0]=47423031
10-09 19:25:46.174 25593 25593 D SurfaceFlinger: send=308
10-09 19:25:46.175 25345 25667 D gralloc : [get_alloc_size] usage: 0x1a00 has GRALLOC_USAGE_HW_FB
10-09 19:25:46.175 25345 25667 I SHENG_DEBUG_OPENGL_D: 
10-09 19:25:46.175 25345 25667 I SHENG_DEBUG_OPENGL_D: [0]ef21b810=5f626672 
10-09 19:25:46.175 25345 25667 I SHENG_DEBUG_OPENGL_D: [1]ef21b814=a8 
10-09 19:25:46.175 25345 25667 I SHENG_DEBUG_OPENGL_D: [2]ef21b818=0 
10-09 19:25:46.175 25345 25667 I SHENG_DEBUG_OPENGL_D: [3]ef21b81c=0 
10-09 19:25:46.175 25345 25667 I SHENG_DEBUG_OPENGL_D: [4]ef21b820=0 
10-09 19:25:46.175 25345 25667 I SHENG_DEBUG_OPENGL_D: [5]ef21b824=0 
10-09 19:25:46.175 25345 25667 I SHENG_DEBUG_OPENGL_D: [6]ef21b828=0 
10-09 19:25:46.175 25345 25667 I SHENG_DEBUG_OPENGL_D: [7]ef21b82c=0 
10-09 19:25:46.175 25345 25667 I SHENG_DEBUG_OPENGL_D: [8]ef21b830=0 
10-09 19:25:46.175 25345 25667 I SHENG_DEBUG_OPENGL_D: [9]ef21b834=0 
10-09 19:25:46.175 25345 25667 I SHENG_DEBUG_OPENGL_D: 
10-09 19:25:46.175 25345 25667 I SHENG_DEBUG_OPENGL_D: [10]ef21b838=f0e23858 
10-09 19:25:46.175 25345 25667 I SHENG_DEBUG_OPENGL_D: [11]ef21b83c=72 
10-09 19:25:46.175 25345 25667 I SHENG_DEBUG_OPENGL_D: [12]ef21b840=f0e23870 
10-09 19:25:46.175 25345 25667 I SHENG_DEBUG_OPENGL_D: [13]ef21b844=72 
10-09 19:25:46.175 25345 25667 I SHENG_DEBUG_OPENGL_D: [14]ef21b848=438 
10-09 19:25:46.175 25345 25667 I SHENG_DEBUG_OPENGL_D: [15]ef21b84c=8c0 
10-09 19:25:46.175 25345 25667 I SHENG_DEBUG_OPENGL_D: [16]ef21b850=440 
10-09 19:25:46.175 25345 25667 I SHENG_DEBUG_OPENGL_D: [17]ef21b854=1 
10-09 19:25:46.175 25345 25667 I SHENG_DEBUG_OPENGL_D: [18]ef21b858=1a00 
10-09 19:25:46.175 25345 25667 I SHENG_DEBUG_OPENGL_D: [19]ef21b85c=0 
10-09 19:25:46.175 25345 25667 I SHENG_DEBUG_OPENGL_D: 
10-09 19:25:46.175 25345 25667 I SHENG_DEBUG_OPENGL_D: [20]ef21b860=1 
10-09 19:25:46.175 25345 25667 I SHENG_DEBUG_OPENGL_D: [21]ef21b864=0 
10-09 19:25:46.175 25345 25667 I SHENG_DEBUG_OPENGL_D: [22]ef21b868=0 
10-09 19:25:46.175 25345 25667 I SHENG_DEBUG_OPENGL_D: [23]ef21b86c=0 
10-09 19:25:46.175 25345 25667 I SHENG_DEBUG_OPENGL_D: [24]ef21b870=56af0000 
10-09 19:25:46.175 25345 25667 I SHENG_DEBUG_OPENGL_D: [25]ef21b874=72 
10-09 19:25:46.175 25345 25667 I SHENG_DEBUG_OPENGL_D: [26]ef21b878=1a00 
10-09 19:25:46.175 25345 25667 I SHENG_DEBUG_OPENGL_D: [27]ef21b87c=0 
10-09 19:25:46.175 25345 25667 I SHENG_DEBUG_OPENGL_D: [28]ef21b880=0 
10-09 19:25:46.175 25345 25667 I SHENG_DEBUG_OPENGL_D: [29]ef21b884=0 
10-09 19:25:46.175 25345 25667 I SHENG_DEBUG_OPENGL_D: 
10-09 19:25:46.175 25345 25667 I SHENG_DEBUG_OPENGL_D: [30]ef21b888=0 
10-09 19:25:46.175 25345 25667 I SHENG_DEBUG_OPENGL_D: [31]ef21b88c=0 
10-09 19:25:46.175 25345 25667 I SHENG_DEBUG_OPENGL_D: log x1=1600284274 version=168
10-09 19:25:46.175 25345 25667 I SHENG_DEBUG_OPENGL_D: recv ANativeWindowBuffer = 0x71ef21b810
10-09 19:25:46.175 25345 25667 I SHENG_DEBUG_OPENGL_D: recv ANativeWindowBuffer h=2240(0x8c0) w=1080(0x438)
10-09 19:25:46.175 25345 25667 I SHENG_DEBUG_OPENGL_D: recv ANativeWindowBuffer buffer[1]=1080 buffer[2]=2240
10-09 19:25:46.175 25345 25667 E SHENG_DEBUG_OPENGL_E: recv colorbuffer=2 fd_count=0
10-09 19:25:46.175 25345 25667 I SHENG_DEBUG_OPENGL_D: send ok ANativeWindowBuffer
10-09 19:25:46.175 25345 25664 W MY_DEBUG_OPENGL_E: CreateNATIVE_BUFFEREGLImage2 error anwb->handle=0x7256af0000 w=1080 int h=2240 int format=0x1908 int usage=0x1a00
10-09 19:25:46.176 25345 25664 W MY_DEBUG_OPENGL_E: EGLClientBuffer NATIVE_Image tang 13 0x71ce9eb7d8
10-09 19:25:46.182 25600 25600 I art     : Explicit concurrent mark sweep GC freed 53(84KB) AllocSpace objects, 0(0B) LOS objects, 66% free, 1652KB/4MB, paused 198us total 8.299ms
10-09 19:25:46.184 25600 25600 W Resources: Preloaded drawable resource #0x10802de (android:drawable/expander_close_holo_light) that varies with configuration!!
10-09 19:25:46.185 25600 25600 W Resources: Preloaded drawable resource #0x10802dd (android:drawable/expander_close_holo_dark) that varies with configuration!!
10-09 19:25:46.186 25600 25600 W Resources: Preloaded drawable resource #0x10802e6 (android:drawable/expander_open_holo_dark) that varies with configuration!!
10-09 19:25:46.186 25600 25600 W Resources: Preloaded drawable resource #0x10802e1 (android:drawable/expander_group_holo_dark) that varies with configuration!!
10-09 19:25:46.190 25600 25600 I art     : Explicit concurrent mark sweep GC freed 110(61KB) AllocSpace objects, 0(0B) LOS objects, 66% free, 1685KB/4MB, paused 77us total 4.144ms
10-09 19:25:46.193 25600 25600 W Resources: Preloaded drawable resource #0x10802de (android:drawable/expander_close_holo_light) that varies with configuration!!
10-09 19:25:46.195 25600 25600 W Resources: Preloaded drawable resource #0x10802e7 (android:drawable/expander_open_holo_light) that varies with configuration!!
10-09 19:25:46.195 25600 25600 W Resources: Preloaded drawable resource #0x10802e2 (android:drawable/expander_group_holo_light) that varies with configuration!!
10-09 19:25:46.202 25600 25600 I art     : Explicit concurrent mark sweep GC freed 116(93KB) AllocSpace objects, 0(0B) LOS objects, 66% free, 1655KB/4MB, paused 164us total 6.883ms
10-09 19:25:46.204 25600 25600 W Resources: Preloaded drawable resource #0x10804bd (android:drawable/list_selector_disabled_holo_dark) that varies with configuration!!
10-09 19:25:46.205 25600 25600 W Resources: Preloaded drawable resource #0x10804bd (android:drawable/list_selector_disabled_holo_dark) that varies with configuration!!
10-09 19:25:46.208 25600 25600 W Resources: Preloaded drawable resource #0x108049c (android:drawable/list_pressed_holo_dark) that varies with configuration!!
10-09 19:25:46.208 25600 25600 W Resources: Preloaded drawable resource #0x108049a (android:drawable/list_longpressed_holo_dark) that varies with configuration!!
10-09 19:25:46.209 25600 25600 W Resources: Preloaded drawable resource #0x10804ba (android:drawable/list_selector_background_transition_holo_dark) that varies with configuration!!
